Component: ARM Compiler 5.06 update 3 (build 300) Tool: armlink [4d35c9]

==============================================================================

Section Cross References

    startup_stm32f407xx.o(STACK) refers (Special) to heapauxi.o(.text) for __use_two_region_memory
    startup_stm32f407xx.o(HEAP) refers (Special) to heapauxi.o(.text) for __use_two_region_memory
    startup_stm32f407xx.o(RESET) refers (Special) to heapauxi.o(.text) for __use_two_region_memory
    startup_stm32f407xx.o(RESET) refers to startup_stm32f407xx.o(STACK) for __initial_sp
    startup_stm32f407xx.o(RESET) refers to startup_stm32f407xx.o(.text) for Reset_Handler
    startup_stm32f407xx.o(RESET) refers to stm32f4xx_it.o(i.NMI_Handler) for NMI_Handler
    startup_stm32f407xx.o(RESET) refers to stm32f4xx_it.o(i.HardFault_Handler) for HardFault_Handler
    startup_stm32f407xx.o(RESET) refers to stm32f4xx_it.o(i.MemManage_Handler) for MemManage_Handler
    startup_stm32f407xx.o(RESET) refers to stm32f4xx_it.o(i.BusFault_Handler) for BusFault_Handler
    startup_stm32f407xx.o(RESET) refers to stm32f4xx_it.o(i.UsageFault_Handler) for UsageFault_Handler
    startup_stm32f407xx.o(RESET) refers to stm32f4xx_it.o(i.SVC_Handler) for SVC_Handler
    startup_stm32f407xx.o(RESET) refers to stm32f4xx_it.o(i.DebugMon_Handler) for DebugMon_Handler
    startup_stm32f407xx.o(RESET) refers to stm32f4xx_it.o(i.PendSV_Handler) for PendSV_Handler
    startup_stm32f407xx.o(RESET) refers to stm32f4xx_it.o(i.SysTick_Handler) for SysTick_Handler
    startup_stm32f407xx.o(.text) refers (Special) to heapauxi.o(.text) for __use_two_region_memory
    startup_stm32f407xx.o(.text) refers to system_stm32f4xx.o(i.SystemInit) for SystemInit
    startup_stm32f407xx.o(.text) refers to __main.o(!!!main) for __main
    startup_stm32f407xx.o(.text) refers to startup_stm32f407xx.o(HEAP) for Heap_Mem
    startup_stm32f407xx.o(.text) refers to startup_stm32f407xx.o(STACK) for Stack_Mem
    main.o(i.SystemClock_Config) refers to rt_memclr_w.o(.text) for __aeabi_memclr4
    main.o(i.SystemClock_Config) refers to stm32f4xx_hal_rcc.o(i.HAL_RCC_OscConfig) for HAL_RCC_OscConfig
    main.o(i.SystemClock_Config) refers to main.o(i.Error_Handler) for Error_Handler
    main.o(i.SystemClock_Config) refers to stm32f4xx_hal_rcc.o(i.HAL_RCC_ClockConfig) for HAL_RCC_ClockConfig
    main.o(i.main) refers to _printf_percent.o(.ARM.Collect$$_printf_percent$$00000000) for _printf_percent
    main.o(i.main) refers to _printf_d.o(.ARM.Collect$$_printf_percent$$00000009) for _printf_d
    main.o(i.main) refers to _printf_dec.o(.text) for _printf_int_dec
    main.o(i.main) refers to stm32f4xx_hal.o(i.HAL_Init) for HAL_Init
    main.o(i.main) refers to main.o(i.SystemClock_Config) for SystemClock_Config
    main.o(i.main) refers to gpio.o(i.MX_GPIO_Init) for MX_GPIO_Init
    main.o(i.main) refers to spi.o(i.MX_SPI1_Init) for MX_SPI1_Init
    main.o(i.main) refers to tim.o(i.MX_TIM7_Init) for MX_TIM7_Init
    main.o(i.main) refers to usart.o(i.MX_USART1_UART_Init) for MX_USART1_UART_Init
    main.o(i.main) refers to __2printf.o(.text) for __2printf
    main.o(i.main) refers to w5500_conf.o(i.gpio_for_w5500_config) for gpio_for_w5500_config
    main.o(i.main) refers to w5500_conf.o(i.reset_w5500) for reset_w5500
    main.o(i.main) refers to w5500_conf.o(i.set_w5500_mac) for set_w5500_mac
    main.o(i.main) refers to w5500_conf.o(i.set_w5500_ip) for set_w5500_ip
    main.o(i.main) refers to w5500.o(i.socket_buf_init) for socket_buf_init
    main.o(i.main) refers to tcp_demo.o(i.do_tcp_client) for do_tcp_client
    main.o(i.main) refers to w5500.o(.data) for rxsize
    main.o(i.main) refers to w5500_conf.o(.data) for remote_ip
    gpio.o(i.MX_GPIO_Init) refers to rt_memclr_w.o(.text) for __aeabi_memclr4
    gpio.o(i.MX_GPIO_Init) refers to stm32f4xx_hal_gpio.o(i.HAL_GPIO_Init) for HAL_GPIO_Init
    gpio.o(i.MX_GPIO_Init) refers to stm32f4xx_hal_gpio.o(i.HAL_GPIO_WritePin) for HAL_GPIO_WritePin
    spi.o(i.HAL_SPI_MspDeInit) refers to stm32f4xx_hal_gpio.o(i.HAL_GPIO_DeInit) for HAL_GPIO_DeInit
    spi.o(i.HAL_SPI_MspInit) refers to rt_memclr_w.o(.text) for __aeabi_memclr4
    spi.o(i.HAL_SPI_MspInit) refers to stm32f4xx_hal_gpio.o(i.HAL_GPIO_Init) for HAL_GPIO_Init
    spi.o(i.MX_SPI1_Init) refers to stm32f4xx_hal_spi.o(i.HAL_SPI_Init) for HAL_SPI_Init
    spi.o(i.MX_SPI1_Init) refers to main.o(i.Error_Handler) for Error_Handler
    spi.o(i.MX_SPI1_Init) refers to spi.o(.bss) for hspi1
    spi.o(i.SPI_SendByte) refers to stm32f4xx_hal_spi.o(i.HAL_SPI_TransmitReceive) for HAL_SPI_TransmitReceive
    spi.o(i.SPI_SendByte) refers to spi.o(.bss) for hspi1
    spi.o(i.wiz_cs) refers to stm32f4xx_hal_gpio.o(i.HAL_GPIO_WritePin) for HAL_GPIO_WritePin
    tim.o(i.MX_TIM7_Init) refers to stm32f4xx_hal_tim.o(i.HAL_TIM_Base_Init) for HAL_TIM_Base_Init
    tim.o(i.MX_TIM7_Init) refers to main.o(i.Error_Handler) for Error_Handler
[...]
    ../clib/misc.s                           0x00000000   Number         0  printf_stubs.o ABSOLUTE
    ../clib/printf.c                         0x00000000   Number         0  _sputc.o ABSOLUTE
    ../clib/printf.c                         0x00000000   Number         0  _printf_char_common.o ABSOLUTE
    ../clib/printf.c                         0x00000000   Number         0  _printf_charcount.o ABSOLUTE
    ../clib/printf.c                         0x00000000   Number         0  _printf_intcommon.o ABSOLUTE
    ../clib/printf.c                         0x00000000   Number         0  _printf_fp_infnan.o ABSOLUTE
    ../clib/printf.c                         0x00000000   Number         0  _printf_truncate.o ABSOLUTE
    ../clib/printf.c                         0x00000000   Number         0  __printf_ss_wp.o ABSOLUTE
    ../clib/printf.c                         0x00000000   Number         0  _printf_char.o ABSOLUTE
    ../clib/printf.c                         0x00000000   Number         0  _printf_hex_ll_ptr.o ABSOLUTE
    ../clib/printf.c                         0x00000000   Number         0  _printf_wchar.o ABSOLUTE
    ../clib/printf.c                         0x00000000   Number         0  __printf_nopercent.o ABSOLUTE
    ../clib/printf.c                         0x00000000   Number         0  _printf_fp_hex.o ABSOLUTE
    ../clib/printf.c                         0x00000000   Number         0  _printf_fp_dec.o ABSOLUTE
    ../clib/printf.c                         0x00000000   Number         0  _printf_hex_int_ptr.o ABSOLUTE
    ../clib/printf.c                         0x00000000   Number         0  _printf_hex_ptr.o ABSOLUTE
    ../clib/printf.c                         0x00000000   Number         0  _printf_hex_int_ll.o ABSOLUTE
    ../clib/printf.c                         0x00000000   Number         0  _printf_hex_int.o ABSOLUTE
    ../clib/printf.c                         0x00000000   Number         0  _printf_hex_ll.o ABSOLUTE
    ../clib/printf.c                         0x00000000   Number         0  _printf_str.o ABSOLUTE
    ../clib/printf.c                         0x00000000   Number         0  _printf_pad.o ABSOLUTE
    ../clib/printf.c                         0x00000000   Number         0  __printf.o ABSOLUTE
    ../clib/printf.c                         0x00000000   Number         0  noretval__2sprintf.o ABSOLUTE
    ../clib/printf.c                         0x00000000   Number         0  noretval__2printf.o ABSOLUTE
    ../clib/printf.c                         0x00000000   Number         0  __2sprintf.o ABSOLUTE
    ../clib/printf.c                         0x00000000   Number         0  __2printf.o ABSOLUTE
    ../clib/printf.c                         0x00000000   Number         0  printf.o ABSOLUTE
    ../clib/printf.c                         0x00000000   Number         0  __printf_flags_ss_wp.o ABSOLUTE
    ../clib/printf.c                         0x00000000   Number         0  __printf_wp.o ABSOLUTE
    ../clib/printf.c                         0x00000000   Number         0  __printf_flags_wp.o ABSOLUTE
    ../clib/printf.c                         0x00000000   Number         0  __printf_flags_ss.o ABSOLUTE
    ../clib/printf.c                         0x00000000   Number         0  _printf_dec.o ABSOLUTE
    ../clib/printf.c                         0x00000000   Number         0  __printf_ss.o ABSOLUTE
    ../clib/printf.c                         0x00000000   Number         0  _printf_oct_int_ll.o ABSOLUTE
    ../clib/printf.c                         0x00000000   Number         0  __printf_flags.o ABSOLUTE
    ../clib/printf.c                         0x00000000   Number         0  _printf_oct_int.o ABSOLUTE
    ../clib/printf.c                         0x00000000   Number         0  _printf_hex_int_ll_ptr.o ABSOLUTE
    ../clib/printf.c                         0x00000000   Number         0  _printf_oct_ll.o ABSOLUTE
    ../clib/printf.c                         0x00000000   Number         0  _printf_longlong_dec.o ABSOLUTE
    ../clib/printf.c                         0x00000000   Number         0  _printf_wctomb.o ABSOLUTE
    ../clib/printf.c                         0x00000000   Number         0  _printf_char_file.o ABSOLUTE
    ../clib/printf_percent.s                 0x00000000   Number         0  _printf_u.o ABSOLUTE
    ../clib/printf_percent.s                 0x00000000   Number         0  _printf_s.o ABSOLUTE
    ../clib/printf_percent.s                 0x00000000   Number         0  _printf_l.o ABSOLUTE
    ../clib/printf_percent.s                 0x00000000   Number         0  _printf_llx.o ABSOLUTE
    ../clib/printf_percent.s                 0x00000000   Number         0  _printf_llo.o ABSOLUTE
    ../clib/printf_percent.s                 0x00000000   Number         0  _printf_x.o ABSOLUTE
    ../clib/printf_percent.s                 0x00000000   Number         0  _printf_lli.o ABSOLUTE
    ../clib/printf_percent.s                 0x00000000   Number         0  _printf_lld.o ABSOLUTE
    ../clib/printf_percent.s                 0x00000000   Number         0  _printf_n.o ABSOLUTE
    ../clib/printf_percent.s                 0x00000000   Number         0  _printf_p.o ABSOLUTE
    ../clib/printf_percent.s                 0x00000000   Number         0  _printf_o.o ABSOLUTE
    ../clib/printf_percent.s                 0x00000000   Number         0  _printf_i.o ABSOLUTE
    ../clib/printf_percent.s                 0x00000000   Number         0  _printf_ls.o ABSOLUTE
    ../clib/printf_percent.s                 0x00000000   Number         0  _printf_c.o ABSOLUTE
    ../clib/printf_percent.s                 0x00000000   Number         0  _printf_llu.o ABSOLUTE
    ../clib/printf_percent.s                 0x00000000   Number         0  _printf_percent.o ABSOLUTE
    ../clib/printf_percent.s                 0x00000000   Number         0  _printf_percent_end.o ABSOLUTE
    ../clib/printf_percent.s                 0x00000000   Number         0  _printf_f.o ABSOLUTE
    ../clib/printf_percent.s                 0x00000000   Number         0  _printf_a.o ABSOLUTE
    ../clib/printf_percent.s                 0x00000000   Number         0  _printf_g.o ABSOLUTE
    ../clib/printf_percent.s                 0x00000000   Number         0  _printf_d.o ABSOLUTE
    ../clib/printf_percent.s                 0x00000000   Number         0  _printf_e.o ABSOLUTE
    ../clib/printf_percent.s                 0x00000000   Number         0  _printf_ll.o ABSOLUTE
    ../clib/printf_percent.s                 0x00000000   Number         0  _printf_lc.o ABSOLUTE
    ../clib/signal.c                         0x00000000   Number         0  defsig_exit.o ABSOLUTE
    ../clib/signal.c                         0x00000000   Number         0  __raise.o ABSOLUTE
    ../clib/signal.c                         0x00000000   Number         0  defsig_fpe_outer.o ABSOLUTE
    ../clib/signal.c                         0x00000000   Number         0  defsig_general.o ABSOLUTE
    ../clib/signal.c                         0x00000000   Number         0  defsig_abrt_inner.o ABSOLUTE
    ../clib/signal.c                         0x00000000   Number         0  defsig_rtred_inner.o ABSOLUTE
    ../clib/signal.c                         0x00000000   Number         0  defsig_rtmem_inner.o ABSOLUTE
    ../clib/signal.c                         0x00000000   Number         0  defsig_rtmem_outer.o ABSOLUTE
    ../clib/signal.c                         0x00000000   Number         0  defsig_rtmem_formal.o ABSOLUTE
    ../clib/signal.c                         0x00000000   Number         0  defsig_stak_inner.o ABSOLUTE
    ../clib/signal.c                         0x00000000   Number         0  defsig_pvfn_inner.o ABSOLUTE
    ../clib/signal.c                         0x00000000   Number         0  defsig_cppl_inner.o ABSOLUTE
    ../clib/signal.c                         0x00000000   Number         0  defsig_segv_inner.o ABSOLUTE
    ../clib/signal.c                         0x00000000   Number         0  defsig_other.o ABSOLUTE
    ../clib/signal.c                         0x00000000   Number         0  defsig_fpe_formal.o ABSOLUTE
    ../clib/signal.c                         0x00000000   Number         0  defsig_fpe_inner.o ABSOLUTE
    ../clib/signal.s                         0x00000000   Number         0  defsig.o ABSOLUTE
    ../clib/stdio.c                          0x00000000   Number         0  ferror_locked.o ABSOLUTE
    ../clib/stdio.c                          0x00000000   Number         0  ferror.o ABSOLUTE
    ../clib/stdlib.c                         0x00000000   Number         0  exit.o ABSOLUTE
    ../clib/string.c                         0x00000000   Number         0  strstr.o ABSOLUTE
    ../clib/string.c                         0x00000000   Number         0  strcspn.o ABSOLUTE
    ../clib/string.c                         0x00000000   Number         0  strspn.o ABSOLUTE
    ../clib/string.c                         0x00000000   Number         0  memcmp.o ABSOLUTE
    ../clib/string.c                         0x00000000   Number         0  strtok_int.o ABSOLUTE
    ../clib/string.c                         0x00000000   Number         0  strtok.o ABSOLUTE
    ../clib/string.c                         0x00000000   Number         0  strcpy.o ABSOLUTE
    ../clib/string.c                         0x00000000   Number         0  strlen.o ABSOLUTE
    ../fplib/fpinit.s                        0x00000000   Number         0  fpinit.o ABSOLUTE
    ../fplib/istatus.s                       0x00000000   Number         0  istatus.o ABSOLUTE
    ../fplib/printf1.s                       0x00000000   Number         0  printf1.o ABSOLUTE
    ../fplib/printf2.s                       0x00000000   Number         0  printf2.o ABSOLUTE
    ../fplib/printf2a.s                      0x00000000   Number         0  printf2a.o ABSOLUTE
    ../fplib/printf2b.s                      0x00000000   Number         0  printf2b.o ABSOLUTE
    ../fplib/usenofp.s                       0x00000000   Number         0  usenofp.o ABSOLUTE
    ../mathlib/fpclassify.c                  0x00000000   Number         0  fpclassify.o ABSOLUTE
    ..\Core\Src\gpio.c                       0x00000000   Number         0  gpio.o ABSOLUTE
    ..\Core\Src\main.c                       0x00000000   Number         0  main.o ABSOLUTE
    ..\Core\Src\spi.c                        0x00000000   Number         0  spi.o ABSOLUTE
    ..\Core\Src\stm32f4xx_hal_msp.c          0x00000000   Number         0  stm32f4xx_hal_msp.o ABSOLUTE
    ..\Core\Src\stm32f4xx_it.c               0x00000000   Number         0  stm32f4xx_it.o ABSOLUTE
    ..\Core\Src\system_stm32f4xx.c           0x00000000   Number         0  system_stm32f4xx.o ABSOLUTE
    ..\Core\Src\tim.c                        0x00000000   Number         0  tim.o ABSOLUTE
    ..\Core\Src\usart.c                      0x00000000   Number         0  usart.o ABSOLUTE
    ..\Drivers\STM32F4xx_HAL_Driver\Src\stm32f4xx_hal.c 0x00000000   Number         0  stm32f4xx_hal.o ABSOLUTE
    ..\Drivers\STM32F4xx_HAL_Driver\Src\stm32f4xx_hal_cortex.c 0x00000000   Number         0  stm32f4xx_hal_cortex.o ABSOLUTE
    ..\Drivers\STM32F4xx_HAL_Driver\Src\stm32f4xx_hal_dma.c 0x00000000   Number         0  stm32f4xx_hal_dma.o ABSOLUTE
    ..\Drivers\STM32F4xx_HAL_Driver\Src\stm32f4xx_hal_dma_ex.c 0x00000000   Number         0  stm32f4xx_hal_dma_ex.o ABSOLUTE
    ..\Drivers\STM32F4xx_HAL_Driver\Src\stm32f4xx_hal_exti.c 0x00000000   Number         0  stm32f4xx_hal_exti.o ABSOLUTE
    ..\Drivers\STM32F4xx_HAL_Driver\Src\stm32f4xx_hal_flash.c 0x00000000   Number         0  stm32f4xx_hal_flash.o ABSOLUTE
    ..\Drivers\STM32F4xx_HAL_Driver\Src\stm32f4xx_hal_flash_ex.c 0x00000000   Number         0  stm32f4xx_hal_flash_ex.o ABSOLUTE
    ..\Drivers\STM32F4xx_HAL_Driver\Src\stm32f4xx_hal_flash_ramfunc.c 0x00000000   Number         0  stm32f4xx_hal_flash_ramfunc.o ABSOLUTE
    ..\Drivers\STM32F4xx_HAL_Driver\Src\stm32f4xx_hal_gpio.c 0x00000000   Number         0  stm32f4xx_hal_gpio.o ABSOLUTE
    ..\Drivers\STM32F4xx_HAL_Driver\Src\stm32f4xx_hal_pwr.c 0x00000000   Number         0  stm32f4xx_hal_pwr.o ABSOLUTE
    ..\Drivers\STM32F4xx_HAL_Driver\Src\stm32f4xx_hal_pwr_ex.c 0x00000000   Number         0  stm32f4xx_hal_pwr_ex.o ABSOLUTE
    ..\Drivers\STM32F4xx_HAL_Driver\Src\stm32f4xx_hal_rcc.c 0x00000000   Number         0  stm32f4xx_hal_rcc.o ABSOLUTE
    ..\Drivers\STM32F4xx_HAL_Driver\Src\stm32f4xx_hal_rcc_ex.c 0x00000000   Number         0  stm32f4xx_hal_rcc_ex.o ABSOLUTE
    ..\Drivers\STM32F4xx_HAL_Driver\Src\stm32f4xx_hal_spi.c 0x00000000   Number         0  stm32f4xx_hal_spi.o ABSOLUTE
    ..\Drivers\STM32F4xx_HAL_Driver\Src\stm32f4xx_hal_tim.c 0x00000000   Number         0  stm32f4xx_hal_tim.o ABSOLUTE
    ..\Drivers\STM32F4xx_HAL_Driver\Src\stm32f4xx_hal_tim_ex.c 0x00000000   Number         0  stm32f4xx_hal_tim_ex.o ABSOLUTE
    ..\Drivers\STM32F4xx_HAL_Driver\Src\stm32f4xx_hal_uart.c 0x00000000   Number         0  stm32f4xx_hal_uart.o ABSOLUTE
    ..\Ethernet\Internet\dhcp.c              0x00000000   Number         0  dhcp.o ABSOLUTE
    ..\Ethernet\Internet\tcp_demo.c          0x00000000   Number         0  tcp_demo.o ABSOLUTE
    ..\Ethernet\W_5500\socket.c              0x00000000   Number         0  socket.o ABSOLUTE
    ..\Ethernet\W_5500\utility.c             0x00000000   Number         0  utility.o ABSOLUTE
    ..\Ethernet\W_5500\w5500.c               0x00000000   Number         0  w5500.o ABSOLUTE
    ..\Ethernet\W_5500\w5500_conf.c          0x00000000   Number         0  w5500_conf.o ABSOLUTE
    ..\\Ethernet\\Internet\\dhcp.c           0x00000000   Number         0  dhcp.o ABSOLUTE
    ..\\Ethernet\\Internet\\tcp_demo.c       0x00000000   Number         0  tcp_demo.o ABSOLUTE
    ..\\Ethernet\\W_5500\\socket.c           0x00000000   Number         0  socket.o ABSOLUTE
    ..\\Ethernet\\W_5500\\utility.c          0x00000000   Number         0  utility.o ABSOLUTE
    ..\\Ethernet\\W_5500\\w5500.c            0x00000000   Number         0  w5500.o ABSOLUTE
    ..\\Ethernet\\W_5500\\w5500_conf.c       0x00000000   Number         0  w5500_conf.o ABSOLUTE
    dc.s                                     0x00000000   Number         0  dc.o ABSOLUTE
    startup_stm32f407xx.s                    0x00000000   Number         0  startup_stm32f407xx.o ABSOLUTE
    RESET                                    0x08000000   Section      392  startup_stm32f407xx.o(RESET)
    !!!main                                  0x08000188   Section        8  __main.o(!!!main)
    !!!scatter                               0x08000190   Section       52  __scatter.o(!!!scatter)
    !!handler_copy                           0x080001c4   Section       26  __scatter_copy.o(!!handler_copy)
    !!handler_zi                             0x080001e0   Section       28  __scatter_zi.o(!!handler_zi)
    .ARM.Collect$$_printf_percent$$00000000  0x080001fc   Section        0  _printf_percent.o(.ARM.Collect$$_printf_percent$$00000000)
    .ARM.Collect$$_printf_percent$$00000009  0x080001fc   Section        6  _printf_d.o(.ARM.Collect$$_printf_percent$$00000009)
    .ARM.Collect$$_printf_percent$$00000014  0x08000202   Section        6  _printf_s.o(.ARM.Collect$$_printf_percent$$00000014)
    .ARM.Collect$$_printf_percent$$00000017  0x08000208   Section        4  _printf_percent_end.o(.ARM.Collect$$_printf_percent$$00000017)
    .ARM.Collect$$libinit$$00000000          0x0800020c   Section        2  libinit.o(.ARM.Collect$$libinit$$00000000)
    .ARM.Collect$$libinit$$00000001          0x0800020e   Section        4  libinit2.o(.ARM.Collect$$libinit$$00000001)
    .ARM.Collect$$libinit$$00000004          0x08000212   Section        0  libinit2.o(.ARM.Collect$$libinit$$00000004)
    .ARM.Collect$$libinit$$0000000A          0x08000212   Section        0  libinit2.o(.ARM.Collect$$libinit$$0000000A)
    .ARM.Collect$$libinit$$0000000C          0x08000212   Section        0  libinit2.o(.ARM.Collect$$libinit$$0000000C)
    .ARM.Collect$$libinit$$0000000E          0x08000212   Section        0  libinit2.o(.ARM.Collect$$libinit$$0000000E)
    .ARM.Collect$$libinit$$00000011          0x08000212   Section        0  libinit2.o(.ARM.Collect$$libinit$$00000011)
    .ARM.Collect$$libinit$$00000013          0x08000212   Section        0  libinit2.o(.ARM.Collect$$libinit$$00000013)
    .ARM.Collect$$libinit$$00000015          0x08000212   Section        0  libinit2.o(.ARM.Collect$$libinit$$00000015)
    .ARM.Collect$$libinit$$00000017          0x08000212   Section        0  libinit2.o(.ARM.Collect$$libinit$$00000017)
    .ARM.Collect$$libinit$$00000019          0x08000212   Section        0  libinit2.o(.ARM.Collect$$libinit$$00000019)
    .ARM.Collect$$libinit$$0000001B          0x08000212   Section        0  libinit2.o(.ARM.Collect$$libinit$$0000001B)
    .ARM.Collect$$libinit$$0000001D          0x08000212   Section        0  libinit2.o(.ARM.Collect$$libinit$$0000001D)
    .ARM.Collect$$libinit$$0000001F          0x08000212   Section        0  libinit2.o(.ARM.Collect$$libinit$$0000001F)
    .ARM.Collect$$libinit$$00000021          0x08000212   Section        0  libinit2.o(.ARM.Collect$$libinit$$00000021)
    .ARM.Collect$$libinit$$00000023          0x08000212   Section        0  libinit2.o(.ARM.Collect$$libinit$$00000023)
    .ARM.Collect$$libinit$$00000025          0x08000212   Section        0  libinit2.o(.ARM.Collect$$libinit$$00000025)
    .ARM.Collect$$libinit$$0000002C          0x08000212   Section        0  libinit2.o(.ARM.Collect$$libinit$$0000002C)
    .ARM.Collect$$libinit$$0000002E          0x08000212   Section        0  libinit2.o(.ARM.Collect$$libinit$$0000002E)
    .ARM.Collect$$libinit$$00000030          0x08000212   Section        0  libinit2.o(.ARM.Collect$$libinit$$00000030)
    .ARM.Collect$$libinit$$00000032          0x08000212   Section        0  libinit2.o(.ARM.Collect$$libinit$$00000032)
    .ARM.Collect$$libinit$$00000033          0x08000212   Section        2  libinit2.o(.ARM.Collect$$libinit$$00000033)
    .ARM.Collect$$libshutdown$$00000000      0x08000214   Section        2  libshutdown.o(.ARM.Collect$$libshutdown$$00000000)
    .ARM.Collect$$libshutdown$$00000002      0x08000216   Section        0  libshutdown2.o(.ARM.Collect$$libshutdown$$00000002)
    .ARM.Collect$$libshutdown$$00000004      0x08000216   Section        0  libshutdown2.o(.ARM.Collect$$libshutdown$$00000004)
    .ARM.Collect$$libshutdown$$00000007      0x08000216   Section        0  libshutdown2.o(.ARM.Collect$$libshutdown$$00000007)
    .ARM.Collect$$libshutdown$$0000000A      0x08000216   Section        0  libshutdown2.o(.ARM.Collect$$libshutdown$$0000000A)
    .ARM.Collect$$libshutdown$$0000000C      0x08000216   Section        0  libshutdown2.o(.ARM.Collect$$libshutdown$$0000000C)
    .ARM.Collect$$libshutdown$$0000000F      0x08000216   Section        0  libshutdown2.o(.ARM.Collect$$libshutdown$$0000000F)
    .ARM.Collect$$libshutdown$$00000010      0x08000216   Section        2  libshutdown2.o(.ARM.Collect$$libshutdown$$00000010)
    .ARM.Collect$$rtentry$$00000000          0x08000218   Section        0  __rtentry.o(.ARM.Collect$$rtentry$$00000000)
    .ARM.Collect$$rtentry$$00000002          0x08000218   Section        0  __rtentry2.o(.ARM.Collect$$rtentry$$00000002)
    .ARM.Collect$$rtentry$$00000004          0x08000218   Section        6  __rtentry4.o(.ARM.Collect$$rtentry$$00000004)
    .ARM.Collect$$rtentry$$00000009          0x0800021e   Section        0  __rtentry2.o(.ARM.Collect$$rtentry$$00000009)
    .ARM.Collect$$rtentry$$0000000A          0x0800021e   Section        4  __rtentry2.o(.ARM.Collect$$rtentry$$0000000A)
    .ARM.Collect$$rtentry$$0000000C          0x08000222   Section        0  __rtentry2.o(.ARM.Collect$$rtentry$$0000000C)
    .ARM.Collect$$rtentry$$0000000D          0x08000222   Section        8  __rtentry2.o(.ARM.Collect$$rtentry$$0000000D)
    .ARM.Collect$$rtexit$$00000000           0x0800022a   Section        2  rtexit.o(.ARM.Collect$$rtexit$$00000000)
    .ARM.Collect$$rtexit$$00000002           0x0800022c   Section        0  rtexit2.o(.ARM.Collect$$rtexit$$00000002)
    .ARM.Collect$$rtexit$$00000003           0x0800022c   Section        4  rtexit2.o(.ARM.Collect$$rtexit$$00000003)
    .ARM.Collect$$rtexit$$00000004           0x08000230   Section        6  rtexit2.o(.ARM.Collect$$rtexit$$00000004)
    .text                                    0x08000238   Section       64  startup_stm32f407xx.o(.text)
    $v0                                      0x08000238   Number         0  startup_stm32f407xx.o(.text)
    .text                                    0x08000278   Section        2  use_no_semi_2.o(.text)
    .text                                    0x0800027a   Section      238  lludivv7m.o(.text)
    .text                                    0x08000368   Section        0  __2printf.o(.text)
    .text                                    0x08000380   Section        0  _printf_str.o(.text)
    .text                                    0x080003d4   Section        0  _printf_dec.o(.text)
    .text                                    0x0800044c   Section        0  __printf_flags_ss_wp.o(.text)
    .text                                    0x080005d4   Section       78  rt_memclr_w.o(.text)
    .text                                    0x08000622   Section        0  heapauxi.o(.text)
    .text                                    0x08000628   Section        2  use_no_semi.o(.text)
    .text                                    0x0800062a   Section        0  _printf_intcommon.o(.text)
    .text                                    0x080006dc   Section        0  _printf_char_common.o(.text)
    _printf_input_char                       0x080006dd   Thumb Code    10  _printf_char_common.o(.text)
    .text                                    0x0800070c   Section        0  _printf_char.o(.text)
    .text                                    0x08000738   Section        0  _printf_char_file.o(.text)
    .text                                    0x0800075c   Section        0  ferror.o(.text)
    .text                                    0x08000764   Section       74  sys_stackheap_outer.o(.text)
    .text                                    0x080007ae   Section        0  exit.o(.text)
    .text                                    0x080007c0   Section        8  libspace.o(.text)
    i.BusFault_Handler                       0x080007c8   Section        0  stm32f4xx_it.o(i.BusFault_Handler)
    i.DebugMon_Handler                       0x080007cc   Section        0  stm32f4xx_it.o(i.DebugMon_Handler)
    i.Error_Handler                          0x080007ce   Section        0  main.o(i.Error_Handler)
    i.HAL_GPIO_Init                          0x080007d4   Section        0  stm32f4xx_hal_gpio.o(i.HAL_GPIO_Init)
    i.HAL_GPIO_WritePin                      0x080009c4   Section        0  stm32f4xx_hal_gpio.o(i.HAL_GPIO_WritePin)
    i.HAL_GetTick                            0x080009d0   Section        0  stm32f4xx_hal.o(i.HAL_GetTick)
    i.HAL_IncTick                            0x080009dc   Section        0  stm32f4xx_hal.o(i.HAL_IncTick)
    i.HAL_Init                               0x080009f4   Section        0  stm32f4xx_hal.o(i.HAL_Init)
    i.HAL_InitTick                           0x08000a30   Section        0  stm32f4xx_hal.o(i.HAL_InitTick)
    i.HAL_MspInit                            0x08000a7c   Section        0  stm32f4xx_hal_msp.o(i.HAL_MspInit)
    i.HAL_NVIC_SetPriority                   0x08000ac4   Section        0  stm32f4xx_hal_cortex.o(i.HAL_NVIC_SetPriority)
    i.HAL_NVIC_SetPriorityGrouping           0x08000b40   Section        0  stm32f4xx_hal_cortex.o(i.HAL_NVIC_SetPriorityGrouping)
    i.HAL_RCC_ClockConfig                    0x08000b68   Section        0  stm32f4xx_hal_rcc.o(i.HAL_RCC_ClockConfig)
    i.HAL_RCC_GetHCLKFreq                    0x08000cec   Section        0  stm32f4xx_hal_rcc.o(i.HAL_RCC_GetHCLKFreq)
    i.HAL_RCC_GetPCLK1Freq                   0x08000cf8   Section        0  stm32f4xx_hal_rcc.o(i.HAL_RCC_GetPCLK1Freq)
    i.HAL_RCC_GetPCLK2Freq                   0x08000d18   Section        0  stm32f4xx_hal_rcc.o(i.HAL_RCC_GetPCLK2Freq)
    i.HAL_RCC_GetSysClockFreq                0x08000d38   Section        0  stm32f4xx_hal_rcc.o(i.HAL_RCC_GetSysClockFreq)
    i.HAL_RCC_OscConfig                      0x08000de8   Section        0  stm32f4xx_hal_rcc.o(i.HAL_RCC_OscConfig)
    i.HAL_SPI_Init                           0x08001284   Section        0  stm32f4xx_hal_spi.o(i.HAL_SPI_Init)
    i.HAL_SPI_MspInit                        0x0800134c   Section        0  spi.o(i.HAL_SPI_MspInit)
    i.HAL_SPI_TransmitReceive                0x080013d4   Section        0  stm32f4xx_hal_spi.o(i.HAL_SPI_TransmitReceive)
    i.HAL_SYSTICK_Config                     0x080015fe   Section        0  stm32f4xx_hal_cortex.o(i.HAL_SYSTICK_Config)
    i.HAL_TIMEx_MasterConfigSynchronization  0x08001634   Section        0  stm32f4xx_hal_tim_ex.o(i.HAL_TIMEx_MasterConfigSynchronization)
    i.HAL_TIM_Base_Init                      0x080016e8   Section        0  stm32f4xx_hal_tim.o(i.HAL_TIM_Base_Init)
    i.HAL_TIM_Base_MspInit                   0x08001750   Section        0  tim.o(i.HAL_TIM_Base_MspInit)
    i.HAL_UART_Init                          0x08001784   Section        0  stm32f4xx_hal_uart.o(i.HAL_UART_Init)
    i.HAL_UART_MspInit                       0x080017f8   Section        0  usart.o(i.HAL_UART_MspInit)
    i.HardFault_Handler                      0x08001880   Section        0  stm32f4xx_it.o(i.HardFault_Handler)
    i.IINCHIP_READ                           0x08001884   Section        0  w5500_conf.o(i.IINCHIP_READ)
    i.IINCHIP_SpiSendData                    0x080018b6   Section        0  w5500_conf.o(i.IINCHIP_SpiSendData)
    i.IINCHIP_WRITE                          0x080018c2   Section        0  w5500_conf.o(i.IINCHIP_WRITE)
    i.MX_GPIO_Init                           0x080018f4   Section        0  gpio.o(i.MX_GPIO_Init)
    i.MX_SPI1_Init                           0x08001a64   Section        0  spi.o(i.MX_SPI1_Init)
    i.MX_TIM7_Init                           0x08001aac   Section        0  tim.o(i.MX_TIM7_Init)
    i.MX_USART1_UART_Init                    0x08001af8   Section        0  usart.o(i.MX_USART1_UART_Init)
    i.MemManage_Handler                      0x08001b30   Section        0  stm32f4xx_it.o(i.MemManage_Handler)
    i.NMI_Handler                            0x08001b34   Section        0  stm32f4xx_it.o(i.NMI_Handler)
    i.PendSV_Handler                         0x08001b38   Section        0  stm32f4xx_it.o(i.PendSV_Handler)
    i.SPI_EndRxTxTransaction                 0x08001b3c   Section        0  stm32f4xx_hal_spi.o(i.SPI_EndRxTxTransaction)
    SPI_EndRxTxTransaction                   0x08001b3d   Thumb Code   100  stm32f4xx_hal_spi.o(i.SPI_EndRxTxTransaction)
    i.SPI_SendByte                           0x08001ba8   Section        0  spi.o(i.SPI_SendByte)
    i.SPI_WaitFlagStateUntilTimeout          0x08001bcc   Section        0  stm32f4xx_hal_spi.o(i.SPI_WaitFlagStateUntilTimeout)
    SPI_WaitFlagStateUntilTimeout            0x08001bcd   Thumb Code   210  stm32f4xx_hal_spi.o(i.SPI_WaitFlagStateUntilTimeout)
    i.SVC_Handler                            0x08001ca4   Section        0  stm32f4xx_it.o(i.SVC_Handler)
    i.SysTick_Handler                        0x08001ca6   Section        0  stm32f4xx_it.o(i.SysTick_Handler)
    i.SystemClock_Config                     0x08001cb0   Section        0  main.o(i.SystemClock_Config)
    i.SystemInit                             0x08001d64   Section        0  system_stm32f4xx.o(i.SystemInit)
    i.TIM_Base_SetConfig                     0x08001d78   Section        0  stm32f4xx_hal_tim.o(i.TIM_Base_SetConfig)
    i.UART_SetConfig                         0x08001e50   Section        0  stm32f4xx_hal_uart.o(i.UART_SetConfig)
    UART_SetConfig                           0x08001e51   Thumb Code   546  stm32f4xx_hal_uart.o(i.UART_SetConfig)
    i.UsageFault_Handler                     0x0800207c   Section        0  stm32f4xx_it.o(i.UsageFault_Handler)
    i.__NVIC_GetPriorityGrouping             0x08002080   Section        0  stm32f4xx_hal_cortex.o(i.__NVIC_GetPriorityGrouping)
    __NVIC_GetPriorityGrouping               0x08002081   Thumb Code    10  stm32f4xx_hal_cortex.o(i.__NVIC_GetPriorityGrouping)
    i.__NVIC_SetPriority                     0x08002090   Section        0  stm32f4xx_hal_cortex.o(i.__NVIC_SetPriority)
    __NVIC_SetPriority                       0x08002091   Thumb Code    32  stm32f4xx_hal_cortex.o(i.__NVIC_SetPriority)
    i._is_digit                              0x080020b8   Section        0  __printf_wp.o(i._is_digit)
    i._sys_exit                              0x080020c6   Section        0  usart.o(i._sys_exit)
    i.close                                  0x080020ca   Section        0  socket.o(i.close)
    i.connect                                0x080020fe   Section        0  socket.o(i.connect)
    i.delay_ms                               0x080021f6   Section        0  utility.o(i.delay_ms)
    i.delay_us                               0x08002210   Section        0  utility.o(i.delay_us)
    i.do_tcp_client                          0x08002258   Section        0  tcp_demo.o(i.do_tcp_client)
    i.fputc                                  0x08002300   Section        0  usart.o(i.fputc)
    i.getGAR                                 0x0800231c   Section        0  w5500.o(i.getGAR)
    i.getIINCHIP_TxMAX                       0x0800232c   Section        0  w5500.o(i.getIINCHIP_TxMAX)
    i.getSIPR                                0x0800233c   Section        0  w5500.o(i.getSIPR)
    i.getSUBR                                0x0800234e   Section        0  w5500.o(i.getSUBR)
    i.getSn_IR                               0x08002360   Section        0  w5500.o(i.getSn_IR)
    i.getSn_RX_RSR                           0x08002372   Section        0  w5500.o(i.getSn_RX_RSR)
    i.getSn_SR                               0x080023c6   Section        0  w5500.o(i.getSn_SR)
    i.getSn_TX_FSR                           0x080023d8   Section        0  w5500.o(i.getSn_TX_FSR)
    i.gpio_for_w5500_config                  0x0800242c   Section        0  w5500_conf.o(i.gpio_for_w5500_config)
    i.iinchip_csoff                          0x0800242e   Section        0  w5500_conf.o(i.iinchip_csoff)
    i.iinchip_cson                           0x08002438   Section        0  w5500_conf.o(i.iinchip_cson)
    i.main                                   0x08002444   Section        0  main.o(i.main)
    i.read_config_from_eeprom                0x080025a0   Section        0  w5500_conf.o(i.read_config_from_eeprom)
    i.recv                                   0x080025aa   Section        0  socket.o(i.recv)
    i.recv_data_processing                   0x080025ec   Section        0  w5500.o(i.recv_data_processing)
    i.reset_w5500                            0x08002680   Section        0  w5500_conf.o(i.reset_w5500)
    i.send                                   0x080026ac   Section        0  socket.o(i.send)
    i.send_data_processing                   0x08002798   Section        0  w5500.o(i.send_data_processing)
    i.setGAR                                 0x0800282c   Section        0  w5500.o(i.setGAR)
    i.setSHAR                                0x0800283c   Section        0  w5500.o(i.setSHAR)
    i.setSIPR                                0x0800284e   Section        0  w5500.o(i.setSIPR)
    i.setSUBR                                0x08002860   Section        0  w5500.o(i.setSUBR)
    i.setSn_IR                               0x08002872   Section        0  w5500.o(i.setSn_IR)
    i.set_w5500_ip                           0x08002888   Section        0  w5500_conf.o(i.set_w5500_ip)
    i.set_w5500_mac                          0x08002afc   Section        0  w5500_conf.o(i.set_w5500_mac)
    i.socket                                 0x08002b28   Section        0  socket.o(i.socket)
    i.socket_buf_init                        0x08002bec   Section        0  w5500.o(i.socket_buf_init)
    i.wiz_cs                                 0x08002c74   Section        0  spi.o(i.wiz_cs)
    i.wiz_read_buf                           0x08002c9c   Section        0  w5500_conf.o(i.wiz_read_buf)
    i.wiz_write_buf                          0x08002d04   Section        0  w5500_conf.o(i.wiz_write_buf)
    i.write_config_to_eeprom                 0x08002d6c   Section        0  w5500_conf.o(i.write_config_to_eeprom)
    x$fpl$fpinit                             0x08002d78   Section       10  fpinit.o(x$fpl$fpinit)
    $v0                                      0x08002d78   Number         0  fpinit.o(x$fpl$fpinit)
    .constdata                               0x08002d82   Section       24  system_stm32f4xx.o(.constdata)
    .constdata                               0x08002d9a   Section       17  __printf_flags_ss_wp.o(.constdata)
    maptable                                 0x08002d9a   Data          17  __printf_flags_ss_wp.o(.constdata)
    .data                                    0x20000000   Section        4  usart.o(.data)
    .data                                    0x20000004   Section        9  stm32f4xx_hal.o(.data)
    .data                                    0x20000010   Section        4  system_stm32f4xx.o(.data)
    .data                                    0x20000014   Section        1  utility.o(.data)
    fac_us                                   0x20000014   Data           1  utility.o(.data)
    .data                                    0x20000015   Section       16  w5500.o(.data)
    .data                                    0x20000028   Section       41  w5500_conf.o(.data)
    .bss                                     0x20000054   Section       88  spi.o(.bss)
    .bss                                     0x200000ac   Section       72  tim.o(.bss)
    .bss                                     0x200000f4   Section       68  usart.o(.bss)
    .bss                                     0x20000138   Section     1046  dhcp.o(.bss)
    .bss                                     0x2000054e   Section     2048  tcp_demo.o(.bss)
    .bss                                     0x20000d4e   Section       32  w5500.o(.bss)
    .bss                                     0x20000d6e   Section       46  w5500_conf.o(.bss)
    .bss                                     0x20000d9c   Section       96  libspace.o(.bss)
    HEAP                                     0x20000e00   Section      512  startup_stm32f407xx.o(HEAP)
    Heap_Mem                                 0x20000e00   Data         512  startup_stm32f407xx.o(HEAP)
    STACK                                    0x20001000   Section     1024  startup_stm32f407xx.o(STACK)
    Stack_Mem                                0x20001000   Data        1024  startup_stm32f407xx.o(STACK)
    __initial_sp                             0x20001400   Data           0  startup_stm32f407xx.o(STACK)

    Global Symbols

    Symbol Name                              Value     Ov Type        Size  Object(Section)

    BuildAttributes$$THM_ISAv4$E$P$D$K$B$S$7EM$VFPi3$EXTD16$VFPS$VFMA$PE$A:L22UL41UL21$X:L11$S22US41US21$IEEE1$IW$USESV6$~STKCKD$USESV7$~SHL$OTIME$ROPI$IEEEJ$EBA8$UX$STANDARDLIB$REQ8$PRES8$EABIv2 0x00000000   Number         0  anon$$obj.o ABSOLUTE
    __ARM_use_no_argv                        0x00000000   Number         0  main.o ABSOLUTE
    _printf_flags                            0x00000000   Number         0  printf_stubs.o ABSOLUTE
    _printf_return_value                     0x00000000   Number         0  printf_stubs.o ABSOLUTE
    _printf_sizespec                         0x00000000   Number         0  printf_stubs.o ABSOLUTE
    _printf_widthprec                        0x00000000   Number         0  printf_stubs.o ABSOLUTE
    __ARM_exceptions_init                     - Undefined Weak Reference
    __alloca_initialize                       - Undefined Weak Reference
    __arm_preinit_                            - Undefined Weak Reference
    __cpp_initialize__aeabi_                  - Undefined Weak Reference
    __cxa_finalize                            - Undefined Weak Reference
    __sigvec_lookup                           - Undefined Weak Reference
    _atexit_init                              - Undefined Weak Reference
    _call_atexit_fns                          - Undefined Weak Reference
    _clock_init                               - Undefined Weak Reference
    _fp_trap_init                             - Undefined Weak Reference
    _fp_trap_shutdown                         - Undefined Weak Reference
    _get_lc_collate                           - Undefined Weak Reference
    _get_lc_monetary                          - Undefined Weak Reference
    _get_lc_time                              - Undefined Weak Reference
    _getenv_init                              - Undefined Weak Reference
    _handle_redirection                       - Undefined Weak Reference
    _init_alloc                               - Undefined Weak Reference
    _init_user_alloc                          - Undefined Weak Reference
    _initio                                   - Undefined Weak Reference
    _mutex_acquire                            - Undefined Weak Reference
    _mutex_release                            - Undefined Weak Reference
    _printf_mbtowc                            - Undefined Weak Reference
    _printf_wc                                - Undefined Weak Reference
    _rand_init                                - Undefined Weak Reference
    _signal_finish                            - Undefined Weak Reference
    _signal_init                              - Undefined Weak Reference
    _terminate_alloc                          - Undefined Weak Reference
    _terminate_user_alloc                     - Undefined Weak Reference
    _terminateio                              - Undefined Weak Reference
    __Vectors_Size                           0x00000188   Number         0  startup_stm32f407xx.o ABSOLUTE
    __Vectors                                0x08000000   Data           4  startup_stm32f407xx.o(RESET)
    __Vectors_End                            0x08000188   Data           0  startup_stm32f407xx.o(RESET)
    __main                                   0x08000189   Thumb Code     8  __main.o(!!!main)
    __scatterload                            0x08000191   Thumb Code     0  __scatter.o(!!!scatter)
    __scatterload_rt2                        0x08000191   Thumb Code    44  __scatter.o(!!!scatter)
    __scatterload_rt2_thumb_only             0x08000191   Thumb Code     0  __scatter.o(!!!scatter)
    __scatterload_null                       0x0800019f   Thumb Code     0  __scatter.o(!!!scatter)
    __scatterload_copy                       0x080001c5   Thumb Code    26  __scatter_copy.o(!!handler_copy)
    __scatterload_zeroinit                   0x080001e1   Thumb Code    28  __scatter_zi.o(!!handler_zi)
    _printf_d                                0x080001fd   Thumb Code     0  _printf_d.o(.ARM.Collect$$_printf_percent$$00000009)
    _printf_percent                          0x080001fd   Thumb Code     0  _printf_percent.o(.ARM.Collect$$_printf_percent$$00000000)
    _printf_s                                0x08000203   Thumb Code     0  _printf_s.o(.ARM.Collect$$_printf_percent$$00000014)
    _printf_percent_end                      0x08000209   Thumb Code     0  _printf_percent_end.o(.ARM.Collect$$_printf_percent$$00000017)
    __rt_lib_init                            0x0800020d   Thumb Code     0  libinit.o(.ARM.Collect$$libinit$$00000000)
    __rt_lib_init_fp_1                       0x0800020f   Thumb Code     0  libinit2.o(.ARM.Collect$$libinit$$00000001)
    __rt_lib_init_alloca_1                   0x08000213   Thumb Code     0  libinit2.o(.ARM.Collect$$libinit$$0000002E)
    __rt_lib_init_argv_1                     0x08000213   Thumb Code     0  libinit2.o(.ARM.Collect$$libinit$$0000002C)
    __rt_lib_init_atexit_1                   0x08000213   Thumb Code     0  libinit2.o(.ARM.Collect$$libinit$$0000001B)
    __rt_lib_init_clock_1                    0x08000213   Thumb Code     0  libinit2.o(.ARM.Collect$$libinit$$00000021)
    __rt_lib_init_cpp_1                      0x08000213   Thumb Code     0  libinit2.o(.ARM.Collect$$libinit$$00000032)
    __rt_lib_init_exceptions_1               0x08000213   Thumb Code     0  libinit2.o(.ARM.Collect$$libinit$$00000030)
    __rt_lib_init_fp_trap_1                  0x08000213   Thumb Code     0  libinit2.o(.ARM.Collect$$libinit$$0000001F)
    __rt_lib_init_getenv_1                   0x08000213   Thumb Code     0  libinit2.o(.ARM.Collect$$libinit$$00000023)
    __rt_lib_init_heap_1                     0x08000213   Thumb Code     0  libinit2.o(.ARM.Collect$$libinit$$0000000A)
    __rt_lib_init_lc_collate_1               0x08000213   Thumb Code     0  libinit2.o(.ARM.Collect$$libinit$$00000011)
    __rt_lib_init_lc_ctype_1                 0x08000213   Thumb Code     0  libinit2.o(.ARM.Collect$$libinit$$00000013)
    __rt_lib_init_lc_monetary_1              0x08000213   Thumb Code     0  libinit2.o(.ARM.Collect$$libinit$$00000015)
    __rt_lib_init_lc_numeric_1               0x08000213   Thumb Code     0  libinit2.o(.ARM.Collect$$libinit$$00000017)
    __rt_lib_init_lc_time_1                  0x08000213   Thumb Code     0  libinit2.o(.ARM.Collect$$libinit$$00000019)
    __rt_lib_init_preinit_1                  0x08000213   Thumb Code     0  libinit2.o(.ARM.Collect$$libinit$$00000004)
    __rt_lib_init_rand_1                     0x08000213   Thumb Code     0  libinit2.o(.ARM.Collect$$libinit$$0000000E)
    __rt_lib_init_return                     0x08000213   Thumb Code     0  libinit2.o(.ARM.Collect$$libinit$$00000033)
    __rt_lib_init_signal_1                   0x08000213   Thumb Code     0  libinit2.o(.ARM.Collect$$libinit$$0000001D)
    __rt_lib_init_stdio_1                    0x08000213   Thumb Code     0  libinit2.o(.ARM.Collect$$libinit$$00000025)
    __rt_lib_init_user_alloc_1               0x08000213   Thumb Code     0  libinit2.o(.ARM.Collect$$libinit$$0000000C)
    __rt_lib_shutdown                        0x08000215   Thumb Code     0  libshutdown.o(.ARM.Collect$$libshutdown$$00000000)
    __rt_lib_shutdown_cpp_1                  0x08000217   Thumb Code     0  libshutdown2.o(.ARM.Collect$$libshutdown$$00000002)
    __rt_lib_shutdown_fp_trap_1              0x08000217   Thumb Code     0  libshutdown2.o(.ARM.Collect$$libshutdown$$00000007)
    __rt_lib_shutdown_heap_1                 0x08000217   Thumb Code     0  libshutdown2.o(.ARM.Collect$$libshutdown$$0000000F)
    __rt_lib_shutdown_return                 0x08000217   Thumb Code     0  libshutdown2.o(.ARM.Collect$$libshutdown$$00000010)
    __rt_lib_shutdown_signal_1               0x08000217   Thumb Code     0  libshutdown2.o(.ARM.Collect$$libshutdown$$0000000A)
    __rt_lib_shutdown_stdio_1                0x08000217   Thumb Code     0  libshutdown2.o(.ARM.Collect$$libshutdown$$00000004)
    __rt_lib_shutdown_user_alloc_1           0x08000217   Thumb Code     0  libshutdown2.o(.ARM.Collect$$libshutdown$$0000000C)
    __rt_entry                               0x08000219   Thumb Code     0  __rtentry.o(.ARM.Collect$$rtentry$$00000000)
    __rt_entry_presh_1                       0x08000219   Thumb Code     0  __rtentry2.o(.ARM.Collect$$rtentry$$00000002)
    __rt_entry_sh                            0x08000219   Thumb Code     0  __rtentry4.o(.ARM.Collect$$rtentry$$00000004)
    __rt_entry_li                            0x0800021f   Thumb Code     0  __rtentry2.o(.ARM.Collect$$rtentry$$0000000A)
    __rt_entry_postsh_1                      0x0800021f   Thumb Code     0  __rtentry2.o(.ARM.Collect$$rtentry$$00000009)
    __rt_entry_main                          0x08000223   Thumb Code     0  __rtentry2.o(.ARM.Collect$$rtentry$$0000000D)
    __rt_entry_postli_1                      0x08000223   Thumb Code     0  __rtentry2.o(.ARM.Collect$$rtentry$$0000000C)
    __rt_exit                                0x0800022b   Thumb Code     0  rtexit.o(.ARM.Collect$$rtexit$$00000000)
    __rt_exit_ls                             0x0800022d   Thumb Code     0  rtexit2.o(.ARM.Collect$$rtexit$$00000003)
    __rt_exit_prels_1                        0x0800022d   Thumb Code     0  rtexit2.o(.ARM.Collect$$rtexit$$00000002)
    __rt_exit_exit                           0x08000231   Thumb Code     0  rtexit2.o(.ARM.Collect$$rtexit$$00000004)
    Reset_Handler                            0x08000239   Thumb Code     8  startup_stm32f407xx.o(.text)
    ADC_IRQHandler                           0x08000253   Thumb Code     0  startup_stm32f407xx.o(.text)
    CAN1_RX0_IRQHandler                      0x08000253   Thumb Code     0  startup_stm32f407xx.o(.text)
    CAN1_RX1_IRQHandler                      0x08000253   Thumb Code     0  startup_stm32f407xx.o(.text)
    CAN1_SCE_IRQHandler                      0x08000253   Thumb Code     0  startup_stm32f407xx.o(.text)
    CAN1_TX_IRQHandler                       0x08000253   Thumb Code     0  startup_stm32f407xx.o(.text)
    CAN2_RX0_IRQHandler                      0x08000253   Thumb Code     0  startup_stm32f407xx.o(.text)
    CAN2_RX1_IRQHandler                      0x08000253   Thumb Code     0  startup_stm32f407xx.o(.text)
    CAN2_SCE_IRQHandler                      0x08000253   Thumb Code     0  startup_stm32f407xx.o(.text)
    CAN2_TX_IRQHandler                       0x08000253   Thumb Code     0  startup_stm32f407xx.o(.text)
    DCMI_IRQHandler                          0x08000253   Thumb Code     0  startup_stm32f407xx.o(.text)
    DMA1_Stream0_IRQHandler                  0x08000253   Thumb Code     0  startup_stm32f407xx.o(.text)
    DMA1_Stream1_IRQHandler                  0x08000253   Thumb Code     0  startup_stm32f407xx.o(.text)
    DMA1_Stream2_IRQHandler                  0x08000253   Thumb Code     0  startup_stm32f407xx.o(.text)
    DMA1_Stream3_IRQHandler                  0x08000253   Thumb Code     0  startup_stm32f407xx.o(.text)
    DMA1_Stream4_IRQHandler                  0x08000253   Thumb Code     0  startup_stm32f407xx.o(.text)
    DMA1_Stream5_IRQHandler                  0x08000253   Thumb Code     0  startup_stm32f407xx.o(.text)
    DMA1_Stream6_IRQHandler                  0x08000253   Thumb Code     0  startup_stm32f407xx.o(.text)
    DMA1_Stream7_IRQHandler                  0x08000253   Thumb Code     0  startup_stm32f407xx.o(.text)
    DMA2_Stream0_IRQHandler                  0x08000253   Thumb Code     0  startup_stm32f407xx.o(.text)
    DMA2_Stream1_IRQHandler                  0x08000253   Thumb Code     0  startup_stm32f407xx.o(.text)
    DMA2_Stream2_IRQHandler                  0x08000253   Thumb Code     0  startup_stm32f407xx.o(.text)
    DMA2_Stream3_IRQHandler                  0x08000253   Thumb Code     0  startup_stm32f407xx.o(.text)
    DMA2_Stream4_IRQHandler                  0x08000253   Thumb Code     0  startup_stm32f407xx.o(.text)
    DMA2_Stream5_IRQHandler                  0x08000253   Thumb Code     0  startup_stm32f407xx.o(.text)
    DMA2_Stream6_IRQHandler                  0x08000253   Thumb Code     0  startup_stm32f407xx.o(.text)
    DMA2_Stream7_IRQHandler                  0x08000253   Thumb Code     0  startup_stm32f407xx.o(.text)
    ETH_IRQHandler                           0x08000253   Thumb Code     0  startup_stm32f407xx.o(.text)
    ETH_WKUP_IRQHandler                      0x08000253   Thumb Code     0  startup_stm32f407xx.o(.text)
    EXTI0_IRQHandler                         0x08000253   Thumb Code     0  startup_stm32f407xx.o(.text)
    EXTI15_10_IRQHandler                     0x08000253   Thumb Code     0  startup_stm32f407xx.o(.text)
    EXTI1_IRQHandler                         0x08000253   Thumb Code     0  startup_stm32f407xx.o(.text)
    EXTI2_IRQHandler                         0x08000253   Thumb Code     0  startup_stm32f407xx.o(.text)
    EXTI3_IRQHandler                         0x08000253   Thumb Code     0  startup_stm32f407xx.o(.text)
    EXTI4_IRQHandler                         0x08000253   Thumb Code     0  startup_stm32f407xx.o(.text)
    EXTI9_5_IRQHandler                       0x08000253   Thumb Code     0  startup_stm32f407xx.o(.text)
    FLASH_IRQHandler                         0x08000253   Thumb Code     0  startup_stm32f407xx.o(.text)
    FMC_IRQHandler                           0x08000253   Thumb Code     0  startup_stm32f407xx.o(.text)
    FPU_IRQHandler                           0x08000253   Thumb Code     0  startup_stm32f407xx.o(.text)
    HASH_RNG_IRQHandler                      0x08000253   Thumb Code     0  startup_stm32f407xx.o(.text)
    I2C1_ER_IRQHandler                       0x08000253   Thumb Code     0  startup_stm32f407xx.o(.text)
    I2C1_EV_IRQHandler                       0x08000253   Thumb Code     0  startup_stm32f407xx.o(.text)
    I2C2_ER_IRQHandler                       0x08000253   Thumb Code     0  startup_stm32f407xx.o(.text)
    I2C2_EV_IRQHandler                       0x08000253   Thumb Code     0  startup_stm32f407xx.o(.text)
    I2C3_ER_IRQHandler                       0x08000253   Thumb Code     0  startup_stm32f407xx.o(.text)
    I2C3_EV_IRQHandler                       0x08000253   Thumb Code     0  startup_stm32f407xx.o(.text)
    OTG_FS_IRQHandler                        0x08000253   Thumb Code     0  startup_stm32f407xx.o(.text)
    OTG_FS_WKUP_IRQHandler                   0x08000253   Thumb Code     0  startup_stm32f407xx.o(.text)
    OTG_HS_EP1_IN_IRQHandler                 0x08000253   Thumb Code     0  startup_stm32f407xx.o(.text)
    OTG_HS_EP1_OUT_IRQHandler                0x08000253   Thumb Code     0  startup_stm32f407xx.o(.text)
    OTG_HS_IRQHandler                        0x08000253   Thumb Code     0  startup_stm32f407xx.o(.text)
    OTG_HS_WKUP_IRQHandler                   0x08000253   Thumb Code     0  startup_stm32f407xx.o(.text)
    PVD_IRQHandler                           0x08000253   Thumb Code     0  startup_stm32f407xx.o(.text)
    RCC_IRQHandler                           0x08000253   Thumb Code     0  startup_stm32f407xx.o(.text)
    RTC_Alarm_IRQHandler                     0x08000253   Thumb Code     0  startup_stm32f407xx.o(.text)
    RTC_WKUP_IRQHandler                      0x08000253   Thumb Code     0  startup_stm32f407xx.o(.text)
    SDIO_IRQHandler                          0x08000253   Thumb Code     0  startup_stm32f407xx.o(.text)
    SPI1_IRQHandler                          0x08000253   Thumb Code     0  startup_stm32f407xx.o(.text)
    SPI2_IRQHandler                          0x08000253   Thumb Code     0  startup_stm32f407xx.o(.text)
    SPI3_IRQHandler                          0x08000253   Thumb Code     0  startup_stm32f407xx.o(.text)
    TAMP_STAMP_IRQHandler                    0x08000253   Thumb Code     0  startup_stm32f407xx.o(.text)
    TIM1_BRK_TIM9_IRQHandler                 0x08000253   Thumb Code     0  startup_stm32f407xx.o(.text)
    TIM1_CC_IRQHandler                       0x08000253   Thumb Code     0  startup_stm32f407xx.o(.text)
    TIM1_TRG_COM_TIM11_IRQHandler            0x08000253   Thumb Code     0  startup_stm32f407xx.o(.text)
    TIM1_UP_TIM10_IRQHandler                 0x08000253   Thumb Code     0  startup_stm32f407xx.o(.text)
    TIM2_IRQHandler                          0x08000253   Thumb Code     0  startup_stm32f407xx.o(.text)
    TIM3_IRQHandler                          0x08000253   Thumb Code     0  startup_stm32f407xx.o(.text)
    TIM4_IRQHandler                          0x08000253   Thumb Code     0  startup_stm32f407xx.o(.text)
    TIM5_IRQHandler                          0x08000253   Thumb Code     0  startup_stm32f407xx.o(.text)
    TIM6_DAC_IRQHandler                      0x08000253   Thumb Code     0  startup_stm32f407xx.o(.text)
    TIM7_IRQHandler                          0x08000253   Thumb Code     0  startup_stm32f407xx.o(.text)
    TIM8_BRK_TIM12_IRQHandler                0x08000253   Thumb Code     0  startup_stm32f407xx.o(.text)
    TIM8_CC_IRQHandler                       0x08000253   Thumb Code     0  startup_stm32f407xx.o(.text)
    TIM8_TRG_COM_TIM14_IRQHandler            0x08000253   Thumb Code     0  startup_stm32f407xx.o(.text)
    TIM8_UP_TIM13_IRQHandler                 0x08000253   Thumb Code     0  startup_stm32f407xx.o(.text)
    UART4_IRQHandler                         0x08000253   Thumb Code     0  startup_stm32f407xx.o(.text)
    UART5_IRQHandler                         0x08000253   Thumb Code     0  startup_stm32f407xx.o(.text)
    USART1_IRQHandler                        0x08000253   Thumb Code     0  startup_stm32f407xx.o(.text)
    USART2_IRQHandler                        0x08000253   Thumb Code     0  startup_stm32f407xx.o(.text)
    USART3_IRQHandler                        0x08000253   Thumb Code     0  startup_stm32f407xx.o(.text)
    USART6_IRQHandler                        0x08000253   Thumb Code     0  startup_stm32f407xx.o(.text)
    WWDG_IRQHandler                          0x08000253   Thumb Code     0  startup_stm32f407xx.o(.text)
    __user_initial_stackheap                 0x08000255   Thumb Code     0  startup_stm32f407xx.o(.text)
    __use_no_semihosting                     0x08000279   Thumb Code     2  use_no_semi_2.o(.text)
    __aeabi_uldivmod                         0x0800027b   Thumb Code     0  lludivv7m.o(.text)
    _ll_udiv                                 0x0800027b   Thumb Code   238  lludivv7m.o(.text)
    __2printf                                0x08000369   Thumb Code    20  __2printf.o(.text)
    _printf_str                              0x08000381   Thumb Code    82  _printf_str.o(.text)
    _printf_int_dec                          0x080003d5   Thumb Code   104  _printf_dec.o(.text)
    __printf                                 0x0800044d   Thumb Code   388  __printf_flags_ss_wp.o(.text)
    __aeabi_memclr4                          0x080005d5   Thumb Code     0  rt_memclr_w.o(.text)
    __aeabi_memclr8                          0x080005d5   Thumb Code     0  rt_memclr_w.o(.text)
    __rt_memclr_w                            0x080005d5   Thumb Code    78  rt_memclr_w.o(.text)
    _memset_w                                0x080005d9   Thumb Code     0  rt_memclr_w.o(.text)
    __use_two_region_memory                  0x08000623   Thumb Code     2  heapauxi.o(.text)
    __rt_heap_escrow$2region                 0x08000625   Thumb Code     2  heapauxi.o(.text)
    __rt_heap_expand$2region                 0x08000627   Thumb Code     2  heapauxi.o(.text)
    __I$use$semihosting                      0x08000629   Thumb Code     0  use_no_semi.o(.text)
    __use_no_semihosting_swi                 0x08000629   Thumb Code     2  use_no_semi.o(.text)
    _printf_int_common                       0x0800062b   Thumb Code   178  _printf_intcommon.o(.text)
    _printf_char_common                      0x080006e7   Thumb Code    32  _printf_char_common.o(.text)
    _printf_cs_common                        0x0800070d   Thumb Code    20  _printf_char.o(.text)
    _printf_char                             0x08000721   Thumb Code    16  _printf_char.o(.text)
    _printf_string                           0x08000731   Thumb Code     8  _printf_char.o(.text)
    _printf_char_file                        0x08000739   Thumb Code    32  _printf_char_file.o(.text)
    ferror                                   0x0800075d   Thumb Code     8  ferror.o(.text)
    __user_setup_stackheap                   0x08000765   Thumb Code    74  sys_stackheap_outer.o(.text)
    exit                                     0x080007af   Thumb Code    18  exit.o(.text)
    __user_libspace                          0x080007c1   Thumb Code     8  libspace.o(.text)
    __user_perproc_libspace                  0x080007c1   Thumb Code     0  libspace.o(.text)
    __user_perthread_libspace                0x080007c1   Thumb Code     0  libspace.o(.text)
    BusFault_Handler                         0x080007c9   Thumb Code     4  stm32f4xx_it.o(i.BusFault_Handler)
    DebugMon_Handler                         0x080007cd   Thumb Code     2  stm32f4xx_it.o(i.DebugMon_Handler)
    Error_Handler                            0x080007cf   Thumb Code     6  main.o(i.Error_Handler)
    HAL_GPIO_Init                            0x080007d5   Thumb Code   452  stm32f4xx_hal_gpio.o(i.HAL_GPIO_Init)
    HAL_GPIO_WritePin                        0x080009c5   Thumb Code    12  stm32f4xx_hal_gpio.o(i.HAL_GPIO_WritePin)
    HAL_GetTick                              0x080009d1   Thumb Code     6  stm32f4xx_hal.o(i.HAL_GetTick)
    HAL_IncTick                              0x080009dd   Thumb Code    16  stm32f4xx_hal.o(i.HAL_IncTick)
    HAL_Init                                 0x080009f5   Thumb Code    54  stm32f4xx_hal.o(i.HAL_Init)
    HAL_InitTick                             0x08000a31   Thumb Code    64  stm32f4xx_hal.o(i.HAL_InitTick)
    HAL_MspInit                              0x08000a7d   Thumb Code    68  stm32f4xx_hal_msp.o(i.HAL_MspInit)
    HAL_NVIC_SetPriority                     0x08000ac5   Thumb Code   124  stm32f4xx_hal_cortex.o(i.HAL_NVIC_SetPriority)
    HAL_NVIC_SetPriorityGrouping             0x08000b41   Thumb Code    32  stm32f4xx_hal_cortex.o(i.HAL_NVIC_SetPriorityGrouping)
    HAL_RCC_ClockConfig                      0x08000b69   Thumb Code   368  stm32f4xx_hal_rcc.o(i.HAL_RCC_ClockConfig)
    HAL_RCC_GetHCLKFreq                      0x08000ced   Thumb Code     6  stm32f4xx_hal_rcc.o(i.HAL_RCC_GetHCLKFreq)
    HAL_RCC_GetPCLK1Freq                     0x08000cf9   Thumb Code    22  stm32f4xx_hal_rcc.o(i.HAL_RCC_GetPCLK1Freq)
    HAL_RCC_GetPCLK2Freq                     0x08000d19   Thumb Code    22  stm32f4xx_hal_rcc.o(i.HAL_RCC_GetPCLK2Freq)
    HAL_RCC_GetSysClockFreq                  0x08000d39   Thumb Code   162  stm32f4xx_hal_rcc.o(i.HAL_RCC_GetSysClockFreq)
    HAL_RCC_OscConfig                        0x08000de9   Thumb Code  1172  stm32f4xx_hal_rcc.o(i.HAL_RCC_OscConfig)
    HAL_SPI_Init                             0x08001285   Thumb Code   200  stm32f4xx_hal_spi.o(i.HAL_SPI_Init)
    HAL_SPI_MspInit                          0x0800134d   Thumb Code   122  spi.o(i.HAL_SPI_MspInit)
    HAL_SPI_TransmitReceive                  0x080013d5   Thumb Code   554  stm32f4xx_hal_spi.o(i.HAL_SPI_TransmitReceive)
    HAL_SYSTICK_Config                       0x080015ff   Thumb Code    52  stm32f4xx_hal_cortex.o(i.HAL_SYSTICK_Config)
    HAL_TIMEx_MasterConfigSynchronization    0x08001635   Thumb Code   150  stm32f4xx_hal_tim_ex.o(i.HAL_TIMEx_MasterConfigSynchronization)
    HAL_TIM_Base_Init                        0x080016e9   Thumb Code   102  stm32f4xx_hal_tim.o(i.HAL_TIM_Base_Init)
    HAL_TIM_Base_MspInit                     0x08001751   Thumb Code    44  tim.o(i.HAL_TIM_Base_MspInit)
    HAL_UART_Init                            0x08001785   Thumb Code   114  stm32f4xx_hal_uart.o(i.HAL_UART_Init)
    HAL_UART_MspInit                         0x080017f9   Thumb Code   124  usart.o(i.HAL_UART_MspInit)
    HardFault_Handler                        0x08001881   Thumb Code     4  stm32f4xx_it.o(i.HardFault_Handler)
    IINCHIP_READ                             0x08001885   Thumb Code    50  w5500_conf.o(i.IINCHIP_READ)
    IINCHIP_SpiSendData                      0x080018b7   Thumb Code    12  w5500_conf.o(i.IINCHIP_SpiSendData)
    IINCHIP_WRITE                            0x080018c3   Thumb Code    50  w5500_conf.o(i.IINCHIP_WRITE)
    MX_GPIO_Init                             0x080018f5   Thumb Code   346  gpio.o(i.MX_GPIO_Init)
    MX_SPI1_Init                             0x08001a65   Thumb Code    62  spi.o(i.MX_SPI1_Init)
    MX_TIM7_Init                             0x08001aad   Thumb Code    66  tim.o(i.MX_TIM7_Init)
    MX_USART1_UART_Init                      0x08001af9   Thumb Code    46  usart.o(i.MX_USART1_UART_Init)
    MemManage_Handler                        0x08001b31   Thumb Code     4  stm32f4xx_it.o(i.MemManage_Handler)
    NMI_Handler                              0x08001b35   Thumb Code     4  stm32f4xx_it.o(i.NMI_Handler)
    PendSV_Handler                           0x08001b39   Thumb Code     2  stm32f4xx_it.o(i.PendSV_Handler)
    SPI_SendByte                             0x08001ba9   Thumb Code    30  spi.o(i.SPI_SendByte)
    SVC_Handler                              0x08001ca5   Thumb Code     2  stm32f4xx_it.o(i.SVC_Handler)
    SysTick_Handler                          0x08001ca7   Thumb Code     8  stm32f4xx_it.o(i.SysTick_Handler)
    SystemClock_Config                       0x08001cb1   Thumb Code   172  main.o(i.SystemClock_Config)
    SystemInit                               0x08001d65   Thumb Code    14  system_stm32f4xx.o(i.SystemInit)
    TIM_Base_SetConfig                       0x08001d79   Thumb Code   170  stm32f4xx_hal_tim.o(i.TIM_Base_SetConfig)
    UsageFault_Handler                       0x0800207d   Thumb Code     4  stm32f4xx_it.o(i.UsageFault_Handler)
    _is_digit                                0x080020b9   Thumb Code    14  __printf_wp.o(i._is_digit)
    _sys_exit                                0x080020c7   Thumb Code     4  usart.o(i._sys_exit)
    close                                    0x080020cb   Thumb Code    52  socket.o(i.close)
    connect                                  0x080020ff   Thumb Code   248  socket.o(i.connect)
    delay_ms                                 0x080021f7   Thumb Code    24  utility.o(i.delay_ms)
    delay_us                                 0x08002211   Thumb Code    68  utility.o(i.delay_us)
    do_tcp_client                            0x08002259   Thumb Code   142  tcp_demo.o(i.do_tcp_client)
    fputc                                    0x08002301   Thumb Code    22  usart.o(i.fputc)
    getGAR                                   0x0800231d   Thumb Code    16  w5500.o(i.getGAR)
    getIINCHIP_TxMAX                         0x0800232d   Thumb Code    10  w5500.o(i.getIINCHIP_TxMAX)
    getSIPR                                  0x0800233d   Thumb Code    18  w5500.o(i.getSIPR)
    getSUBR                                  0x0800234f   Thumb Code    18  w5500.o(i.getSUBR)
    getSn_IR                                 0x08002361   Thumb Code    18  w5500.o(i.getSn_IR)
    getSn_RX_RSR                             0x08002373   Thumb Code    84  w5500.o(i.getSn_RX_RSR)
    getSn_SR                                 0x080023c7   Thumb Code    18  w5500.o(i.getSn_SR)
    getSn_TX_FSR                             0x080023d9   Thumb Code    84  w5500.o(i.getSn_TX_FSR)
    gpio_for_w5500_config                    0x0800242d   Thumb Code     2  w5500_conf.o(i.gpio_for_w5500_config)
    iinchip_csoff                            0x0800242f   Thumb Code    10  w5500_conf.o(i.iinchip_csoff)
    iinchip_cson                             0x08002439   Thumb Code    10  w5500_conf.o(i.iinchip_cson)
    main                                     0x08002445   Thumb Code   112  main.o(i.main)
    read_config_from_eeprom                  0x080025a1   Thumb Code    10  w5500_conf.o(i.read_config_from_eeprom)
    recv                                     0x080025ab   Thumb Code    66  socket.o(i.recv)
    recv_data_processing                     0x080025ed   Thumb Code   116  w5500.o(i.recv_data_processing)
    reset_w5500                              0x08002681   Thumb Code    38  w5500_conf.o(i.reset_w5500)
    send                                     0x080026ad   Thumb Code   216  socket.o(i.send)
    send_data_processing                     0x08002799   Thumb Code   116  w5500.o(i.send_data_processing)
    setGAR                                   0x0800282d   Thumb Code    16  w5500.o(i.setGAR)
    setSHAR                                  0x0800283d   Thumb Code    18  w5500.o(i.setSHAR)
    setSIPR                                  0x0800284f   Thumb Code    18  w5500.o(i.setSIPR)
    setSUBR                                  0x08002861   Thumb Code    18  w5500.o(i.setSUBR)
    setSn_IR                                 0x08002873   Thumb Code    22  w5500.o(i.setSn_IR)
    set_w5500_ip                             0x08002889   Thumb Code   334  w5500_conf.o(i.set_w5500_ip)
    set_w5500_mac                            0x08002afd   Thumb Code    32  w5500_conf.o(i.set_w5500_mac)
    socket                                   0x08002b29   Thumb Code   192  socket.o(i.socket)
    socket_buf_init                          0x08002bed   Thumb Code   128  w5500.o(i.socket_buf_init)
    wiz_cs                                   0x08002c75   Thumb Code    34  spi.o(i.wiz_cs)
    wiz_read_buf                             0x08002c9d   Thumb Code    78  w5500_conf.o(i.wiz_read_buf)
    wiz_write_buf                            0x08002d05   Thumb Code    80  w5500_conf.o(i.wiz_write_buf)
    write_config_to_eeprom                   0x08002d6d   Thumb Code    12  w5500_conf.o(i.write_config_to_eeprom)
    _fp_init                                 0x08002d79   Thumb Code    10  fpinit.o(x$fpl$fpinit)
    __fplib_config_fpu_vfp                   0x08002d81   Thumb Code     0  fpinit.o(x$fpl$fpinit)
    __fplib_config_pureend_doubles           0x08002d81   Thumb Code     0  fpinit.o(x$fpl$fpinit)
    AHBPrescTable                            0x08002d82   Data          16  system_stm32f4xx.o(.constdata)
    APBPrescTable                            0x08002d92   Data           8  system_stm32f4xx.o(.constdata)
    Region$$Table$$Base                      0x08002dac   Number         0  anon$$obj.o(Region$$Table)
    Region$$Table$$Limit                     0x08002dcc   Number         0  anon$$obj.o(Region$$Table)
    __stdout                                 0x20000000   Data           4  usart.o(.data)
    uwTick                                   0x20000004   Data           4  stm32f4xx_hal.o(.data)
    uwTickPrio                               0x20000008   Data           4  stm32f4xx_hal.o(.data)
    uwTickFreq                               0x2000000c   Data           1  stm32f4xx_hal.o(.data)
    SystemCoreClock                          0x20000010   Data           4  system_stm32f4xx.o(.data)
    txsize                                   0x20000015   Data           8  w5500.o(.data)
    rxsize                                   0x2000001d   Data           8  w5500.o(.data)
    mac                                      0x20000028   Data           6  w5500_conf.o(.data)
    local_ip                                 0x2000002e   Data           4  w5500_conf.o(.data)
    subnet                                   0x20000032   Data           4  w5500_conf.o(.data)
    gateway                                  0x20000036   Data           4  w5500_conf.o(.data)
    dns_server                               0x2000003a   Data           4  w5500_conf.o(.data)
    local_port                               0x2000003e   Data           2  w5500_conf.o(.data)
    remote_ip                                0x20000040   Data           4  w5500_conf.o(.data)
    remote_port                              0x20000044   Data           2  w5500_conf.o(.data)
    ip_from                                  0x20000046   Data           1  w5500_conf.o(.data)
    dhcp_ok                                  0x20000047   Data           1  w5500_conf.o(.data)
    ms                                       0x20000048   Data           4  w5500_conf.o(.data)
    dhcp_time                                0x2000004c   Data           4  w5500_conf.o(.data)
    ntptimer                                 0x20000050   Data           1  w5500_conf.o(.data)
    hspi1                                    0x20000054   Data          88  spi.o(.bss)
    htim7                                    0x200000ac   Data          72  tim.o(.bss)
    huart1                                   0x200000f4   Data          68  usart.o(.bss)
    DHCP_GET                                 0x20000138   Data          22  dhcp.o(.bss)
    EXTERN_DHCPBUF                           0x2000014e   Data        1024  dhcp.o(.bss)
    buff                                     0x2000054e   Data        2048  tcp_demo.o(.bss)
    SSIZE                                    0x20000d4e   Data          16  w5500.o(.bss)
    RSIZE                                    0x20000d5e   Data          16  w5500.o(.bss)
    ConfigMsg                                0x20000d6e   Data          28  w5500_conf.o(.bss)
    EEPROM_MSG                               0x20000d8a   Data          18  w5500_conf.o(.bss)
    __libspace_start                         0x20000d9c   Data          96  libspace.o(.bss)
    __temporary_stack_top$libspace           0x20000dfc   Data           0  libspace.o(.bss)



==============================================================================

Memory Map of the image

  Image Entry point : 0x08000189

  Load Region LR_IROM1 (Base: 0x08000000, Size: 0x00002e20, Max: 0x00100000, ABSOLUTE)

    Execution Region ER_IROM1 (Base: 0x08000000, Size: 0x00002dcc, Max: 0x00100000, ABSOLUTE)

    Base Addr    Size         Type   Attr      Idx    E Section Name        Object

    0x08000000   0x00000188   Data   RO            3    RESET               startup_stm32f407xx.o
    0x08000188   0x00000008   Code   RO         4165  * !!!main             c_w.l(__main.o)
    0x08000190   0x00000034   Code   RO         4453    !!!scatter          c_w.l(__scatter.o)
    0x080001c4   0x0000001a   Code   RO         4455    !!handler_copy      c_w.l(__scatter_copy.o)
    0x080001de   0x00000002   PAD
    0x080001e0   0x0000001c   Code   RO         4457    !!handler_zi        c_w.l(__scatter_zi.o)
    0x080001fc   0x00000000   Code   RO         4143    .ARM.Collect$$_printf_percent$$00000000  c_w.l(_printf_percent.o)
    0x080001fc   0x00000006   Code   RO         4142    .ARM.Collect$$_printf_percent$$00000009  c_w.l(_printf_d.o)
    0x08000202   0x00000006   Code   RO         4140    .ARM.Collect$$_printf_percent$$00000014  c_w.l(_printf_s.o)
    0x08000208   0x00000004   Code   RO         4209    .ARM.Collect$$_printf_percent$$00000017  c_w.l(_printf_percent_end.o)
    0x0800020c   0x00000002   Code   RO         4317    .ARM.Collect$$libinit$$00000000  c_w.l(libinit.o)
    0x0800020e   0x00000004   Code   RO         4339    .ARM.Collect$$libinit$$00000001  c_w.l(libinit2.o)
    0x08000212   0x00000000   Code   RO         4342    .ARM.Collect$$libinit$$00000004  c_w.l(libinit2.o)
    0x08000212   0x00000000   Code   RO         4345    .ARM.Collect$$libinit$$0000000A  c_w.l(libinit2.o)
    0x08000212   0x00000000   Code   RO         4347    .ARM.Collect$$libinit$$0000000C  c_w.l(libinit2.o)
    0x08000212   0x00000000   Code   RO         4349    .ARM.Collect$$libinit$$0000000E  c_w.l(libinit2.o)
    0x08000212   0x00000000   Code   RO         4352    .ARM.Collect$$libinit$$00000011  c_w.l(libinit2.o)
    0x08000212   0x00000000   Code   RO         4354    .ARM.Collect$$libinit$$00000013  c_w.l(libinit2.o)
    0x08000212   0x00000000   Code   RO         4356    .ARM.Collect$$libinit$$00000015  c_w.l(libinit2.o)
    0x08000212   0x00000000   Code   RO         4358    .ARM.Collect$$libinit$$00000017  c_w.l(libinit2.o)
    0x08000212   0x00000000   Code   RO         4360    .ARM.Collect$$libinit$$00000019  c_w.l(libinit2.o)
    0x08000212   0x00000000   Code   RO         4362    .ARM.Collect$$libinit$$0000001B  c_w.l(libinit2.o)
    0x08000212   0x00000000   Code   RO         4364    .ARM.Collect$$libinit$$0000001D  c_w.l(libinit2.o)
    0x08000212   0x00000000   Code   RO         4366    .ARM.Collect$$libinit$$0000001F  c_w.l(libinit2.o)
    0x08000212   0x00000000   Code   RO         4368    .ARM.Collect$$libinit$$00000021  c_w.l(libinit2.o)
    0x08000212   0x00000000   Code   RO         4370    .ARM.Collect$$libinit$$00000023  c_w.l(libinit2.o)
    0x08000212   0x00000000   Code   RO         4372    .ARM.Collect$$libinit$$00000025  c_w.l(libinit2.o)
    0x08000212   0x00000000   Code   RO         4376    .ARM.Collect$$libinit$$0000002C  c_w.l(libinit2.o)
    0x08000212   0x00000000   Code   RO         4378    .ARM.Collect$$libinit$$0000002E  c_w.l(libinit2.o)
    0x08000212   0x00000000   Code   RO         4380    .ARM.Collect$$libinit$$00000030  c_w.l(libinit2.o)
    0x08000212   0x00000000   Code   RO         4382    .ARM.Collect$$libinit$$00000032  c_w.l(libinit2.o)
    0x08000212   0x00000002   Code   RO         4383    .ARM.Collect$$libinit$$00000033  c_w.l(libinit2.o)
    0x08000214   0x00000002   Code   RO         4409    .ARM.Collect$$libshutdown$$00000000  c_w.l(libshutdown.o)
    0x08000216   0x00000000   Code   RO         4436    .ARM.Collect$$libshutdown$$00000002  c_w.l(libshutdown2.o)
    0x08000216   0x00000000   Code   RO         4438    .ARM.Collect$$libshutdown$$00000004  c_w.l(libshutdown2.o)
    0x08000216   0x00000000   Code   RO         4441    .ARM.Collect$$libshutdown$$00000007  c_w.l(libshutdown2.o)
    0x08000216   0x00000000   Code   RO         4444    .ARM.Collect$$libshutdown$$0000000A  c_w.l(libshutdown2.o)
    0x08000216   0x00000000   Code   RO         4446    .ARM.Collect$$libshutdown$$0000000C  c_w.l(libshutdown2.o)
    0x08000216   0x00000000   Code   RO         4449    .ARM.Collect$$libshutdown$$0000000F  c_w.l(libshutdown2.o)
    0x08000216   0x00000002   Code   RO         4450    .ARM.Collect$$libshutdown$$00000010  c_w.l(libshutdown2.o)
    0x08000218   0x00000000   Code   RO         4169    .ARM.Collect$$rtentry$$00000000  c_w.l(__rtentry.o)
    0x08000218   0x00000000   Code   RO         4230    .ARM.Collect$$rtentry$$00000002  c_w.l(__rtentry2.o)
    0x08000218   0x00000006   Code   RO         4242    .ARM.Collect$$rtentry$$00000004  c_w.l(__rtentry4.o)
    0x0800021e   0x00000000   Code   RO         4232    .ARM.Collect$$rtentry$$00000009  c_w.l(__rtentry2.o)
    0x0800021e   0x00000004   Code   RO         4233    .ARM.Collect$$rtentry$$0000000A  c_w.l(__rtentry2.o)
    0x08000222   0x00000000   Code   RO         4235    .ARM.Collect$$rtentry$$0000000C  c_w.l(__rtentry2.o)
    0x08000222   0x00000008   Code   RO         4236    .ARM.Collect$$rtentry$$0000000D  c_w.l(__rtentry2.o)
    0x0800022a   0x00000002   Code   RO         4326    .ARM.Collect$$rtexit$$00000000  c_w.l(rtexit.o)
    0x0800022c   0x00000000   Code   RO         4385    .ARM.Collect$$rtexit$$00000002  c_w.l(rtexit2.o)
    0x0800022c   0x00000004   Code   RO         4386    .ARM.Collect$$rtexit$$00000003  c_w.l(rtexit2.o)
    0x08000230   0x00000006   Code   RO         4387    .ARM.Collect$$rtexit$$00000004  c_w.l(rtexit2.o)
    0x08000236   0x00000002   PAD
    0x08000238   0x00000040   Code   RO            4    .text               startup_stm32f407xx.o
    0x08000278   0x00000002   Code   RO         4077    .text               c_w.l(use_no_semi_2.o)
    0x0800027a   0x000000ee   Code   RO         4079    .text               c_w.l(lludivv7m.o)
    0x08000368   0x00000018   Code   RO         4083    .text               c_w.l(__2printf.o)
    0x08000380   0x00000052   Code   RO         4095    .text               c_w.l(_printf_str.o)
    0x080003d2   0x00000002   PAD
    0x080003d4   0x00000078   Code   RO         4097    .text               c_w.l(_printf_dec.o)
    0x0800044c   0x00000188   Code   RO         4137    .text               c_w.l(__printf_flags_ss_wp.o)
    0x080005d4   0x0000004e   Code   RO         4159    .text               c_w.l(rt_memclr_w.o)
    0x08000622   0x00000006   Code   RO         4163    .text               c_w.l(heapauxi.o)
    0x08000628   0x00000002   Code   RO         4167    .text               c_w.l(use_no_semi.o)
    0x0800062a   0x000000b2   Code   RO         4176    .text               c_w.l(_printf_intcommon.o)
    0x080006dc   0x00000030   Code   RO         4180    .text               c_w.l(_printf_char_common.o)
    0x0800070c   0x0000002c   Code   RO         4184    .text               c_w.l(_printf_char.o)
    0x08000738   0x00000024   Code   RO         4186    .text               c_w.l(_printf_char_file.o)
    0x0800075c   0x00000008   Code   RO         4257    .text               c_w.l(ferror.o)
    0x08000764   0x0000004a   Code   RO         4267    .text               c_w.l(sys_stackheap_outer.o)
    0x080007ae   0x00000012   Code   RO         4306    .text               c_w.l(exit.o)
    0x080007c0   0x00000008   Code   RO         4323    .text               c_w.l(libspace.o)
    0x080007c8   0x00000004   Code   RO          371    i.BusFault_Handler  stm32f4xx_it.o
    0x080007cc   0x00000002   Code   RO          372    i.DebugMon_Handler  stm32f4xx_it.o
    0x080007ce   0x00000006   Code   RO           13    i.Error_Handler     main.o
    0x080007d4   0x000001f0   Code   RO         1192    i.HAL_GPIO_Init     stm32f4xx_hal_gpio.o
    0x080009c4   0x0000000c   Code   RO         1196    i.HAL_GPIO_WritePin  stm32f4xx_hal_gpio.o
    0x080009d0   0x0000000c   Code   RO         1729    i.HAL_GetTick       stm32f4xx_hal.o
    0x080009dc   0x00000018   Code   RO         1735    i.HAL_IncTick       stm32f4xx_hal.o
    0x080009f4   0x0000003c   Code   RO         1736    i.HAL_Init          stm32f4xx_hal.o
    0x08000a30   0x0000004c   Code   RO         1737    i.HAL_InitTick      stm32f4xx_hal.o
    0x08000a7c   0x00000048   Code   RO          446    i.HAL_MspInit       stm32f4xx_hal_msp.o
    0x08000ac4   0x0000007c   Code   RO         1587    i.HAL_NVIC_SetPriority  stm32f4xx_hal_cortex.o
    0x08000b40   0x00000028   Code   RO         1588    i.HAL_NVIC_SetPriorityGrouping  stm32f4xx_hal_cortex.o
    0x08000b68   0x00000184   Code   RO          793    i.HAL_RCC_ClockConfig  stm32f4xx_hal_rcc.o
    0x08000cec   0x0000000c   Code   RO          798    i.HAL_RCC_GetHCLKFreq  stm32f4xx_hal_rcc.o
    0x08000cf8   0x00000020   Code   RO          800    i.HAL_RCC_GetPCLK1Freq  stm32f4xx_hal_rcc.o
    0x08000d18   0x00000020   Code   RO          801    i.HAL_RCC_GetPCLK2Freq  stm32f4xx_hal_rcc.o
    0x08000d38   0x000000b0   Code   RO          802    i.HAL_RCC_GetSysClockFreq  stm32f4xx_hal_rcc.o
    0x08000de8   0x0000049c   Code   RO          805    i.HAL_RCC_OscConfig  stm32f4xx_hal_rcc.o
    0x08001284   0x000000c8   Code   RO          481    i.HAL_SPI_Init      stm32f4xx_hal_spi.o
    0x0800134c   0x00000088   Code   RO          217    i.HAL_SPI_MspInit   spi.o
    0x080013d4   0x0000022a   Code   RO          490    i.HAL_SPI_TransmitReceive  stm32f4xx_hal_spi.o
    0x080015fe   0x00000034   Code   RO         1592    i.HAL_SYSTICK_Config  stm32f4xx_hal_cortex.o
    0x08001632   0x00000002   PAD
    0x08001634   0x000000b4   Code   RO         2710    i.HAL_TIMEx_MasterConfigSynchronization  stm32f4xx_hal_tim_ex.o
    0x080016e8   0x00000066   Code   RO         1976    i.HAL_TIM_Base_Init  stm32f4xx_hal_tim.o
    0x0800174e   0x00000002   PAD
    0x08001750   0x00000034   Code   RO          271    i.HAL_TIM_Base_MspInit  tim.o
    0x08001784   0x00000072   Code   RO         2987    i.HAL_UART_Init     stm32f4xx_hal_uart.o
    0x080017f6   0x00000002   PAD
    0x080017f8   0x00000088   Code   RO          313    i.HAL_UART_MspInit  usart.o
    0x08001880   0x00000004   Code   RO          373    i.HardFault_Handler  stm32f4xx_it.o
    0x08001884   0x00000032   Code   RO         3940    i.IINCHIP_READ      w5500_conf.o
    0x080018b6   0x0000000c   Code   RO         3941    i.IINCHIP_SpiSendData  w5500_conf.o
    0x080018c2   0x00000032   Code   RO         3942    i.IINCHIP_WRITE     w5500_conf.o
    0x080018f4   0x00000170   Code   RO          192    i.MX_GPIO_Init      gpio.o
    0x08001a64   0x00000048   Code   RO          218    i.MX_SPI1_Init      spi.o
    0x08001aac   0x0000004c   Code   RO          272    i.MX_TIM7_Init      tim.o
    0x08001af8   0x00000038   Code   RO          314    i.MX_USART1_UART_Init  usart.o
    0x08001b30   0x00000004   Code   RO          374    i.MemManage_Handler  stm32f4xx_it.o
    0x08001b34   0x00000004   Code   RO          375    i.NMI_Handler       stm32f4xx_it.o
    0x08001b38   0x00000002   Code   RO          376    i.PendSV_Handler    stm32f4xx_it.o
    0x08001b3a   0x00000002   PAD
    0x08001b3c   0x0000006c   Code   RO          519    i.SPI_EndRxTxTransaction  stm32f4xx_hal_spi.o
    0x08001ba8   0x00000024   Code   RO          219    i.SPI_SendByte      spi.o
    0x08001bcc   0x000000d8   Code   RO          524    i.SPI_WaitFlagStateUntilTimeout  stm32f4xx_hal_spi.o
    0x08001ca4   0x00000002   Code   RO          377    i.SVC_Handler       stm32f4xx_it.o
    0x08001ca6   0x00000008   Code   RO          378    i.SysTick_Handler   stm32f4xx_it.o
    0x08001cae   0x00000002   PAD
    0x08001cb0   0x000000b4   Code   RO           14    i.SystemClock_Config  main.o
    0x08001d64   0x00000014   Code   RO         3326    i.SystemInit        system_stm32f4xx.o
    0x08001d78   0x000000d8   Code   RO         2069    i.TIM_Base_SetConfig  stm32f4xx_hal_tim.o
    0x08001e50   0x0000022c   Code   RO         3014    i.UART_SetConfig    stm32f4xx_hal_uart.o
    0x0800207c   0x00000004   Code   RO          379    i.UsageFault_Handler  stm32f4xx_it.o
    0x08002080   0x00000010   Code   RO         1594    i.__NVIC_GetPriorityGrouping  stm32f4xx_hal_cortex.o
    0x08002090   0x00000028   Code   RO         1595    i.__NVIC_SetPriority  stm32f4xx_hal_cortex.o
    0x080020b8   0x0000000e   Code   RO         4130    i._is_digit         c_w.l(__printf_wp.o)
    0x080020c6   0x00000004   Code   RO          315    i._sys_exit         usart.o
    0x080020ca   0x00000034   Code   RO         3509    i.close             socket.o
    0x080020fe   0x000000f8   Code   RO         3510    i.connect           socket.o
    0x080021f6   0x00000018   Code   RO         3591    i.delay_ms          utility.o
    0x0800220e   0x00000002   PAD
    0x08002210   0x00000048   Code   RO         3593    i.delay_us          utility.o
    0x08002258   0x000000a8   Code   RO         3476    i.do_tcp_client     tcp_demo.o
    0x08002300   0x0000001c   Code   RO          316    i.fputc             usart.o
    0x0800231c   0x00000010   Code   RO         3756    i.getGAR            w5500.o
    0x0800232c   0x00000010   Code   RO         3758    i.getIINCHIP_TxMAX  w5500.o
    0x0800233c   0x00000012   Code   RO         3761    i.getSIPR           w5500.o
    0x0800234e   0x00000012   Code   RO         3762    i.getSUBR           w5500.o
    0x08002360   0x00000012   Code   RO         3763    i.getSn_IR          w5500.o
    0x08002372   0x00000054   Code   RO         3764    i.getSn_RX_RSR      w5500.o
    0x080023c6   0x00000012   Code   RO         3765    i.getSn_SR          w5500.o
    0x080023d8   0x00000054   Code   RO         3766    i.getSn_TX_FSR      w5500.o
    0x0800242c   0x00000002   Code   RO         3944    i.gpio_for_w5500_config  w5500_conf.o
    0x0800242e   0x0000000a   Code   RO         3945    i.iinchip_csoff     w5500_conf.o
    0x08002438   0x0000000a   Code   RO         3946    i.iinchip_cson      w5500_conf.o
    0x08002442   0x00000002   PAD
    0x08002444   0x0000015c   Code   RO           15    i.main              main.o
    0x080025a0   0x0000000a   Code   RO         3948    i.read_config_from_eeprom  w5500_conf.o
    0x080025aa   0x00000042   Code   RO         3513    i.recv              socket.o
    0x080025ec   0x00000094   Code   RO         3768    i.recv_data_processing  w5500.o
    0x08002680   0x0000002c   Code   RO         3950    i.reset_w5500       w5500_conf.o
    0x080026ac   0x000000ec   Code   RO         3515    i.send              socket.o
    0x08002798   0x00000094   Code   RO         3769    i.send_data_processing  w5500.o
    0x0800282c   0x00000010   Code   RO         3770    i.setGAR            w5500.o
    0x0800283c   0x00000012   Code   RO         3774    i.setSHAR           w5500.o
    0x0800284e   0x00000012   Code   RO         3775    i.setSIPR           w5500.o
    0x08002860   0x00000012   Code   RO         3776    i.setSUBR           w5500.o
    0x08002872   0x00000016   Code   RO         3777    i.setSn_IR          w5500.o
    0x08002888   0x00000274   Code   RO         3951    i.set_w5500_ip      w5500_conf.o
    0x08002afc   0x0000002c   Code   RO         3952    i.set_w5500_mac     w5500_conf.o
    0x08002b28   0x000000c4   Code   RO         3517    i.socket            socket.o
    0x08002bec   0x00000088   Code   RO         3780    i.socket_buf_init   w5500.o
    0x08002c74   0x00000028   Code   RO          220    i.wiz_cs            spi.o
    0x08002c9c   0x00000068   Code   RO         3955    i.wiz_read_buf      w5500_conf.o
    0x08002d04   0x00000068   Code   RO         3956    i.wiz_write_buf     w5500_conf.o
    0x08002d6c   0x0000000c   Code   RO         3957    i.write_config_to_eeprom  w5500_conf.o
    0x08002d78   0x0000000a   Code   RO         4397    x$fpl$fpinit        fz_wm.l(fpinit.o)
    0x08002d82   0x00000018   Data   RO         3327    .constdata          system_stm32f4xx.o
    0x08002d9a   0x00000011   Data   RO         4138    .constdata          c_w.l(__printf_flags_ss_wp.o)
    0x08002dab   0x00000001   PAD
    0x08002dac   0x00000020   Data   RO         4451    Region$$Table       anon$$obj.o


    Execution Region RW_IRAM2 (Base: 0x10000000, Size: 0x00000000, Max: 0x00010000, ABSOLUTE)

    **** No section assigned to this execution region ****


    Execution Region RW_IRAM1 (Base: 0x20000000, Size: 0x00001400, Max: 0x00020000, ABSOLUTE)

    Base Addr    Size         Type   Attr      Idx    E Section Name        Object

    0x20000000   0x00000004   Data   RW          318    .data               usart.o
    0x20000004   0x00000009   Data   RW         1743    .data               stm32f4xx_hal.o
    0x2000000d   0x00000003   PAD
    0x20000010   0x00000004   Data   RW         3328    .data               system_stm32f4xx.o
    0x20000014   0x00000001   Data   RW         3609    .data               utility.o
    0x20000015   0x00000010   Data   RW         3782    .data               w5500.o
    0x20000025   0x00000003   PAD
    0x20000028   0x00000029   Data   RW         3959    .data               w5500_conf.o
    0x20000051   0x00000003   PAD
    0x20000054   0x00000058   Zero   RW          221    .bss                spi.o
    0x200000ac   0x00000048   Zero   RW          273    .bss                tim.o
    0x200000f4   0x00000044   Zero   RW          317    .bss                usart.o
    0x20000138   0x00000416   Zero   RW         3373    .bss                dhcp.o
    0x2000054e   0x00000800   Zero   RW         3478    .bss                tcp_demo.o
    0x20000d4e   0x00000020   Zero   RW         3781    .bss                w5500.o
    0x20000d6e   0x0000002e   Zero   RW         3958    .bss                w5500_conf.o
    0x20000d9c   0x00000060   Zero   RW         4324    .bss                c_w.l(libspace.o)
    0x20000dfc   0x00000004   PAD
    0x20000e00   0x00000200   Zero   RW            2    HEAP                startup_stm32f407xx.o
    0x20001000   0x00000400   Zero   RW            1    STACK               startup_stm32f407xx.o


==============================================================================

Image component sizes


      Code (inc. data)   RO Data    RW Data    ZI Data      Debug   Object Name

         0          0          0          0       1046       5010   dhcp.o
       368         22          0          0          0       1103   gpio.o
       534        244          0          0          0     699128   main.o
       798         24          0          0          0       4017   socket.o
       284         36          0          0         88       2693   spi.o
        64         26        392          0       1536        832   startup_stm32f407xx.o
       172         32          0          9          0       8677   stm32f4xx_hal.o
       272         22          0          0          0      33690   stm32f4xx_hal_cortex.o
       508         44          0          0          0       2080   stm32f4xx_hal_gpio.o
        72          4          0          0          0        834   stm32f4xx_hal_msp.o
      1820         84          0          0          0       5544   stm32f4xx_hal_rcc.o
      1078         14          0          0          0       4613   stm32f4xx_hal_spi.o
       318         46          0          0          0       1905   stm32f4xx_hal_tim.o
       180         30          0          0          0       1312   stm32f4xx_hal_tim_ex.o
       670         10          0          0          0       1796   stm32f4xx_hal_uart.o
        34          0          0          0          0       4130   stm32f4xx_it.o
        20          6         24          4          0       1099   system_stm32f4xx.o
       168         26          0          0       2048       1211   tcp_demo.o
       128         18          0          0         72       1530   tim.o
       224         28          0          4         68       3970   usart.o
        96          4          0          1          0       1382   utility.o
       796         78          0         16         32       9910   w5500.o
      1080        362          0         41         46       9670   w5500_conf.o

    ----------------------------------------------------------------------
      9698       1160        448         84       4936     806136   Object Totals
         0          0         32          0          0          0   (incl. Generated)
        14          0          0          9          0          0   (incl. Padding)

    ----------------------------------------------------------------------

      Code (inc. data)   RO Data    RW Data    ZI Data      Debug   Library Member Name

        24          4          0          0          0         84   __2printf.o
         8          0          0          0          0         68   __main.o
       392          4         17          0          0         92   __printf_flags_ss_wp.o
        14          0          0          0          0         68   __printf_wp.o
         0          0          0          0          0          0   __rtentry.o
        12          0          0          0          0          0   __rtentry2.o
         6          0          0          0          0          0   __rtentry4.o
        52          8          0          0          0          0   __scatter.o
        26          0          0          0          0          0   __scatter_copy.o
        28          0          0          0          0          0   __scatter_zi.o
        44          0          0          0          0        108   _printf_char.o
        48          6          0          0          0         96   _printf_char_common.o
        36          4          0          0          0         80   _printf_char_file.o
         6          0          0          0          0          0   _printf_d.o
       120         16          0          0          0         92   _printf_dec.o
       178          0          0          0          0         88   _printf_intcommon.o
         0          0          0          0          0          0   _printf_percent.o
         4          0          0          0          0          0   _printf_percent_end.o
         6          0          0          0          0          0   _printf_s.o
        82          0          0          0          0         80   _printf_str.o
        18          0          0          0          0         80   exit.o
         8          0          0          0          0         68   ferror.o
         6          0          0          0          0        152   heapauxi.o
         2          0          0          0          0          0   libinit.o
         6          0          0          0          0          0   libinit2.o
         2          0          0          0          0          0   libshutdown.o
         2          0          0          0          0          0   libshutdown2.o
         8          4          0          0         96         68   libspace.o
       238          0          0          0          0        100   lludivv7m.o
        78          0          0          0          0         80   rt_memclr_w.o
         2          0          0          0          0          0   rtexit.o
        10          0          0          0          0          0   rtexit2.o
        74          0          0          0          0         80   sys_stackheap_outer.o
         2          0          0          0          0         68   use_no_semi.o
         2          0          0          0          0         68   use_no_semi_2.o
        10          0          0          0          0        116   fpinit.o

    ----------------------------------------------------------------------
      1560         46         18          0        100       1736   Library Totals
         6          0          1          0          4          0   (incl. Padding)

    ----------------------------------------------------------------------

      Code (inc. data)   RO Data    RW Data    ZI Data      Debug   Library Name

      1544         46         17          0         96       1620   c_w.l
        10          0          0          0          0        116   fz_wm.l

    ----------------------------------------------------------------------
      1560         46         18          0        100       1736   Library Totals

    ----------------------------------------------------------------------

==============================================================================


      Code (inc. data)   RO Data    RW Data    ZI Data      Debug   

     11258       1206        466         84       5036     798992   Grand Totals
     11258       1206        466         84       5036     798992   ELF Image Totals
     11258       1206        466         84          0          0   ROM Totals

==============================================================================

    Total RO  Size (Code + RO Data)                11724 (  11.45kB)
    Total RW  Size (RW Data + ZI Data)              5120 (   5.00kB)
    Total ROM Size (Code + RO Data + RW Data)      11808 (  11.53kB)

==============================================================================

