Component: ARM Compiler 5.06 update 3 (build 300) Tool: armlink [4d35c9]

==============================================================================

Section Cross References

    startup_stm32f407xx.o(STACK) refers (Special) to heapauxi.o(.text) for __use_two_region_memory
    startup_stm32f407xx.o(HEAP) refers (Special) to heapauxi.o(.text) for __use_two_region_memory
    startup_stm32f407xx.o(RESET) refers (Special) to heapauxi.o(.text) for __use_two_region_memory
    startup_stm32f407xx.o(RESET) refers to startup_stm32f407xx.o(STACK) for __initial_sp
    startup_stm32f407xx.o(RESET) refers to startup_stm32f407xx.o(.text) for Reset_Handler
    startup_stm32f407xx.o(RESET) refers to stm32f4xx_it.o(i.NMI_Handler) for NMI_Handler
    startup_stm32f407xx.o(RESET) refers to context_rvds.o(.text) for HardFault_Handler
    startup_stm32f407xx.o(RESET) refers to stm32f4xx_it.o(i.MemManage_Handler) for MemManage_Handler
    startup_stm32f407xx.o(RESET) refers to stm32f4xx_it.o(i.BusFault_Handler) for BusFault_Handler
    startup_stm32f407xx.o(RESET) refers to stm32f4xx_it.o(i.UsageFault_Handler) for UsageFault_Handler
    startup_stm32f407xx.o(RESET) refers to stm32f4xx_it.o(i.DebugMon_Handler) for DebugMon_Handler
    startup_stm32f407xx.o(RESET) refers to board.o(i.SysTick_Handler) for SysTick_Handler
    startup_stm32f407xx.o(RESET) refers to stm32f4xx_it.o(i.TIM1_UP_TIM10_IRQHandler) for TIM1_UP_TIM10_IRQHandler
    startup_stm32f407xx.o(.text) refers (Special) to heapauxi.o(.text) for __use_two_region_memory
    startup_stm32f407xx.o(.text) refers to system_stm32f4xx.o(i.SystemInit) for SystemInit
    startup_stm32f407xx.o(.text) refers to __main.o(!!!main) for __main
    startup_stm32f407xx.o(.text) refers to startup_stm32f407xx.o(HEAP) for Heap_Mem
    startup_stm32f407xx.o(.text) refers to startup_stm32f407xx.o(STACK) for Stack_Mem
    main.o(i.HAL_TIM_PeriodElapsedCallback) refers to stm32f4xx_hal.o(i.HAL_IncTick) for HAL_IncTick
    main.o(i.SystemClock_Config) refers to rt_memclr_w.o(.text) for __aeabi_memclr4
    main.o(i.SystemClock_Config) refers to stm32f4xx_hal_rcc.o(i.HAL_RCC_OscConfig) for HAL_RCC_OscConfig
    main.o(i.SystemClock_Config) refers to stm32f4xx_hal_rcc.o(i.HAL_RCC_ClockConfig) for HAL_RCC_ClockConfig
    main.o(i.led1_thread_entry) refers to stm32f4xx_hal_gpio.o(i.HAL_GPIO_TogglePin) for HAL_GPIO_TogglePin
    main.o(i.led1_thread_entry) refers to thread.o(i.rt_thread_delay) for rt_thread_delay
    main.o(i.main) refers to gpio.o(i.MX_GPIO_Init) for MX_GPIO_Init
    main.o(i.main) refers to usart.o(i.MX_USART1_UART_Init) for MX_USART1_UART_Init
    main.o(i.main) refers to thread.o(i.rt_thread_create) for rt_thread_create
    main.o(i.main) refers to thread.o(i.rt_thread_startup) for rt_thread_startup
    main.o(i.main) refers to main.o(i.led1_thread_entry) for led1_thread_entry
    main.o(i.main) refers to main.o(.data) for .data
    gpio.o(i.MX_GPIO_Init) refers to rt_memclr_w.o(.text) for __aeabi_memclr4
    gpio.o(i.MX_GPIO_Init) refers to stm32f4xx_hal_gpio.o(i.HAL_GPIO_WritePin) for HAL_GPIO_WritePin
    gpio.o(i.MX_GPIO_Init) refers to stm32f4xx_hal_gpio.o(i.HAL_GPIO_Init) for HAL_GPIO_Init
    usart.o(i.HAL_UART_MspDeInit) refers to stm32f4xx_hal_gpio.o(i.HAL_GPIO_DeInit) for HAL_GPIO_DeInit
    usart.o(i.HAL_UART_MspInit) refers to rt_memclr_w.o(.text) for __aeabi_memclr4
    usart.o(i.HAL_UART_MspInit) refers to stm32f4xx_hal_gpio.o(i.HAL_GPIO_Init) for HAL_GPIO_Init
    usart.o(i.MX_USART1_UART_Init) refers to stm32f4xx_hal_uart.o(i.HAL_UART_Init) for HAL_UART_Init
    usart.o(i.MX_USART1_UART_Init) refers to main.o(i.Error_Handler) for Error_Handler
    usart.o(i.MX_USART1_UART_Init) refers to usart.o(.bss) for .bss
    stm32f4xx_it.o(i.TIM1_UP_TIM10_IRQHandler) refers to stm32f4xx_hal_tim.o(i.HAL_TIM_IRQHandler) for HAL_TIM_IRQHandler
    stm32f4xx_it.o(i.TIM1_UP_TIM10_IRQHandler) refers to stm32f4xx_hal_timebase_tim.o(.bss) for htim1
    stm32f4xx_hal_timebase_tim.o(i.HAL_InitTick) refers to stm32f4xx_hal_cortex.o(i.HAL_NVIC_SetPriority) for HAL_NVIC_SetPriority
    stm32f4xx_hal_timebase_tim.o(i.HAL_InitTick) refers to stm32f4xx_hal_cortex.o(i.HAL_NVIC_EnableIRQ) for HAL_NVIC_EnableIRQ
    stm32f4xx_hal_timebase_tim.o(i.HAL_InitTick) refers to stm32f4xx_hal_rcc.o(i.HAL_RCC_GetClockConfig) for HAL_RCC_GetClockConfig
    stm32f4xx_hal_timebase_tim.o(i.HAL_InitTick) refers to stm32f4xx_hal_rcc.o(i.HAL_RCC_GetPCLK2Freq) for HAL_RCC_GetPCLK2Freq
    stm32f4xx_hal_timebase_tim.o(i.HAL_InitTick) refers to stm32f4xx_hal_tim.o(i.HAL_TIM_Base_Init) for HAL_TIM_Base_Init
    stm32f4xx_hal_timebase_tim.o(i.HAL_InitTick) refers to stm32f4xx_hal_tim.o(i.HAL_TIM_Base_Start_IT) for HAL_TIM_Base_Start_IT
    stm32f4xx_hal_timebase_tim.o(i.HAL_InitTick) refers to stm32f4xx_hal_timebase_tim.o(.bss) for .bss
    stm32f4xx_hal_timebase_tim.o(i.HAL_ResumeTick) refers to stm32f4xx_hal_timebase_tim.o(.bss) for .bss
[...]
    .constdata                               0x08005826   Section       10  board.o(.constdata)
    .constdata                               0x08005830   Section       14  msh.o(.constdata)
    __FUNCTION__                             0x08005830   Data          14  msh.o(.constdata)
    .constdata                               0x0800583e   Section       18  shell.o(.constdata)
    .constdata                               0x08005850   Section       74  shell.o(.constdata)
    __FUNCTION__                             0x08005850   Data          22  shell.o(.constdata)
    __FUNCTION__                             0x08005866   Data          22  shell.o(.constdata)
    __FUNCTION__                             0x0800587c   Data          15  shell.o(.constdata)
    __FUNCTION__                             0x0800588b   Data          15  shell.o(.constdata)
    .conststring                             0x0800589c   Section       69  ipc.o(.conststring)
    .conststring                             0x080058e4   Section      235  mem.o(.conststring)
    .conststring                             0x080059d0   Section       66  thread.o(.conststring)
    .conststring                             0x08005a14   Section       68  cmd.o(.conststring)
    .rodata.name                             0x08005a58   Section        9  mem.o(.rodata.name)
    .rodata.name                             0x08005a61   Section       30  mem.o(.rodata.name)
    .rodata.name                             0x08005a7f   Section        6  cmd.o(.rodata.name)
    .rodata.name                             0x08005a85   Section       16  cmd.o(.rodata.name)
    .rodata.name                             0x08005a95   Section        8  cmd.o(.rodata.name)
    .rodata.name                             0x08005a9d   Section       35  cmd.o(.rodata.name)
    .rodata.name                             0x08005ac0   Section       14  cmd.o(.rodata.name)
    .rodata.name                             0x08005ace   Section       35  cmd.o(.rodata.name)
    .rodata.name                             0x08005af1   Section       12  cmd.o(.rodata.name)
    .rodata.name                             0x08005afd   Section       12  cmd.o(.rodata.name)
    .rodata.name                             0x08005b09   Section       18  cmd.o(.rodata.name)
    .rodata.name                             0x08005b1b   Section       12  cmd.o(.rodata.name)
    .rodata.name                             0x08005b27   Section        9  cmd.o(.rodata.name)
    .rodata.name                             0x08005b30   Section       25  cmd.o(.rodata.name)
    .rodata.name                             0x08005b49   Section       15  cmd.o(.rodata.name)
    .rodata.name                             0x08005b58   Section       25  cmd.o(.rodata.name)
    .rodata.name                             0x08005b71   Section       11  cmd.o(.rodata.name)
    .rodata.name                             0x08005b7c   Section       21  cmd.o(.rodata.name)
    .rodata.name                             0x08005b91   Section       17  cmd.o(.rodata.name)
    .rodata.name                             0x08005ba2   Section       21  cmd.o(.rodata.name)
    .rodata.name                             0x08005bb7   Section        5  cmd.o(.rodata.name)
    .rodata.name                             0x08005bbc   Section       26  cmd.o(.rodata.name)
    .rodata.name                             0x08005bd6   Section       11  msh.o(.rodata.name)
    .rodata.name                             0x08005be1   Section       22  msh.o(.rodata.name)
    .rodata.name                             0x08005bf7   Section        9  msh.o(.rodata.name)
    .rodata.name                             0x08005c00   Section       28  msh.o(.rodata.name)
    .rodata.name                             0x08005c1c   Section       11  msh.o(.rodata.name)
    .rodata.name                             0x08005c27   Section       37  msh.o(.rodata.name)
    .rti_fn.0                                0x08005c4c   Section        8  components.o(.rti_fn.0)
    __tagsym$$used                           0x08005c4c   Number         0  components.o(.rti_fn.0)
    .rti_fn.0.end                            0x08005c54   Section        8  components.o(.rti_fn.0.end)
    __tagsym$$used                           0x08005c54   Number         0  components.o(.rti_fn.0.end)
    .rti_fn.1                                0x08005c5c   Section        8  board.o(.rti_fn.1)
    __tagsym$$used                           0x08005c5c   Number         0  board.o(.rti_fn.1)
    .rti_fn.1.end                            0x08005c64   Section        8  components.o(.rti_fn.1.end)
    __tagsym$$used                           0x08005c64   Number         0  components.o(.rti_fn.1.end)
    .rti_fn.6                                0x08005c6c   Section        8  shell.o(.rti_fn.6)
    __tagsym$$used                           0x08005c6c   Number         0  shell.o(.rti_fn.6)
    .rti_fn.6.end                            0x08005c74   Section        8  components.o(.rti_fn.6.end)
    __tagsym$$used                           0x08005c74   Number         0  components.o(.rti_fn.6.end)
    FSymTab                                  0x08005c7c   Section       12  mem.o(FSymTab)
    __tagsym$$used                           0x08005c7c   Number         0  mem.o(FSymTab)
    FSymTab                                  0x08005c88   Section      120  cmd.o(FSymTab)
    __tagsym$$used                           0x08005c88   Number         0  cmd.o(FSymTab)
    __tagsym$$used                           0x08005c94   Number         0  cmd.o(FSymTab)
    __tagsym$$used                           0x08005ca0   Number         0  cmd.o(FSymTab)
    __tagsym$$used                           0x08005cac   Number         0  cmd.o(FSymTab)
    __tagsym$$used                           0x08005cb8   Number         0  cmd.o(FSymTab)
    __tagsym$$used                           0x08005cc4   Number         0  cmd.o(FSymTab)
    __tagsym$$used                           0x08005cd0   Number         0  cmd.o(FSymTab)
    __tagsym$$used                           0x08005cdc   Number         0  cmd.o(FSymTab)
    __tagsym$$used                           0x08005ce8   Number         0  cmd.o(FSymTab)
    __tagsym$$used                           0x08005cf4   Number         0  cmd.o(FSymTab)
    FSymTab                                  0x08005d00   Section       36  msh.o(FSymTab)
    __tagsym$$used                           0x08005d00   Number         0  msh.o(FSymTab)
    __tagsym$$used                           0x08005d0c   Number         0  msh.o(FSymTab)
    __tagsym$$used                           0x08005d18   Number         0  msh.o(FSymTab)
    .data                                    0x20000000   Section        4  main.o(.data)
    led1_thread                              0x20000000   Data           4  main.o(.data)
    .data                                    0x20000004   Section       12  stm32f4xx_hal.o(.data)
    .data                                    0x20000010   Section        4  system_stm32f4xx.o(.data)
    .data                                    0x20000014   Section        4  clock.o(.data)
    rt_tick                                  0x20000014   Data           4  clock.o(.data)
    .data                                    0x20000018   Section        1  irq.o(.data)
    .data                                    0x2000001c   Section        8  kservice.o(.data)
    __rt_errno                               0x2000001c   Data           4  kservice.o(.data)
    .data                                    0x20000024   Section       24  mem.o(.data)
    heap_ptr                                 0x20000024   Data           4  mem.o(.data)
    heap_end                                 0x20000028   Data           4  mem.o(.data)
    lfree                                    0x2000002c   Data           4  mem.o(.data)
    mem_size_aligned                         0x20000030   Data           4  mem.o(.data)
    used_mem                                 0x20000034   Data           4  mem.o(.data)
    max_mem                                  0x20000038   Data           4  mem.o(.data)
    .data                                    0x2000003c   Section       48  object.o(.data)
    rt_object_container                      0x2000003c   Data          48  object.o(.data)
    .data                                    0x2000006c   Section       20  scheduler.o(.data)
    rt_scheduler_lock_nest                   0x2000006e   Data           2  scheduler.o(.data)
    .data                                    0x20000080   Section       24  timer.o(.data)
    soft_timer_status                        0x20000080   Data           1  timer.o(.data)
    random_nr                                0x20000084   Data           4  timer.o(.data)
    rt_timer_list                            0x20000088   Data           8  timer.o(.data)
    rt_soft_timer_list                       0x20000090   Data           8  timer.o(.data)
    .data                                    0x20000098   Section        4  cpuport.o(.data)
    rt_exception_hook                        0x20000098   Data           4  cpuport.o(.data)
    .data                                    0x2000009c   Section        4  cpuport.o(.data)
    .data                                    0x200000a0   Section        4  cpuport.o(.data)
    .data                                    0x200000a4   Section        4  cpuport.o(.data)
    .data                                    0x200000a8   Section       24  shell.o(.data)
    finsh_prompt_custom                      0x200000b8   Data           4  shell.o(.data)
    .bss                                     0x200000c0   Section       68  usart.o(.bss)
    .bss                                     0x20000104   Section       72  stm32f4xx_hal_timebase_tim.o(.bss)
    .bss                                     0x2000014c   Section      376  idle.o(.bss)
    idle                                     0x2000014c   Data         120  idle.o(.bss)
    rt_thread_stack                          0x200001c4   Data         256  idle.o(.bss)
    .bss                                     0x200002c4   Section      128  kservice.o(.bss)
    rt_log_buf                               0x200002c4   Data         128  kservice.o(.bss)
    .bss                                     0x20000344   Section       32  mem.o(.bss)
    heap_sem                                 0x20000344   Data          32  mem.o(.bss)
    .bss                                     0x20000364   Section      256  scheduler.o(.bss)
    .bss                                     0x20000464   Section      632  timer.o(.bss)
    timer_thread                             0x20000464   Data         120  timer.o(.bss)
    timer_thread_stack                       0x200004dc   Data         512  timer.o(.bss)
    .bss                                     0x200006dc   Section    15428  board.o(.bss)
    rt_heap                                  0x200006dc   Data       15360  board.o(.bss)
    UartHandle                               0x200042dc   Data          68  board.o(.bss)
    .bss                                     0x20004320   Section      129  shell.o(.bss)
    finsh_prompt                             0x20004320   Data         129  shell.o(.bss)
    .bss                                     0x200043a4   Section       96  libspace.o(.bss)
    HEAP                                     0x20004408   Section      512  startup_stm32f407xx.o(HEAP)
    Heap_Mem                                 0x20004408   Data         512  startup_stm32f407xx.o(HEAP)
    STACK                                    0x20004608   Section     1024  startup_stm32f407xx.o(STACK)
    Stack_Mem                                0x20004608   Data        1024  startup_stm32f407xx.o(STACK)
    __initial_sp                             0x20004a08   Data           0  startup_stm32f407xx.o(STACK)

    Global Symbols

    Symbol Name                              Value     Ov Type        Size  Object(Section)

    BuildAttributes$$THM_ISAv4$E$P$D$K$B$S$7EM$VFPi3$EXTD16$VFPS$VFMA$PE$A:L22UL41UL21$X:L11$S22US41US21$IEEE1$IW$USESV6$~STKCKD$USESV7$~SHL$OTIME$ROPI$EBA8$UX$STANDARDLIB$REQ8$PRES8$EABIv2 0x00000000   Number         0  anon$$obj.o ABSOLUTE
    __ARM_use_no_argv                        0x00000000   Number         0  main.o ABSOLUTE
    __ARM_exceptions_init                     - Undefined Weak Reference
    __alloca_initialize                       - Undefined Weak Reference
    __arm_preinit_                            - Undefined Weak Reference
    __cpp_initialize__aeabi_                  - Undefined Weak Reference
    __cxa_finalize                            - Undefined Weak Reference
    __rt_locale                               - Undefined Weak Reference
    __sigvec_lookup                           - Undefined Weak Reference
    _atexit_init                              - Undefined Weak Reference
    _call_atexit_fns                          - Undefined Weak Reference
    _clock_init                               - Undefined Weak Reference
    _fp_trap_init                             - Undefined Weak Reference
    _fp_trap_shutdown                         - Undefined Weak Reference
    _get_lc_collate                           - Undefined Weak Reference
    _get_lc_ctype                             - Undefined Weak Reference
    _get_lc_monetary                          - Undefined Weak Reference
    _get_lc_numeric                           - Undefined Weak Reference
    _get_lc_time                              - Undefined Weak Reference
    _getenv_init                              - Undefined Weak Reference
    _handle_redirection                       - Undefined Weak Reference
    _init_alloc                               - Undefined Weak Reference
    _init_user_alloc                          - Undefined Weak Reference
    _initio                                   - Undefined Weak Reference
    _rand_init                                - Undefined Weak Reference
    _signal_finish                            - Undefined Weak Reference
    _signal_init                              - Undefined Weak Reference
    _terminate_alloc                          - Undefined Weak Reference
    _terminate_user_alloc                     - Undefined Weak Reference
    _terminateio                              - Undefined Weak Reference
    __Vectors_Size                           0x00000188   Number         0  startup_stm32f407xx.o ABSOLUTE
    __Vectors                                0x08000000   Data           4  startup_stm32f407xx.o(RESET)
    __Vectors_End                            0x08000188   Data           0  startup_stm32f407xx.o(RESET)
    __main                                   0x08000189   Thumb Code     8  __main.o(!!!main)
    __scatterload                            0x08000191   Thumb Code     0  __scatter.o(!!!scatter)
    __scatterload_rt2                        0x08000191   Thumb Code    44  __scatter.o(!!!scatter)
    __scatterload_rt2_thumb_only             0x08000191   Thumb Code     0  __scatter.o(!!!scatter)
    __scatterload_null                       0x0800019f   Thumb Code     0  __scatter.o(!!!scatter)
    __scatterload_copy                       0x080001c5   Thumb Code    26  __scatter_copy.o(!!handler_copy)
    __scatterload_zeroinit                   0x080001e1   Thumb Code    28  __scatter_zi.o(!!handler_zi)
    __rt_lib_init                            0x080001fd   Thumb Code     0  libinit.o(.ARM.Collect$$libinit$$00000000)
    __rt_lib_init_fp_1                       0x080001ff   Thumb Code     0  libinit2.o(.ARM.Collect$$libinit$$00000001)
    __rt_lib_init_alloca_1                   0x08000203   Thumb Code     0  libinit2.o(.ARM.Collect$$libinit$$0000002E)
    __rt_lib_init_argv_1                     0x08000203   Thumb Code     0  libinit2.o(.ARM.Collect$$libinit$$0000002C)
    __rt_lib_init_atexit_1                   0x08000203   Thumb Code     0  libinit2.o(.ARM.Collect$$libinit$$0000001B)
    __rt_lib_init_clock_1                    0x08000203   Thumb Code     0  libinit2.o(.ARM.Collect$$libinit$$00000021)
    __rt_lib_init_cpp_1                      0x08000203   Thumb Code     0  libinit2.o(.ARM.Collect$$libinit$$00000032)
    __rt_lib_init_exceptions_1               0x08000203   Thumb Code     0  libinit2.o(.ARM.Collect$$libinit$$00000030)
    __rt_lib_init_fp_trap_1                  0x08000203   Thumb Code     0  libinit2.o(.ARM.Collect$$libinit$$0000001F)
    __rt_lib_init_getenv_1                   0x08000203   Thumb Code     0  libinit2.o(.ARM.Collect$$libinit$$00000023)
    __rt_lib_init_heap_1                     0x08000203   Thumb Code     0  libinit2.o(.ARM.Collect$$libinit$$0000000A)
    __rt_lib_init_lc_collate_1               0x08000203   Thumb Code     0  libinit2.o(.ARM.Collect$$libinit$$00000011)
    __rt_lib_init_lc_ctype_1                 0x08000203   Thumb Code     0  libinit2.o(.ARM.Collect$$libinit$$00000013)
    __rt_lib_init_lc_monetary_1              0x08000203   Thumb Code     0  libinit2.o(.ARM.Collect$$libinit$$00000015)
    __rt_lib_init_lc_numeric_1               0x08000203   Thumb Code     0  libinit2.o(.ARM.Collect$$libinit$$00000017)
    __rt_lib_init_lc_time_1                  0x08000203   Thumb Code     0  libinit2.o(.ARM.Collect$$libinit$$00000019)
    __rt_lib_init_preinit_1                  0x08000203   Thumb Code     0  libinit2.o(.ARM.Collect$$libinit$$00000004)
    __rt_lib_init_rand_1                     0x08000203   Thumb Code     0  libinit2.o(.ARM.Collect$$libinit$$0000000E)
    __rt_lib_init_return                     0x08000203   Thumb Code     0  libinit2.o(.ARM.Collect$$libinit$$00000033)
    __rt_lib_init_signal_1                   0x08000203   Thumb Code     0  libinit2.o(.ARM.Collect$$libinit$$0000001D)
    __rt_lib_init_stdio_1                    0x08000203   Thumb Code     0  libinit2.o(.ARM.Collect$$libinit$$00000025)
    __rt_lib_init_user_alloc_1               0x08000203   Thumb Code     0  libinit2.o(.ARM.Collect$$libinit$$0000000C)
    __rt_lib_shutdown                        0x08000205   Thumb Code     0  libshutdown.o(.ARM.Collect$$libshutdown$$00000000)
    __rt_lib_shutdown_cpp_1                  0x08000207   Thumb Code     0  libshutdown2.o(.ARM.Collect$$libshutdown$$00000002)
    __rt_lib_shutdown_fp_trap_1              0x08000207   Thumb Code     0  libshutdown2.o(.ARM.Collect$$libshutdown$$00000007)
    __rt_lib_shutdown_heap_1                 0x08000207   Thumb Code     0  libshutdown2.o(.ARM.Collect$$libshutdown$$0000000F)
    __rt_lib_shutdown_return                 0x08000207   Thumb Code     0  libshutdown2.o(.ARM.Collect$$libshutdown$$00000010)
    __rt_lib_shutdown_signal_1               0x08000207   Thumb Code     0  libshutdown2.o(.ARM.Collect$$libshutdown$$0000000A)
    __rt_lib_shutdown_stdio_1                0x08000207   Thumb Code     0  libshutdown2.o(.ARM.Collect$$libshutdown$$00000004)
    __rt_lib_shutdown_user_alloc_1           0x08000207   Thumb Code     0  libshutdown2.o(.ARM.Collect$$libshutdown$$0000000C)
    __rt_entry                               0x08000209   Thumb Code     0  __rtentry.o(.ARM.Collect$$rtentry$$00000000)
    __rt_entry_presh_1                       0x08000209   Thumb Code     0  __rtentry2.o(.ARM.Collect$$rtentry$$00000002)
    __rt_entry_sh                            0x08000209   Thumb Code     0  __rtentry4.o(.ARM.Collect$$rtentry$$00000004)
    __rt_entry_li                            0x0800020f   Thumb Code     0  __rtentry2.o(.ARM.Collect$$rtentry$$0000000A)
    __rt_entry_postsh_1                      0x0800020f   Thumb Code     0  __rtentry2.o(.ARM.Collect$$rtentry$$00000009)
    __rt_entry_main                          0x08000213   Thumb Code     0  __rtentry2.o(.ARM.Collect$$rtentry$$0000000D)
    __rt_entry_postli_1                      0x08000213   Thumb Code     0  __rtentry2.o(.ARM.Collect$$rtentry$$0000000C)
    __rt_exit                                0x0800021b   Thumb Code     0  rtexit.o(.ARM.Collect$$rtexit$$00000000)
    __rt_exit_ls                             0x0800021d   Thumb Code     0  rtexit2.o(.ARM.Collect$$rtexit$$00000003)
    __rt_exit_prels_1                        0x0800021d   Thumb Code     0  rtexit2.o(.ARM.Collect$$rtexit$$00000002)
    __rt_exit_exit                           0x08000221   Thumb Code     0  rtexit2.o(.ARM.Collect$$rtexit$$00000004)
    Reset_Handler                            0x08000229   Thumb Code     8  startup_stm32f407xx.o(.text)
    SVC_Handler                              0x0800023b   Thumb Code     2  startup_stm32f407xx.o(.text)
    ADC_IRQHandler                           0x08000243   Thumb Code     0  startup_stm32f407xx.o(.text)
    CAN1_RX0_IRQHandler                      0x08000243   Thumb Code     0  startup_stm32f407xx.o(.text)
    CAN1_RX1_IRQHandler                      0x08000243   Thumb Code     0  startup_stm32f407xx.o(.text)
    CAN1_SCE_IRQHandler                      0x08000243   Thumb Code     0  startup_stm32f407xx.o(.text)
    CAN1_TX_IRQHandler                       0x08000243   Thumb Code     0  startup_stm32f407xx.o(.text)
    CAN2_RX0_IRQHandler                      0x08000243   Thumb Code     0  startup_stm32f407xx.o(.text)
    CAN2_RX1_IRQHandler                      0x08000243   Thumb Code     0  startup_stm32f407xx.o(.text)
    CAN2_SCE_IRQHandler                      0x08000243   Thumb Code     0  startup_stm32f407xx.o(.text)
    CAN2_TX_IRQHandler                       0x08000243   Thumb Code     0  startup_stm32f407xx.o(.text)
    DCMI_IRQHandler                          0x08000243   Thumb Code     0  startup_stm32f407xx.o(.text)
    DMA1_Stream0_IRQHandler                  0x08000243   Thumb Code     0  startup_stm32f407xx.o(.text)
    DMA1_Stream1_IRQHandler                  0x08000243   Thumb Code     0  startup_stm32f407xx.o(.text)
    DMA1_Stream2_IRQHandler                  0x08000243   Thumb Code     0  startup_stm32f407xx.o(.text)
    DMA1_Stream3_IRQHandler                  0x08000243   Thumb Code     0  startup_stm32f407xx.o(.text)
    DMA1_Stream4_IRQHandler                  0x08000243   Thumb Code     0  startup_stm32f407xx.o(.text)
    DMA1_Stream5_IRQHandler                  0x08000243   Thumb Code     0  startup_stm32f407xx.o(.text)
    DMA1_Stream6_IRQHandler                  0x08000243   Thumb Code     0  startup_stm32f407xx.o(.text)
    DMA1_Stream7_IRQHandler                  0x08000243   Thumb Code     0  startup_stm32f407xx.o(.text)
    DMA2_Stream0_IRQHandler                  0x08000243   Thumb Code     0  startup_stm32f407xx.o(.text)
    DMA2_Stream1_IRQHandler                  0x08000243   Thumb Code     0  startup_stm32f407xx.o(.text)
    DMA2_Stream2_IRQHandler                  0x08000243   Thumb Code     0  startup_stm32f407xx.o(.text)
    DMA2_Stream3_IRQHandler                  0x08000243   Thumb Code     0  startup_stm32f407xx.o(.text)
    DMA2_Stream4_IRQHandler                  0x08000243   Thumb Code     0  startup_stm32f407xx.o(.text)
    DMA2_Stream5_IRQHandler                  0x08000243   Thumb Code     0  startup_stm32f407xx.o(.text)
    DMA2_Stream6_IRQHandler                  0x08000243   Thumb Code     0  startup_stm32f407xx.o(.text)
    DMA2_Stream7_IRQHandler                  0x08000243   Thumb Code     0  startup_stm32f407xx.o(.text)
    ETH_IRQHandler                           0x08000243   Thumb Code     0  startup_stm32f407xx.o(.text)
    ETH_WKUP_IRQHandler                      0x08000243   Thumb Code     0  startup_stm32f407xx.o(.text)
    EXTI0_IRQHandler                         0x08000243   Thumb Code     0  startup_stm32f407xx.o(.text)
    EXTI15_10_IRQHandler                     0x08000243   Thumb Code     0  startup_stm32f407xx.o(.text)
    EXTI1_IRQHandler                         0x08000243   Thumb Code     0  startup_stm32f407xx.o(.text)
    EXTI2_IRQHandler                         0x08000243   Thumb Code     0  startup_stm32f407xx.o(.text)
    EXTI3_IRQHandler                         0x08000243   Thumb Code     0  startup_stm32f407xx.o(.text)
    EXTI4_IRQHandler                         0x08000243   Thumb Code     0  startup_stm32f407xx.o(.text)
    EXTI9_5_IRQHandler                       0x08000243   Thumb Code     0  startup_stm32f407xx.o(.text)
    FLASH_IRQHandler                         0x08000243   Thumb Code     0  startup_stm32f407xx.o(.text)
    FMC_IRQHandler                           0x08000243   Thumb Code     0  startup_stm32f407xx.o(.text)
    FPU_IRQHandler                           0x08000243   Thumb Code     0  startup_stm32f407xx.o(.text)
    HASH_RNG_IRQHandler                      0x08000243   Thumb Code     0  startup_stm32f407xx.o(.text)
    I2C1_ER_IRQHandler                       0x08000243   Thumb Code     0  startup_stm32f407xx.o(.text)
    I2C1_EV_IRQHandler                       0x08000243   Thumb Code     0  startup_stm32f407xx.o(.text)
    I2C2_ER_IRQHandler                       0x08000243   Thumb Code     0  startup_stm32f407xx.o(.text)
    I2C2_EV_IRQHandler                       0x08000243   Thumb Code     0  startup_stm32f407xx.o(.text)
    I2C3_ER_IRQHandler                       0x08000243   Thumb Code     0  startup_stm32f407xx.o(.text)
    I2C3_EV_IRQHandler                       0x08000243   Thumb Code     0  startup_stm32f407xx.o(.text)
    OTG_FS_IRQHandler                        0x08000243   Thumb Code     0  startup_stm32f407xx.o(.text)
    OTG_FS_WKUP_IRQHandler                   0x08000243   Thumb Code     0  startup_stm32f407xx.o(.text)
    OTG_HS_EP1_IN_IRQHandler                 0x08000243   Thumb Code     0  startup_stm32f407xx.o(.text)
    OTG_HS_EP1_OUT_IRQHandler                0x08000243   Thumb Code     0  startup_stm32f407xx.o(.text)
    OTG_HS_IRQHandler                        0x08000243   Thumb Code     0  startup_stm32f407xx.o(.text)
    OTG_HS_WKUP_IRQHandler                   0x08000243   Thumb Code     0  startup_stm32f407xx.o(.text)
    PVD_IRQHandler                           0x08000243   Thumb Code     0  startup_stm32f407xx.o(.text)
    RCC_IRQHandler                           0x08000243   Thumb Code     0  startup_stm32f407xx.o(.text)
    RTC_Alarm_IRQHandler                     0x08000243   Thumb Code     0  startup_stm32f407xx.o(.text)
    RTC_WKUP_IRQHandler                      0x08000243   Thumb Code     0  startup_stm32f407xx.o(.text)
    SDIO_IRQHandler                          0x08000243   Thumb Code     0  startup_stm32f407xx.o(.text)
    SPI1_IRQHandler                          0x08000243   Thumb Code     0  startup_stm32f407xx.o(.text)
    SPI2_IRQHandler                          0x08000243   Thumb Code     0  startup_stm32f407xx.o(.text)
    SPI3_IRQHandler                          0x08000243   Thumb Code     0  startup_stm32f407xx.o(.text)
    TAMP_STAMP_IRQHandler                    0x08000243   Thumb Code     0  startup_stm32f407xx.o(.text)
    TIM1_BRK_TIM9_IRQHandler                 0x08000243   Thumb Code     0  startup_stm32f407xx.o(.text)
    TIM1_CC_IRQHandler                       0x08000243   Thumb Code     0  startup_stm32f407xx.o(.text)
    TIM1_TRG_COM_TIM11_IRQHandler            0x08000243   Thumb Code     0  startup_stm32f407xx.o(.text)
    TIM2_IRQHandler                          0x08000243   Thumb Code     0  startup_stm32f407xx.o(.text)
    TIM3_IRQHandler                          0x08000243   Thumb Code     0  startup_stm32f407xx.o(.text)
    TIM4_IRQHandler                          0x08000243   Thumb Code     0  startup_stm32f407xx.o(.text)
    TIM5_IRQHandler                          0x08000243   Thumb Code     0  startup_stm32f407xx.o(.text)
    TIM6_DAC_IRQHandler                      0x08000243   Thumb Code     0  startup_stm32f407xx.o(.text)
    TIM7_IRQHandler                          0x08000243   Thumb Code     0  startup_stm32f407xx.o(.text)
    TIM8_BRK_TIM12_IRQHandler                0x08000243   Thumb Code     0  startup_stm32f407xx.o(.text)
    TIM8_CC_IRQHandler                       0x08000243   Thumb Code     0  startup_stm32f407xx.o(.text)
    TIM8_TRG_COM_TIM14_IRQHandler            0x08000243   Thumb Code     0  startup_stm32f407xx.o(.text)
    TIM8_UP_TIM13_IRQHandler                 0x08000243   Thumb Code     0  startup_stm32f407xx.o(.text)
    UART4_IRQHandler                         0x08000243   Thumb Code     0  startup_stm32f407xx.o(.text)
    UART5_IRQHandler                         0x08000243   Thumb Code     0  startup_stm32f407xx.o(.text)
    USART1_IRQHandler                        0x08000243   Thumb Code     0  startup_stm32f407xx.o(.text)
    USART2_IRQHandler                        0x08000243   Thumb Code     0  startup_stm32f407xx.o(.text)
    USART3_IRQHandler                        0x08000243   Thumb Code     0  startup_stm32f407xx.o(.text)
    USART6_IRQHandler                        0x08000243   Thumb Code     0  startup_stm32f407xx.o(.text)
    WWDG_IRQHandler                          0x08000243   Thumb Code     0  startup_stm32f407xx.o(.text)
    __user_initial_stackheap                 0x08000245   Thumb Code     0  startup_stm32f407xx.o(.text)
    rt_hw_interrupt_disable                  0x08000269   Thumb Code     8  context_rvds.o(.text)
    rt_hw_interrupt_enable                   0x08000271   Thumb Code     6  context_rvds.o(.text)
    rt_hw_context_switch                     0x08000277   Thumb Code    32  context_rvds.o(.text)
    rt_hw_context_switch_interrupt           0x08000277   Thumb Code     0  context_rvds.o(.text)
    PendSV_Handler                           0x08000297   Thumb Code   108  context_rvds.o(.text)
    rt_hw_context_switch_to                  0x08000303   Thumb Code    68  context_rvds.o(.text)
    rt_hw_interrupt_thread_switch            0x08000347   Thumb Code     2  context_rvds.o(.text)
    HardFault_Handler                        0x08000349   Thumb Code    56  context_rvds.o(.text)
    __aeabi_uldivmod                         0x0800039d   Thumb Code     0  lludivv7m.o(.text)
    _ll_udiv                                 0x0800039d   Thumb Code   238  lludivv7m.o(.text)
    strlen                                   0x0800048b   Thumb Code    62  strlen.o(.text)
    strncmp                                  0x080004c9   Thumb Code   150  strncmp.o(.text)
    strcat                                   0x0800055f   Thumb Code    24  strcat.o(.text)
    __aeabi_memcpy4                          0x08000577   Thumb Code     0  rt_memcpy_w.o(.text)
    __aeabi_memcpy8                          0x08000577   Thumb Code     0  rt_memcpy_w.o(.text)
    __rt_memcpy_w                            0x08000577   Thumb Code   100  rt_memcpy_w.o(.text)
    _memcpy_lastbytes_aligned                0x080005bf   Thumb Code     0  rt_memcpy_w.o(.text)
    __aeabi_memclr                           0x080005db   Thumb Code     0  rt_memclr.o(.text)
    __rt_memclr                              0x080005db   Thumb Code    68  rt_memclr.o(.text)
    _memset                                  0x080005df   Thumb Code     0  rt_memclr.o(.text)
    __aeabi_memclr4                          0x0800061f   Thumb Code     0  rt_memclr_w.o(.text)
    __aeabi_memclr8                          0x0800061f   Thumb Code     0  rt_memclr_w.o(.text)
    __rt_memclr_w                            0x0800061f   Thumb Code    78  rt_memclr_w.o(.text)
    _memset_w                                0x08000623   Thumb Code     0  rt_memclr_w.o(.text)
    strncpy                                  0x0800066d   Thumb Code    86  strncpy.o(.text)
    __use_two_region_memory                  0x080006c3   Thumb Code     2  heapauxi.o(.text)
    __rt_heap_escrow$2region                 0x080006c5   Thumb Code     2  heapauxi.o(.text)
    __rt_heap_expand$2region                 0x080006c7   Thumb Code     2  heapauxi.o(.text)
    __user_setup_stackheap                   0x080006c9   Thumb Code    74  sys_stackheap_outer.o(.text)
    exit                                     0x08000713   Thumb Code    18  exit.o(.text)
    __user_libspace                          0x08000725   Thumb Code     8  libspace.o(.text)
    __user_perproc_libspace                  0x08000725   Thumb Code     0  libspace.o(.text)
    __user_perthread_libspace                0x08000725   Thumb Code     0  libspace.o(.text)
    _sys_exit                                0x0800072d   Thumb Code     8  sys_exit.o(.text)
    __I$use$semihosting                      0x08000739   Thumb Code     0  use_no_semi.o(.text)
    __use_no_semihosting_swi                 0x08000739   Thumb Code     2  use_no_semi.o(.text)
    __semihosting_library_function           0x0800073b   Thumb Code     0  indicate_semi.o(.text)
    main                                     0x0800073b   Thumb Code    10  components.o(i.$Sub$$main)
    BusFault_Handler                         0x08000745   Thumb Code     2  stm32f4xx_it.o(i.BusFault_Handler)
    DebugMon_Handler                         0x08000747   Thumb Code     2  stm32f4xx_it.o(i.DebugMon_Handler)
    Error_Handler                            0x08000749   Thumb Code     4  main.o(i.Error_Handler)
    HAL_GPIO_Init                            0x0800074d   Thumb Code   450  stm32f4xx_hal_gpio.o(i.HAL_GPIO_Init)
    HAL_GPIO_TogglePin                       0x0800093d   Thumb Code    16  stm32f4xx_hal_gpio.o(i.HAL_GPIO_TogglePin)
    HAL_GPIO_WritePin                        0x0800094d   Thumb Code    10  stm32f4xx_hal_gpio.o(i.HAL_GPIO_WritePin)
    HAL_GetTick                              0x08000959   Thumb Code     6  stm32f4xx_hal.o(i.HAL_GetTick)
    HAL_IncTick                              0x08000965   Thumb Code    12  stm32f4xx_hal.o(i.HAL_IncTick)
    HAL_Init                                 0x08000975   Thumb Code    48  stm32f4xx_hal.o(i.HAL_Init)
    HAL_InitTick                             0x080009a9   Thumb Code   100  stm32f4xx_hal_timebase_tim.o(i.HAL_InitTick)
    HAL_MspInit                              0x08000a1d   Thumb Code    42  stm32f4xx_hal_msp.o(i.HAL_MspInit)
    HAL_NVIC_EnableIRQ                       0x08000a4d   Thumb Code    26  stm32f4xx_hal_cortex.o(i.HAL_NVIC_EnableIRQ)
    HAL_NVIC_SetPriority                     0x08000a69   Thumb Code    60  stm32f4xx_hal_cortex.o(i.HAL_NVIC_SetPriority)
    HAL_NVIC_SetPriorityGrouping             0x08000aa9   Thumb Code    26  stm32f4xx_hal_cortex.o(i.HAL_NVIC_SetPriorityGrouping)
    HAL_RCC_ClockConfig                      0x08000acd   Thumb Code   288  stm32f4xx_hal_rcc.o(i.HAL_RCC_ClockConfig)
    HAL_RCC_GetClockConfig                   0x08000c01   Thumb Code    54  stm32f4xx_hal_rcc.o(i.HAL_RCC_GetClockConfig)
    HAL_RCC_GetHCLKFreq                      0x08000c41   Thumb Code     6  stm32f4xx_hal_rcc.o(i.HAL_RCC_GetHCLKFreq)
    HAL_RCC_GetPCLK1Freq                     0x08000c4d   Thumb Code    20  stm32f4xx_hal_rcc.o(i.HAL_RCC_GetPCLK1Freq)
    HAL_RCC_GetPCLK2Freq                     0x08000c6d   Thumb Code    20  stm32f4xx_hal_rcc.o(i.HAL_RCC_GetPCLK2Freq)
    HAL_RCC_GetSysClockFreq                  0x08000c8d   Thumb Code    88  stm32f4xx_hal_rcc.o(i.HAL_RCC_GetSysClockFreq)
    HAL_RCC_OscConfig                        0x08000ced   Thumb Code   856  stm32f4xx_hal_rcc.o(i.HAL_RCC_OscConfig)
    HAL_SYSTICK_Config                       0x08001059   Thumb Code    40  stm32f4xx_hal_cortex.o(i.HAL_SYSTICK_Config)
    HAL_TIMEx_BreakCallback                  0x08001081   Thumb Code     2  stm32f4xx_hal_tim_ex.o(i.HAL_TIMEx_BreakCallback)
    HAL_TIMEx_CommutCallback                 0x08001083   Thumb Code     2  stm32f4xx_hal_tim_ex.o(i.HAL_TIMEx_CommutCallback)
    HAL_TIM_Base_Init                        0x08001085   Thumb Code    90  stm32f4xx_hal_tim.o(i.HAL_TIM_Base_Init)
    HAL_TIM_Base_MspInit                     0x080010df   Thumb Code     2  stm32f4xx_hal_tim.o(i.HAL_TIM_Base_MspInit)
    HAL_TIM_Base_Start_IT                    0x080010e1   Thumb Code   100  stm32f4xx_hal_tim.o(i.HAL_TIM_Base_Start_IT)
    HAL_TIM_IC_CaptureCallback               0x08001161   Thumb Code     2  stm32f4xx_hal_tim.o(i.HAL_TIM_IC_CaptureCallback)
    HAL_TIM_IRQHandler                       0x08001163   Thumb Code   358  stm32f4xx_hal_tim.o(i.HAL_TIM_IRQHandler)
    HAL_TIM_OC_DelayElapsedCallback          0x080012c9   Thumb Code     2  stm32f4xx_hal_tim.o(i.HAL_TIM_OC_DelayElapsedCallback)
    HAL_TIM_PWM_PulseFinishedCallback        0x080012cb   Thumb Code     2  stm32f4xx_hal_tim.o(i.HAL_TIM_PWM_PulseFinishedCallback)
    HAL_TIM_PeriodElapsedCallback            0x080012cd   Thumb Code    14  main.o(i.HAL_TIM_PeriodElapsedCallback)
    HAL_TIM_TriggerCallback                  0x080012e1   Thumb Code     2  stm32f4xx_hal_tim.o(i.HAL_TIM_TriggerCallback)
    HAL_UART_Init                            0x080012e3   Thumb Code    98  stm32f4xx_hal_uart.o(i.HAL_UART_Init)
    HAL_UART_MspInit                         0x08001345   Thumb Code    94  usart.o(i.HAL_UART_MspInit)
    HAL_UART_Transmit                        0x080013b1   Thumb Code   178  stm32f4xx_hal_uart.o(i.HAL_UART_Transmit)
    MX_GPIO_Init                             0x08001465   Thumb Code   152  gpio.o(i.MX_GPIO_Init)
    MX_USART1_UART_Init                      0x08001509   Thumb Code    48  usart.o(i.MX_USART1_UART_Init)
    MemManage_Handler                        0x08001541   Thumb Code     2  stm32f4xx_it.o(i.MemManage_Handler)
    NMI_Handler                              0x08001543   Thumb Code     2  stm32f4xx_it.o(i.NMI_Handler)
    SysTick_Handler                          0x08001545   Thumb Code    18  board.o(i.SysTick_Handler)
    SystemClock_Config                       0x08001559   Thumb Code   142  main.o(i.SystemClock_Config)
    SystemCoreClockUpdate                    0x080015f1   Thumb Code   104  system_stm32f4xx.o(i.SystemCoreClockUpdate)
    SystemInit                               0x08001669   Thumb Code    12  system_stm32f4xx.o(i.SystemInit)
    TIM1_UP_TIM10_IRQHandler                 0x08001679   Thumb Code     6  stm32f4xx_it.o(i.TIM1_UP_TIM10_IRQHandler)
    TIM_Base_SetConfig                       0x08001685   Thumb Code   156  stm32f4xx_hal_tim.o(i.TIM_Base_SetConfig)
    UsageFault_Handler                       0x080018d1   Thumb Code     2  stm32f4xx_it.o(i.UsageFault_Handler)
    __rt_ffs                                 0x080018f5   Thumb Code    66  kservice.o(i.__rt_ffs)
    cmd_free                                 0x08001c7d   Thumb Code    10  msh.o(i.cmd_free)
    cmd_ps                                   0x08001c87   Thumb Code    10  msh.o(i.cmd_ps)
    finsh_get_prompt                         0x08001c91   Thumb Code    84  shell.o(i.finsh_get_prompt)
    finsh_set_prompt_mode                    0x08001d05   Thumb Code    38  shell.o(i.finsh_set_prompt_mode)
    finsh_system_function_init               0x08001d49   Thumb Code     8  shell.o(i.finsh_system_function_init)
    finsh_system_init                        0x08001d55   Thumb Code    96  shell.o(i.finsh_system_init)
    finsh_thread_entry                       0x08001ded   Thumb Code   640  shell.o(i.finsh_thread_entry)
    hello                                    0x08002111   Thumb Code    12  cmd.o(i.hello)
    list                                     0x08002165   Thumb Code    54  cmd.o(i.list)
    list_mem                                 0x08002269   Thumb Code    32  mem.o(i.list_mem)
    list_sem                                 0x080022d5   Thumb Code   246  cmd.o(i.list_sem)
    list_thread                              0x08002431   Thumb Code   288  cmd.o(i.list_thread)
    list_timer                               0x08002611   Thumb Code   184  cmd.o(i.list_timer)
    $Super$$main                             0x0800276d   Thumb Code    52  main.o(i.main)
    main_thread_entry                        0x080027b1   Thumb Code    14  components.o(i.main_thread_entry)
    msh_auto_complete                        0x080028a5   Thumb Code   148  msh.o(i.msh_auto_complete)
    msh_exec                                 0x0800294d   Thumb Code    76  msh.o(i.msh_exec)
    msh_help                                 0x08002a0d   Thumb Code    62  msh.o(i.msh_help)
    msh_is_used                              0x08002a89   Thumb Code     4  msh.o(i.msh_is_used)
    rt_application_init                      0x08002dbd   Thumb Code    52  components.o(i.rt_application_init)
    rt_assert_handler                        0x08002e11   Thumb Code    52  kservice.o(i.rt_assert_handler)
    rt_calloc                                0x08002e81   Thumb Code    28  mem.o(i.rt_calloc)
    rt_components_board_init                 0x08002e9d   Thumb Code    38  components.o(i.rt_components_board_init)
    rt_components_init                       0x08002ee9   Thumb Code    44  components.o(i.rt_components_init)
    rt_enter_critical                        0x08002f59   Thumb Code    22  scheduler.o(i.rt_enter_critical)
    rt_exit_critical                         0x08002f75   Thumb Code    52  scheduler.o(i.rt_exit_critical)
    rt_free                                  0x08002fad   Thumb Code   230  mem.o(i.rt_free)
    rt_heap_begin_get                        0x08003175   Thumb Code     4  board.o(i.rt_heap_begin_get)
    rt_heap_end_get                          0x0800317d   Thumb Code     4  board.o(i.rt_heap_end_get)
    rt_hw_board_init                         0x08003185   Thumb Code    54  board.o(i.rt_hw_board_init)
    rt_hw_console_getchar                    0x080031bd   Thumb Code    34  board.o(i.rt_hw_console_getchar)
    rt_hw_console_output                     0x080031e5   Thumb Code    68  board.o(i.rt_hw_console_output)
    rt_hw_hard_fault_exception               0x0800322d   Thumb Code   206  cpuport.o(i.rt_hw_hard_fault_exception)
    rt_hw_stack_init                         0x0800344d   Thumb Code    62  cpuport.o(i.rt_hw_stack_init)
    rt_interrupt_enter                       0x08003491   Thumb Code    22  irq.o(i.rt_interrupt_enter)
    rt_interrupt_get_nest                    0x080034ad   Thumb Code    18  irq.o(i.rt_interrupt_get_nest)
    rt_interrupt_leave                       0x080034c5   Thumb Code    22  irq.o(i.rt_interrupt_leave)
    rt_kprintf                               0x080034e1   Thumb Code    30  kservice.o(i.rt_kprintf)
    rt_malloc                                0x08003505   Thumb Code   396  mem.o(i.rt_malloc)
    rt_memmove                               0x08003729   Thumb Code    54  kservice.o(i.rt_memmove)
    rt_memset                                0x0800375f   Thumb Code    86  kservice.o(i.rt_memset)
    rt_object_allocate                       0x080037b5   Thumb Code   142  object.o(i.rt_object_allocate)
    rt_object_delete                         0x0800388d   Thumb Code    82  object.o(i.rt_object_delete)
    rt_object_detach                         0x08003925   Thumb Code    60  object.o(i.rt_object_detach)
    rt_object_get_information                0x08003979   Thumb Code    30  object.o(i.rt_object_get_information)
    rt_object_get_type                       0x0800399d   Thumb Code    28  object.o(i.rt_object_get_type)
    rt_object_init                           0x080039d1   Thumb Code   128  object.o(i.rt_object_init)
    rt_object_is_systemobject                0x08003a7d   Thumb Code    36  object.o(i.rt_object_is_systemobject)
    rt_schedule                              0x08003ab9   Thumb Code   100  scheduler.o(i.rt_schedule)
    rt_schedule_insert_thread                0x08003b29   Thumb Code    88  scheduler.o(i.rt_schedule_insert_thread)
    rt_schedule_remove_thread                0x08003ba1   Thumb Code    92  scheduler.o(i.rt_schedule_remove_thread)
    rt_sem_init                              0x08003c1d   Thumb Code    70  ipc.o(i.rt_sem_init)
    rt_sem_release                           0x08003c8d   Thumb Code   126  ipc.o(i.rt_sem_release)
    rt_sem_take                              0x08003d25   Thumb Code   330  ipc.o(i.rt_sem_take)
    rt_show_version                          0x08003eed   Thumb Code    40  kservice.o(i.rt_show_version)
    rt_soft_timer_check                      0x08003f9d   Thumb Code   250  timer.o(i.rt_soft_timer_check)
    rt_strlen                                0x0800409d   Thumb Code    16  kservice.o(i.rt_strlen)
    rt_strncpy                               0x080040ad   Thumb Code    42  kservice.o(i.rt_strncpy)
    rt_system_heap_init                      0x080040d9   Thumb Code   142  mem.o(i.rt_system_heap_init)
    rt_system_scheduler_init                 0x080041e5   Thumb Code    48  scheduler.o(i.rt_system_scheduler_init)
    rt_system_scheduler_start                0x08004221   Thumb Code    32  scheduler.o(i.rt_system_scheduler_start)
    rt_system_timer_init                     0x08004249   Thumb Code    20  timer.o(i.rt_system_timer_init)
    rt_system_timer_thread_init              0x08004261   Thumb Code    62  timer.o(i.rt_system_timer_thread_init)
    rt_thread_create                         0x080042b9   Thumb Code    90  thread.o(i.rt_thread_create)
    rt_thread_delay                          0x08004313   Thumb Code     4  thread.o(i.rt_thread_delay)
    rt_thread_exit                           0x08004319   Thumb Code    88  thread.o(i.rt_thread_exit)
    rt_thread_idle_excute                    0x08004381   Thumb Code   116  idle.o(i.rt_thread_idle_excute)
    rt_thread_idle_init                      0x08004429   Thumb Code    44  idle.o(i.rt_thread_idle_init)
    rt_thread_init                           0x08004469   Thumb Code    78  thread.o(i.rt_thread_init)
    rt_thread_mdelay                         0x080044e9   Thumb Code    14  thread.o(i.rt_thread_mdelay)
    rt_thread_resume                         0x080044f9   Thumb Code   110  thread.o(i.rt_thread_resume)
    rt_thread_self                           0x08004585   Thumb Code     6  thread.o(i.rt_thread_self)
    rt_thread_sleep                          0x08004591   Thumb Code   100  thread.o(i.rt_thread_sleep)
    rt_thread_startup                        0x08004615   Thumb Code   106  thread.o(i.rt_thread_startup)
    rt_thread_suspend                        0x080046d5   Thumb Code   106  thread.o(i.rt_thread_suspend)
    rt_thread_timeout                        0x0800475d   Thumb Code   106  thread.o(i.rt_thread_timeout)
    rt_thread_yield                          0x0800485d   Thumb Code    98  thread.o(i.rt_thread_yield)
    rt_tick_from_millisecond                 0x080048c9   Thumb Code    50  clock.o(i.rt_tick_from_millisecond)
    rt_tick_get                              0x080048fd   Thumb Code     6  clock.o(i.rt_tick_get)
    rt_tick_increase                         0x08004909   Thumb Code    38  clock.o(i.rt_tick_increase)
    rt_timer_check                           0x08004935   Thumb Code   240  timer.o(i.rt_timer_check)
    rt_timer_control                         0x08004a29   Thumb Code   122  timer.o(i.rt_timer_control)
    rt_timer_detach                          0x08004af9   Thumb Code   126  timer.o(i.rt_timer_detach)
    rt_timer_init                            0x08004bf9   Thumb Code    58  timer.o(i.rt_timer_init)
    rt_timer_start                           0x08004c75   Thumb Code   304  timer.o(i.rt_timer_start)
    rt_timer_stop                            0x08004e2d   Thumb Code   120  timer.o(i.rt_timer_stop)
    rt_vsnprintf                             0x08004ef9   Thumb Code   802  kservice.o(i.rt_vsnprintf)
    rtthread_startup                         0x08005235   Thumb Code    42  components.o(i.rtthread_startup)
    version                                  0x080053f9   Thumb Code    10  cmd.o(i.version)
    _fp_init                                 0x08005403   Thumb Code    10  fpinit.o(x$fpl$fpinit)
    __fplib_config_fpu_vfp                   0x0800540b   Thumb Code     0  fpinit.o(x$fpl$fpinit)
    __fplib_config_pureend_doubles           0x0800540b   Thumb Code     0  fpinit.o(x$fpl$fpinit)
    AHBPrescTable                            0x0800540c   Data          16  system_stm32f4xx.o(.constdata)
    APBPrescTable                            0x0800541c   Data           8  system_stm32f4xx.o(.constdata)
    __rti_rti_start_name                     0x08005424   Data          10  components.o(.constdata)
    __rti_rti_board_start_name               0x0800542e   Data          16  components.o(.constdata)
    __rti_rti_board_end_name                 0x0800543e   Data          14  components.o(.constdata)
    __rti_rti_end_name                       0x0800544c   Data           8  components.o(.constdata)
    __lowest_bit_bitmap                      0x080054de   Data         256  kservice.o(.constdata)
    __rti_uart_init_name                     0x08005826   Data          10  board.o(.constdata)
    __rti_finsh_system_init_name             0x0800583e   Data          18  shell.o(.constdata)
    __fsym_list_mem_name                     0x08005a58   Data           9  mem.o(.rodata.name)
    __fsym_list_mem_desc                     0x08005a61   Data          30  mem.o(.rodata.name)
    __fsym_hello_name                        0x08005a7f   Data           6  cmd.o(.rodata.name)
    __fsym_hello_desc                        0x08005a85   Data          16  cmd.o(.rodata.name)
    __fsym_version_name                      0x08005a95   Data           8  cmd.o(.rodata.name)
    __fsym_version_desc                      0x08005a9d   Data          35  cmd.o(.rodata.name)
    __fsym___cmd_version_name                0x08005ac0   Data          14  cmd.o(.rodata.name)
    __fsym___cmd_version_desc                0x08005ace   Data          35  cmd.o(.rodata.name)
    __fsym_list_thread_name                  0x08005af1   Data          12  cmd.o(.rodata.name)
    __fsym_list_thread_desc                  0x08005afd   Data          12  cmd.o(.rodata.name)
    __fsym___cmd_list_thread_name            0x08005b09   Data          18  cmd.o(.rodata.name)
    __fsym___cmd_list_thread_desc            0x08005b1b   Data          12  cmd.o(.rodata.name)
    __fsym_list_sem_name                     0x08005b27   Data           9  cmd.o(.rodata.name)
    __fsym_list_sem_desc                     0x08005b30   Data          25  cmd.o(.rodata.name)
    __fsym___cmd_list_sem_name               0x08005b49   Data          15  cmd.o(.rodata.name)
    __fsym___cmd_list_sem_desc               0x08005b58   Data          25  cmd.o(.rodata.name)
    __fsym_list_timer_name                   0x08005b71   Data          11  cmd.o(.rodata.name)
    __fsym_list_timer_desc                   0x08005b7c   Data          21  cmd.o(.rodata.name)
    __fsym___cmd_list_timer_name             0x08005b91   Data          17  cmd.o(.rodata.name)
    __fsym___cmd_list_timer_desc             0x08005ba2   Data          21  cmd.o(.rodata.name)
    __fsym_list_name                         0x08005bb7   Data           5  cmd.o(.rodata.name)
    __fsym_list_desc                         0x08005bbc   Data          26  cmd.o(.rodata.name)
    __fsym___cmd_help_name                   0x08005bd6   Data          11  msh.o(.rodata.name)
    __fsym___cmd_help_desc                   0x08005be1   Data          22  msh.o(.rodata.name)
    __fsym___cmd_ps_name                     0x08005bf7   Data           9  msh.o(.rodata.name)
    __fsym___cmd_ps_desc                     0x08005c00   Data          28  msh.o(.rodata.name)
    __fsym___cmd_free_name                   0x08005c1c   Data          11  msh.o(.rodata.name)
    __fsym___cmd_free_desc                   0x08005c27   Data          37  msh.o(.rodata.name)
    __rt_init_desc_rti_start                 0x08005c4c   Data           8  components.o(.rti_fn.0)
    __rt_init_desc_rti_board_start           0x08005c54   Data           8  components.o(.rti_fn.0.end)
    __rt_init_desc_uart_init                 0x08005c5c   Data           8  board.o(.rti_fn.1)
    __rt_init_desc_rti_board_end             0x08005c64   Data           8  components.o(.rti_fn.1.end)
    __rt_init_desc_finsh_system_init         0x08005c6c   Data           8  shell.o(.rti_fn.6)
    __rt_init_desc_rti_end                   0x08005c74   Data           8  components.o(.rti_fn.6.end)
    FSymTab$$Base                            0x08005c7c   Number         0  mem.o(FSymTab)
    __fsym_list_mem                          0x08005c7c   Data          12  mem.o(FSymTab)
    __fsym_hello                             0x08005c88   Data          12  cmd.o(FSymTab)
    __fsym_version                           0x08005c94   Data          12  cmd.o(FSymTab)
    __fsym___cmd_version                     0x08005ca0   Data          12  cmd.o(FSymTab)
    __fsym_list_thread                       0x08005cac   Data          12  cmd.o(FSymTab)
    __fsym___cmd_list_thread                 0x08005cb8   Data          12  cmd.o(FSymTab)
    __fsym_list_sem                          0x08005cc4   Data          12  cmd.o(FSymTab)
    __fsym___cmd_list_sem                    0x08005cd0   Data          12  cmd.o(FSymTab)
    __fsym_list_timer                        0x08005cdc   Data          12  cmd.o(FSymTab)
    __fsym___cmd_list_timer                  0x08005ce8   Data          12  cmd.o(FSymTab)
    __fsym_list                              0x08005cf4   Data          12  cmd.o(FSymTab)
    __fsym___cmd_help                        0x08005d00   Data          12  msh.o(FSymTab)
    __fsym___cmd_ps                          0x08005d0c   Data          12  msh.o(FSymTab)
    __fsym___cmd_free                        0x08005d18   Data          12  msh.o(FSymTab)
    FSymTab$$Limit                           0x08005d24   Number         0  msh.o(FSymTab)
    Region$$Table$$Base                      0x08005d24   Number         0  anon$$obj.o(Region$$Table)
    Region$$Table$$Limit                     0x08005d44   Number         0  anon$$obj.o(Region$$Table)
    uwTickFreq                               0x20000004   Data           1  stm32f4xx_hal.o(.data)
    uwTickPrio                               0x20000008   Data           4  stm32f4xx_hal.o(.data)
    uwTick                                   0x2000000c   Data           4  stm32f4xx_hal.o(.data)
    SystemCoreClock                          0x20000010   Data           4  system_stm32f4xx.o(.data)
    rt_interrupt_nest                        0x20000018   Data           1  irq.o(.data)
    rt_assert_hook                           0x20000020   Data           4  kservice.o(.data)
    rt_current_priority                      0x2000006c   Data           1  scheduler.o(.data)
    rt_current_thread                        0x20000070   Data           4  scheduler.o(.data)
    rt_thread_ready_priority_group           0x20000074   Data           4  scheduler.o(.data)
    rt_thread_defunct                        0x20000078   Data           8  scheduler.o(.data)
    rt_interrupt_from_thread                 0x2000009c   Data           4  cpuport.o(.data)
    rt_interrupt_to_thread                   0x200000a0   Data           4  cpuport.o(.data)
    rt_thread_switch_interrupt_flag          0x200000a4   Data           4  cpuport.o(.data)
    _syscall_table_begin                     0x200000a8   Data           4  shell.o(.data)
    _syscall_table_end                       0x200000ac   Data           4  shell.o(.data)
    _sysvar_table_begin                      0x200000b0   Data           4  shell.o(.data)
    _sysvar_table_end                        0x200000b4   Data           4  shell.o(.data)
    shell                                    0x200000bc   Data           4  shell.o(.data)
    huart1                                   0x200000c0   Data          68  usart.o(.bss)
    htim1                                    0x20000104   Data          72  stm32f4xx_hal_timebase_tim.o(.bss)
    rt_thread_priority_table                 0x20000364   Data         256  scheduler.o(.bss)
    __libspace_start                         0x200043a4   Data          96  libspace.o(.bss)
    __temporary_stack_top$libspace           0x20004404   Data           0  libspace.o(.bss)



==============================================================================

Memory Map of the image

  Image Entry point : 0x08000189

  Load Region LR_IROM1 (Base: 0x08000000, Size: 0x00005e04, Max: 0x00100000, ABSOLUTE)

    Execution Region ER_IROM1 (Base: 0x08000000, Size: 0x00005d44, Max: 0x00100000, ABSOLUTE)

    Base Addr    Size         Type   Attr      Idx    E Section Name        Object

    0x08000000   0x00000188   Data   RO            3    RESET               startup_stm32f407xx.o
    0x08000188   0x00000008   Code   RO         4191  * !!!main             c_w.l(__main.o)
    0x08000190   0x00000034   Code   RO         4358    !!!scatter          c_w.l(__scatter.o)
    0x080001c4   0x0000001a   Code   RO         4360    !!handler_copy      c_w.l(__scatter_copy.o)
    0x080001de   0x00000002   PAD
    0x080001e0   0x0000001c   Code   RO         4362    !!handler_zi        c_w.l(__scatter_zi.o)
    0x080001fc   0x00000002   Code   RO         4228    .ARM.Collect$$libinit$$00000000  c_w.l(libinit.o)
    0x080001fe   0x00000004   Code   RO         4240    .ARM.Collect$$libinit$$00000001  c_w.l(libinit2.o)
    0x08000202   0x00000000   Code   RO         4243    .ARM.Collect$$libinit$$00000004  c_w.l(libinit2.o)
    0x08000202   0x00000000   Code   RO         4246    .ARM.Collect$$libinit$$0000000A  c_w.l(libinit2.o)
    0x08000202   0x00000000   Code   RO         4248    .ARM.Collect$$libinit$$0000000C  c_w.l(libinit2.o)
    0x08000202   0x00000000   Code   RO         4250    .ARM.Collect$$libinit$$0000000E  c_w.l(libinit2.o)
    0x08000202   0x00000000   Code   RO         4253    .ARM.Collect$$libinit$$00000011  c_w.l(libinit2.o)
    0x08000202   0x00000000   Code   RO         4255    .ARM.Collect$$libinit$$00000013  c_w.l(libinit2.o)
    0x08000202   0x00000000   Code   RO         4257    .ARM.Collect$$libinit$$00000015  c_w.l(libinit2.o)
    0x08000202   0x00000000   Code   RO         4259    .ARM.Collect$$libinit$$00000017  c_w.l(libinit2.o)
    0x08000202   0x00000000   Code   RO         4261    .ARM.Collect$$libinit$$00000019  c_w.l(libinit2.o)
    0x08000202   0x00000000   Code   RO         4263    .ARM.Collect$$libinit$$0000001B  c_w.l(libinit2.o)
    0x08000202   0x00000000   Code   RO         4265    .ARM.Collect$$libinit$$0000001D  c_w.l(libinit2.o)
    0x08000202   0x00000000   Code   RO         4267    .ARM.Collect$$libinit$$0000001F  c_w.l(libinit2.o)
    0x08000202   0x00000000   Code   RO         4269    .ARM.Collect$$libinit$$00000021  c_w.l(libinit2.o)
    0x08000202   0x00000000   Code   RO         4271    .ARM.Collect$$libinit$$00000023  c_w.l(libinit2.o)
    0x08000202   0x00000000   Code   RO         4273    .ARM.Collect$$libinit$$00000025  c_w.l(libinit2.o)
    0x08000202   0x00000000   Code   RO         4277    .ARM.Collect$$libinit$$0000002C  c_w.l(libinit2.o)
    0x08000202   0x00000000   Code   RO         4279    .ARM.Collect$$libinit$$0000002E  c_w.l(libinit2.o)
    0x08000202   0x00000000   Code   RO         4281    .ARM.Collect$$libinit$$00000030  c_w.l(libinit2.o)
    0x08000202   0x00000000   Code   RO         4283    .ARM.Collect$$libinit$$00000032  c_w.l(libinit2.o)
    0x08000202   0x00000002   Code   RO         4284    .ARM.Collect$$libinit$$00000033  c_w.l(libinit2.o)
    0x08000204   0x00000002   Code   RO         4315    .ARM.Collect$$libshutdown$$00000000  c_w.l(libshutdown.o)
    0x08000206   0x00000000   Code   RO         4341    .ARM.Collect$$libshutdown$$00000002  c_w.l(libshutdown2.o)
    0x08000206   0x00000000   Code   RO         4343    .ARM.Collect$$libshutdown$$00000004  c_w.l(libshutdown2.o)
    0x08000206   0x00000000   Code   RO         4346    .ARM.Collect$$libshutdown$$00000007  c_w.l(libshutdown2.o)
    0x08000206   0x00000000   Code   RO         4349    .ARM.Collect$$libshutdown$$0000000A  c_w.l(libshutdown2.o)
    0x08000206   0x00000000   Code   RO         4351    .ARM.Collect$$libshutdown$$0000000C  c_w.l(libshutdown2.o)
    0x08000206   0x00000000   Code   RO         4354    .ARM.Collect$$libshutdown$$0000000F  c_w.l(libshutdown2.o)
    0x08000206   0x00000002   Code   RO         4355    .ARM.Collect$$libshutdown$$00000010  c_w.l(libshutdown2.o)
    0x08000208   0x00000000   Code   RO         4193    .ARM.Collect$$rtentry$$00000000  c_w.l(__rtentry.o)
    0x08000208   0x00000000   Code   RO         4199    .ARM.Collect$$rtentry$$00000002  c_w.l(__rtentry2.o)
    0x08000208   0x00000006   Code   RO         4211    .ARM.Collect$$rtentry$$00000004  c_w.l(__rtentry4.o)
    0x0800020e   0x00000000   Code   RO         4201    .ARM.Collect$$rtentry$$00000009  c_w.l(__rtentry2.o)
    0x0800020e   0x00000004   Code   RO         4202    .ARM.Collect$$rtentry$$0000000A  c_w.l(__rtentry2.o)
    0x08000212   0x00000000   Code   RO         4204    .ARM.Collect$$rtentry$$0000000C  c_w.l(__rtentry2.o)
    0x08000212   0x00000008   Code   RO         4205    .ARM.Collect$$rtentry$$0000000D  c_w.l(__rtentry2.o)
    0x0800021a   0x00000002   Code   RO         4232    .ARM.Collect$$rtexit$$00000000  c_w.l(rtexit.o)
    0x0800021c   0x00000000   Code   RO         4288    .ARM.Collect$$rtexit$$00000002  c_w.l(rtexit2.o)
    0x0800021c   0x00000004   Code   RO         4289    .ARM.Collect$$rtexit$$00000003  c_w.l(rtexit2.o)
    0x08000220   0x00000006   Code   RO         4290    .ARM.Collect$$rtexit$$00000004  c_w.l(rtexit2.o)
    0x08000226   0x00000002   PAD
    0x08000228   0x00000040   Code   RO            4    .text               startup_stm32f407xx.o
    0x08000268   0x00000134   Code   RO         2876    .text               context_rvds.o
    0x0800039c   0x000000ee   Code   RO         4171    .text               c_w.l(lludivv7m.o)
    0x0800048a   0x0000003e   Code   RO         4175    .text               c_w.l(strlen.o)
    0x080004c8   0x00000096   Code   RO         4177    .text               c_w.l(strncmp.o)
    0x0800055e   0x00000018   Code   RO         4179    .text               c_w.l(strcat.o)
    0x08000576   0x00000064   Code   RO         4181    .text               c_w.l(rt_memcpy_w.o)
    0x080005da   0x00000044   Code   RO         4183    .text               c_w.l(rt_memclr.o)
    0x0800061e   0x0000004e   Code   RO         4185    .text               c_w.l(rt_memclr_w.o)
    0x0800066c   0x00000056   Code   RO         4187    .text               c_w.l(strncpy.o)
    0x080006c2   0x00000006   Code   RO         4189    .text               c_w.l(heapauxi.o)
    0x080006c8   0x0000004a   Code   RO         4215    .text               c_w.l(sys_stackheap_outer.o)
    0x08000712   0x00000012   Code   RO         4217    .text               c_w.l(exit.o)
    0x08000724   0x00000008   Code   RO         4229    .text               c_w.l(libspace.o)
    0x0800072c   0x0000000c   Code   RO         4285    .text               c_w.l(sys_exit.o)
    0x08000738   0x00000002   Code   RO         4304    .text               c_w.l(use_no_semi.o)
    0x0800073a   0x00000000   Code   RO         4306    .text               c_w.l(indicate_semi.o)
    0x0800073a   0x0000000a   Code   RO         2921    i.$Sub$$main        components.o
    0x08000744   0x00000002   Code   RO          258    i.BusFault_Handler  stm32f4xx_it.o
    0x08000746   0x00000002   Code   RO          259    i.DebugMon_Handler  stm32f4xx_it.o
    0x08000748   0x00000004   Code   RO           13    i.Error_Handler     main.o
    0x0800074c   0x000001f0   Code   RO          734    i.HAL_GPIO_Init     stm32f4xx_hal_gpio.o
    0x0800093c   0x00000010   Code   RO          737    i.HAL_GPIO_TogglePin  stm32f4xx_hal_gpio.o
    0x0800094c   0x0000000a   Code   RO          738    i.HAL_GPIO_WritePin  stm32f4xx_hal_gpio.o
    0x08000956   0x00000002   PAD
    0x08000958   0x0000000c   Code   RO         1266    i.HAL_GetTick       stm32f4xx_hal.o
    0x08000964   0x00000010   Code   RO         1272    i.HAL_IncTick       stm32f4xx_hal.o
    0x08000974   0x00000034   Code   RO         1273    i.HAL_Init          stm32f4xx_hal.o
    0x080009a8   0x00000074   Code   RO          340    i.HAL_InitTick      stm32f4xx_hal_timebase_tim.o
    0x08000a1c   0x00000030   Code   RO          316    i.HAL_MspInit       stm32f4xx_hal_msp.o
    0x08000a4c   0x0000001a   Code   RO         1123    i.HAL_NVIC_EnableIRQ  stm32f4xx_hal_cortex.o
    0x08000a66   0x00000002   PAD
    0x08000a68   0x00000040   Code   RO         1129    i.HAL_NVIC_SetPriority  stm32f4xx_hal_cortex.o
    0x08000aa8   0x00000024   Code   RO         1130    i.HAL_NVIC_SetPriorityGrouping  stm32f4xx_hal_cortex.o
    0x08000acc   0x00000134   Code   RO          380    i.HAL_RCC_ClockConfig  stm32f4xx_hal_rcc.o
    0x08000c00   0x00000040   Code   RO          384    i.HAL_RCC_GetClockConfig  stm32f4xx_hal_rcc.o
    0x08000c40   0x0000000c   Code   RO          385    i.HAL_RCC_GetHCLKFreq  stm32f4xx_hal_rcc.o
    0x08000c4c   0x00000020   Code   RO          387    i.HAL_RCC_GetPCLK1Freq  stm32f4xx_hal_rcc.o
    0x08000c6c   0x00000020   Code   RO          388    i.HAL_RCC_GetPCLK2Freq  stm32f4xx_hal_rcc.o
    0x08000c8c   0x00000060   Code   RO          389    i.HAL_RCC_GetSysClockFreq  stm32f4xx_hal_rcc.o
    0x08000cec   0x0000036c   Code   RO          392    i.HAL_RCC_OscConfig  stm32f4xx_hal_rcc.o
    0x08001058   0x00000028   Code   RO         1134    i.HAL_SYSTICK_Config  stm32f4xx_hal_cortex.o
    0x08001080   0x00000002   Code   RO         2217    i.HAL_TIMEx_BreakCallback  stm32f4xx_hal_tim_ex.o
    0x08001082   0x00000002   Code   RO         2218    i.HAL_TIMEx_CommutCallback  stm32f4xx_hal_tim_ex.o
    0x08001084   0x0000005a   Code   RO         1513    i.HAL_TIM_Base_Init  stm32f4xx_hal_tim.o
    0x080010de   0x00000002   Code   RO         1515    i.HAL_TIM_Base_MspInit  stm32f4xx_hal_tim.o
    0x080010e0   0x00000080   Code   RO         1518    i.HAL_TIM_Base_Start_IT  stm32f4xx_hal_tim.o
    0x08001160   0x00000002   Code   RO         1547    i.HAL_TIM_IC_CaptureCallback  stm32f4xx_hal_tim.o
    0x08001162   0x00000166   Code   RO         1561    i.HAL_TIM_IRQHandler  stm32f4xx_hal_tim.o
    0x080012c8   0x00000002   Code   RO         1564    i.HAL_TIM_OC_DelayElapsedCallback  stm32f4xx_hal_tim.o
    0x080012ca   0x00000002   Code   RO         1591    i.HAL_TIM_PWM_PulseFinishedCallback  stm32f4xx_hal_tim.o
    0x080012cc   0x00000014   Code   RO           14    i.HAL_TIM_PeriodElapsedCallback  main.o
    0x080012e0   0x00000002   Code   RO         1604    i.HAL_TIM_TriggerCallback  stm32f4xx_hal_tim.o
    0x080012e2   0x00000062   Code   RO         2513    i.HAL_UART_Init     stm32f4xx_hal_uart.o
    0x08001344   0x0000006c   Code   RO          217    i.HAL_UART_MspInit  usart.o
    0x080013b0   0x000000b2   Code   RO         2521    i.HAL_UART_Transmit  stm32f4xx_hal_uart.o
    0x08001462   0x00000002   PAD
    0x08001464   0x000000a4   Code   RO          192    i.MX_GPIO_Init      gpio.o
    0x08001508   0x00000038   Code   RO          218    i.MX_USART1_UART_Init  usart.o
    0x08001540   0x00000002   Code   RO          260    i.MemManage_Handler  stm32f4xx_it.o
    0x08001542   0x00000002   Code   RO          261    i.NMI_Handler       stm32f4xx_it.o
    0x08001544   0x00000012   Code   RO         3842    i.SysTick_Handler   board.o
    0x08001556   0x00000002   PAD
    0x08001558   0x00000098   Code   RO           15    i.SystemClock_Config  main.o
    0x080015f0   0x00000078   Code   RO         2841    i.SystemCoreClockUpdate  system_stm32f4xx.o
    0x08001668   0x00000010   Code   RO         2842    i.SystemInit        system_stm32f4xx.o
    0x08001678   0x0000000c   Code   RO          262    i.TIM1_UP_TIM10_IRQHandler  stm32f4xx_it.o
    0x08001684   0x000000c8   Code   RO         1606    i.TIM_Base_SetConfig  stm32f4xx_hal_tim.o
    0x0800174c   0x0000010c   Code   RO         2539    i.UART_SetConfig    stm32f4xx_hal_uart.o
    0x08001858   0x00000078   Code   RO         2542    i.UART_WaitOnFlagUntilTimeout  stm32f4xx_hal_uart.o
    0x080018d0   0x00000002   Code   RO          263    i.UsageFault_Handler  stm32f4xx_it.o
    0x080018d2   0x00000020   Code   RO         1136    i.__NVIC_SetPriority  stm32f4xx_hal_cortex.o
    0x080018f2   0x00000002   PAD
    0x080018f4   0x00000048   Code   RO         3122    i.__rt_ffs          kservice.o
    0x0800193c   0x0000009c   Code   RO         3997    i._msh_exec_cmd     msh.o
    0x080019d8   0x000000bc   Code   RO         3478    i._rt_scheduler_stack_check  scheduler.o
    0x08001a94   0x000000b0   Code   RO         3552    i._rt_thread_init   thread.o
    0x08001b44   0x00000028   Code   RO         3676    i._rt_timer_init    timer.o
    0x08001b6c   0x0000001c   Code   RO         3553    i._thread_cleanup_execute  thread.o
    0x08001b88   0x000000f4   Code   RO         3776    i.bus_fault_track   cpuport.o
    0x08001c7c   0x0000000a   Code   RO         3998    i.cmd_free          msh.o
    0x08001c86   0x0000000a   Code   RO         3999    i.cmd_ps            msh.o
    0x08001c90   0x00000070   Code   RO         4076    i.finsh_get_prompt  shell.o
    0x08001d00   0x00000004   Code   RO         4078    i.finsh_getchar     shell.o
    0x08001d04   0x00000044   Code   RO         4081    i.finsh_set_prompt_mode  shell.o
    0x08001d48   0x0000000c   Code   RO         4082    i.finsh_system_function_init  shell.o
    0x08001d54   0x00000098   Code   RO         4083    i.finsh_system_init  shell.o
    0x08001dec   0x000002a0   Code   RO         4085    i.finsh_thread_entry  shell.o
    0x0800208c   0x00000084   Code   RO         3777    i.hard_fault_track  cpuport.o
    0x08002110   0x00000020   Code   RO         3903    i.hello             cmd.o
    0x08002130   0x00000034   Code   RO           16    i.led1_thread_entry  main.o
    0x08002164   0x00000068   Code   RO         3904    i.list              cmd.o
    0x080021cc   0x00000024   Code   RO         3905    i.list_find_init    cmd.o
    0x080021f0   0x00000076   Code   RO         3906    i.list_get_next     cmd.o
    0x08002266   0x00000002   PAD
    0x08002268   0x0000006c   Code   RO         3309    i.list_mem          mem.o
    0x080022d4   0x0000015c   Code   RO         3907    i.list_sem          cmd.o
    0x08002430   0x000001e0   Code   RO         3908    i.list_thread       cmd.o
    0x08002610   0x0000015c   Code   RO         3909    i.list_timer        cmd.o
    0x0800276c   0x00000044   Code   RO           17    i.main              main.o
    0x080027b0   0x0000000e   Code   RO         2922    i.main_thread_entry  components.o
    0x080027be   0x00000002   PAD
    0x080027c0   0x000000e4   Code   RO         3778    i.mem_manage_fault_track  cpuport.o
    0x080028a4   0x000000a8   Code   RO         4000    i.msh_auto_complete  msh.o
    0x0800294c   0x00000064   Code   RO         4001    i.msh_exec          msh.o
    0x080029b0   0x0000005c   Code   RO         4002    i.msh_get_cmd       msh.o
    0x08002a0c   0x0000007c   Code   RO         4003    i.msh_help          msh.o
    0x08002a88   0x00000004   Code   RO         4004    i.msh_is_used       msh.o
    0x08002a8c   0x000000d8   Code   RO         4005    i.msh_split         msh.o
    0x08002b64   0x000000e8   Code   RO         3310    i.plug_holes        mem.o
    0x08002c4c   0x00000170   Code   RO         3124    i.print_number      kservice.o
    0x08002dbc   0x00000054   Code   RO         2923    i.rt_application_init  components.o
    0x08002e10   0x00000070   Code   RO         3125    i.rt_assert_handler  kservice.o
    0x08002e80   0x0000001c   Code   RO         3311    i.rt_calloc         mem.o
    0x08002e9c   0x0000004c   Code   RO         2924    i.rt_components_board_init  components.o
    0x08002ee8   0x00000070   Code   RO         2925    i.rt_components_init  components.o
    0x08002f58   0x0000001c   Code   RO         3480    i.rt_enter_critical  scheduler.o
    0x08002f74   0x00000038   Code   RO         3481    i.rt_exit_critical  scheduler.o
    0x08002fac   0x000001c8   Code   RO         3312    i.rt_free           mem.o
    0x08003174   0x00000008   Code   RO         3843    i.rt_heap_begin_get  board.o
    0x0800317c   0x00000008   Code   RO         3844    i.rt_heap_end_get   board.o
    0x08003184   0x00000036   Code   RO         3845    i.rt_hw_board_init  board.o
    0x080031ba   0x00000002   PAD
    0x080031bc   0x00000028   Code   RO         3846    i.rt_hw_console_getchar  board.o
    0x080031e4   0x00000048   Code   RO         3847    i.rt_hw_console_output  board.o
    0x0800322c   0x00000220   Code   RO         3782    i.rt_hw_hard_fault_exception  cpuport.o
    0x0800344c   0x00000044   Code   RO         3783    i.rt_hw_stack_init  cpuport.o
    0x08003490   0x0000001c   Code   RO         3095    i.rt_interrupt_enter  irq.o
    0x080034ac   0x00000018   Code   RO         3096    i.rt_interrupt_get_nest  irq.o
    0x080034c4   0x0000001c   Code   RO         3097    i.rt_interrupt_leave  irq.o
    0x080034e0   0x00000024   Code   RO         3130    i.rt_kprintf        kservice.o
    0x08003504   0x00000224   Code   RO         3313    i.rt_malloc         mem.o
    0x08003728   0x00000036   Code   RO         3135    i.rt_memmove        kservice.o
    0x0800375e   0x00000056   Code   RO         3136    i.rt_memset         kservice.o
    0x080037b4   0x000000d8   Code   RO         3400    i.rt_object_allocate  object.o
    0x0800388c   0x00000098   Code   RO         3401    i.rt_object_delete  object.o
    0x08003924   0x00000054   Code   RO         3402    i.rt_object_detach  object.o
    0x08003978   0x00000024   Code   RO         3404    i.rt_object_get_information  object.o
    0x0800399c   0x00000034   Code   RO         3407    i.rt_object_get_type  object.o
    0x080039d0   0x000000ac   Code   RO         3408    i.rt_object_init    object.o
    0x08003a7c   0x0000003c   Code   RO         3409    i.rt_object_is_systemobject  object.o
    0x08003ab8   0x00000070   Code   RO         3482    i.rt_schedule       scheduler.o
    0x08003b28   0x00000078   Code   RO         3483    i.rt_schedule_insert_thread  scheduler.o
    0x08003ba0   0x0000007c   Code   RO         3484    i.rt_schedule_remove_thread  scheduler.o
    0x08003c1c   0x00000070   Code   RO         3040    i.rt_sem_init       ipc.o
    0x08003c8c   0x00000098   Code   RO         3041    i.rt_sem_release    ipc.o
    0x08003d24   0x000001c8   Code   RO         3042    i.rt_sem_take       ipc.o
    0x08003eec   0x000000b0   Code   RO         3138    i.rt_show_version   kservice.o
    0x08003f9c   0x00000100   Code   RO         3677    i.rt_soft_timer_check  timer.o
    0x0800409c   0x00000010   Code   RO         3144    i.rt_strlen         kservice.o
    0x080040ac   0x0000002a   Code   RO         3146    i.rt_strncpy        kservice.o
    0x080040d6   0x00000002   PAD
    0x080040d8   0x0000010c   Code   RO         3316    i.rt_system_heap_init  mem.o
    0x080041e4   0x0000003c   Code   RO         3485    i.rt_system_scheduler_init  scheduler.o
    0x08004220   0x00000028   Code   RO         3486    i.rt_system_scheduler_start  scheduler.o
    0x08004248   0x00000018   Code   RO         3678    i.rt_system_timer_init  timer.o
    0x08004260   0x00000058   Code   RO         3679    i.rt_system_timer_thread_init  timer.o
    0x080042b8   0x0000005a   Code   RO         3555    i.rt_thread_create  thread.o
    0x08004312   0x00000004   Code   RO         3556    i.rt_thread_delay   thread.o
    0x08004316   0x00000002   PAD
    0x08004318   0x00000060   Code   RO         3560    i.rt_thread_exit    thread.o
    0x08004378   0x00000006   Code   RO         3000    i.rt_thread_idle_entry  idle.o
    0x0800437e   0x00000002   PAD
    0x08004380   0x000000a8   Code   RO         3001    i.rt_thread_idle_excute  idle.o
    0x08004428   0x00000040   Code   RO         3003    i.rt_thread_idle_init  idle.o
    0x08004468   0x00000080   Code   RO         3562    i.rt_thread_init    thread.o
    0x080044e8   0x0000000e   Code   RO         3563    i.rt_thread_mdelay  thread.o
    0x080044f6   0x00000002   PAD
    0x080044f8   0x0000008c   Code   RO         3564    i.rt_thread_resume  thread.o
    0x08004584   0x0000000c   Code   RO         3565    i.rt_thread_self    thread.o
    0x08004590   0x00000084   Code   RO         3566    i.rt_thread_sleep   thread.o
    0x08004614   0x000000c0   Code   RO         3567    i.rt_thread_startup  thread.o
    0x080046d4   0x00000088   Code   RO         3568    i.rt_thread_suspend  thread.o
    0x0800475c   0x000000c4   Code   RO         3569    i.rt_thread_timeout  thread.o
    0x08004820   0x0000003c   Code   RO         3680    i.rt_thread_timer_entry  timer.o
    0x0800485c   0x0000006c   Code   RO         3570    i.rt_thread_yield   thread.o
    0x080048c8   0x00000032   Code   RO         2881    i.rt_tick_from_millisecond  clock.o
    0x080048fa   0x00000002   PAD
    0x080048fc   0x0000000c   Code   RO         2882    i.rt_tick_get       clock.o
    0x08004908   0x0000002c   Code   RO         2883    i.rt_tick_increase  clock.o
    0x08004934   0x000000f4   Code   RO         3681    i.rt_timer_check    timer.o
    0x08004a28   0x000000d0   Code   RO         3682    i.rt_timer_control  timer.o
    0x08004af8   0x00000100   Code   RO         3685    i.rt_timer_detach   timer.o
    0x08004bf8   0x00000054   Code   RO         3686    i.rt_timer_init     timer.o
    0x08004c4c   0x00000028   Code   RO         3687    i.rt_timer_list_next_timeout  timer.o
    0x08004c74   0x000001b8   Code   RO         3689    i.rt_timer_start    timer.o
    0x08004e2c   0x000000cc   Code   RO         3690    i.rt_timer_stop     timer.o
    0x08004ef8   0x0000032c   Code   RO         3149    i.rt_vsnprintf      kservice.o
    0x08005224   0x00000004   Code   RO         2926    i.rti_board_end     components.o
    0x08005228   0x00000004   Code   RO         2927    i.rti_board_start   components.o
    0x0800522c   0x00000004   Code   RO         2928    i.rti_end           components.o
    0x08005230   0x00000004   Code   RO         2929    i.rti_start         components.o
    0x08005234   0x0000002a   Code   RO         2930    i.rtthread_startup  components.o
    0x0800525e   0x00000002   PAD
    0x08005260   0x00000038   Code   RO         4086    i.shell_auto_complete  shell.o
    0x08005298   0x00000030   Code   RO         3910    i.show_wait_queue   cmd.o
    0x080052c8   0x0000001e   Code   RO         4006    i.str_common        msh.o
    0x080052e6   0x00000002   PAD
    0x080052e8   0x00000034   Code   RO         3848    i.uart_init         board.o
    0x0800531c   0x000000dc   Code   RO         3784    i.usage_fault_track  cpuport.o
    0x080053f8   0x0000000a   Code   RO         3911    i.version           cmd.o
    0x08005402   0x0000000a   Code   RO         4300    x$fpl$fpinit        fz_wm.l(fpinit.o)
    0x0800540c   0x00000010   Data   RO         2843    .constdata          system_stm32f4xx.o
    0x0800541c   0x00000008   Data   RO         2844    .constdata          system_stm32f4xx.o
    0x08005424   0x0000000a   Data   RO         2931    .constdata          components.o
    0x0800542e   0x00000010   Data   RO         2932    .constdata          components.o
    0x0800543e   0x0000000e   Data   RO         2933    .constdata          components.o
    0x0800544c   0x00000008   Data   RO         2934    .constdata          components.o
    0x08005454   0x00000014   Data   RO         2935    .constdata          components.o
    0x08005468   0x00000016   Data   RO         3005    .constdata          idle.o
    0x0800547e   0x00000060   Data   RO         3044    .constdata          ipc.o
    0x080054de   0x00000122   Data   RO         3152    .constdata          kservice.o
    0x08005600   0x0000003c   Data   RO         3318    .constdata          mem.o
    0x0800563c   0x00000080   Data   RO         3411    .constdata          object.o
    0x080056bc   0x0000004e   Data   RO         3488    .constdata          scheduler.o
    0x0800570a   0x000000c0   Data   RO         3571    .constdata          thread.o
    0x080057ca   0x0000005c   Data   RO         3692    .constdata          timer.o
    0x08005826   0x0000000a   Data   RO         3850    .constdata          board.o
    0x08005830   0x0000000e   Data   RO         4007    .constdata          msh.o
    0x0800583e   0x00000012   Data   RO         4088    .constdata          shell.o
    0x08005850   0x0000004a   Data   RO         4089    .constdata          shell.o
    0x0800589a   0x00000002   PAD
    0x0800589c   0x00000045   Data   RO         3045    .conststring        ipc.o
    0x080058e1   0x00000003   PAD
    0x080058e4   0x000000eb   Data   RO         3319    .conststring        mem.o
    0x080059cf   0x00000001   PAD
    0x080059d0   0x00000042   Data   RO         3572    .conststring        thread.o
    0x08005a12   0x00000002   PAD
    0x08005a14   0x00000044   Data   RO         3912    .conststring        cmd.o
    0x08005a58   0x00000009   Data   RO         3321    .rodata.name        mem.o
    0x08005a61   0x0000001e   Data   RO         3322    .rodata.name        mem.o
    0x08005a7f   0x00000006   Data   RO         3913    .rodata.name        cmd.o
    0x08005a85   0x00000010   Data   RO         3914    .rodata.name        cmd.o
    0x08005a95   0x00000008   Data   RO         3915    .rodata.name        cmd.o
    0x08005a9d   0x00000023   Data   RO         3916    .rodata.name        cmd.o
    0x08005ac0   0x0000000e   Data   RO         3917    .rodata.name        cmd.o
    0x08005ace   0x00000023   Data   RO         3918    .rodata.name        cmd.o
    0x08005af1   0x0000000c   Data   RO         3919    .rodata.name        cmd.o
    0x08005afd   0x0000000c   Data   RO         3920    .rodata.name        cmd.o
    0x08005b09   0x00000012   Data   RO         3921    .rodata.name        cmd.o
    0x08005b1b   0x0000000c   Data   RO         3922    .rodata.name        cmd.o
    0x08005b27   0x00000009   Data   RO         3923    .rodata.name        cmd.o
    0x08005b30   0x00000019   Data   RO         3924    .rodata.name        cmd.o
    0x08005b49   0x0000000f   Data   RO         3925    .rodata.name        cmd.o
    0x08005b58   0x00000019   Data   RO         3926    .rodata.name        cmd.o
    0x08005b71   0x0000000b   Data   RO         3927    .rodata.name        cmd.o
    0x08005b7c   0x00000015   Data   RO         3928    .rodata.name        cmd.o
    0x08005b91   0x00000011   Data   RO         3929    .rodata.name        cmd.o
    0x08005ba2   0x00000015   Data   RO         3930    .rodata.name        cmd.o
    0x08005bb7   0x00000005   Data   RO         3931    .rodata.name        cmd.o
    0x08005bbc   0x0000001a   Data   RO         3932    .rodata.name        cmd.o
    0x08005bd6   0x0000000b   Data   RO         4008    .rodata.name        msh.o
    0x08005be1   0x00000016   Data   RO         4009    .rodata.name        msh.o
    0x08005bf7   0x00000009   Data   RO         4010    .rodata.name        msh.o
    0x08005c00   0x0000001c   Data   RO         4011    .rodata.name        msh.o
    0x08005c1c   0x0000000b   Data   RO         4012    .rodata.name        msh.o
    0x08005c27   0x00000025   Data   RO         4013    .rodata.name        msh.o
    0x08005c4c   0x00000008   Data   RO         2936    .rti_fn.0           components.o
    0x08005c54   0x00000008   Data   RO         2937    .rti_fn.0.end       components.o
    0x08005c5c   0x00000008   Data   RO         3851    .rti_fn.1           board.o
    0x08005c64   0x00000008   Data   RO         2938    .rti_fn.1.end       components.o
    0x08005c6c   0x00000008   Data   RO         4091    .rti_fn.6           shell.o
    0x08005c74   0x00000008   Data   RO         2939    .rti_fn.6.end       components.o
    0x08005c7c   0x0000000c   Data   RO         3323    FSymTab             mem.o
    0x08005c88   0x00000078   Data   RO         3933    FSymTab             cmd.o
    0x08005d00   0x00000024   Data   RO         4014    FSymTab             msh.o
    0x08005d24   0x00000020   Data   RO         4356    Region$$Table       anon$$obj.o


    Execution Region RW_IRAM2 (Base: 0x10000000, Size: 0x00000000, Max: 0x00010000, ABSOLUTE)

    **** No section assigned to this execution region ****


    Execution Region RW_IRAM1 (Base: 0x20000000, Size: 0x00004a08, Max: 0x00020000, ABSOLUTE)

    Base Addr    Size         Type   Attr      Idx    E Section Name        Object

    0x20000000   0x00000004   Data   RW           18    .data               main.o
    0x20000004   0x0000000c   Data   RW         1280    .data               stm32f4xx_hal.o
    0x20000010   0x00000004   Data   RW         2845    .data               system_stm32f4xx.o
    0x20000014   0x00000004   Data   RW         2885    .data               clock.o
    0x20000018   0x00000001   Data   RW         3098    .data               irq.o
    0x20000019   0x00000003   PAD
    0x2000001c   0x00000008   Data   RW         3153    .data               kservice.o
    0x20000024   0x00000018   Data   RW         3320    .data               mem.o
    0x2000003c   0x00000030   Data   RW         3412    .data               object.o
    0x2000006c   0x00000014   Data   RW         3489    .data               scheduler.o
    0x20000080   0x00000018   Data   RW         3693    .data               timer.o
    0x20000098   0x00000004   Data   RW         3786    .data               cpuport.o
    0x2000009c   0x00000004   Data   RW         3787    .data               cpuport.o
    0x200000a0   0x00000004   Data   RW         3788    .data               cpuport.o
    0x200000a4   0x00000004   Data   RW         3789    .data               cpuport.o
    0x200000a8   0x00000018   Data   RW         4090    .data               shell.o
    0x200000c0   0x00000044   Zero   RW          219    .bss                usart.o
    0x20000104   0x00000048   Zero   RW          343    .bss                stm32f4xx_hal_timebase_tim.o
    0x2000014c   0x00000178   Zero   RW         3004    .bss                idle.o
    0x200002c4   0x00000080   Zero   RW         3151    .bss                kservice.o
    0x20000344   0x00000020   Zero   RW         3317    .bss                mem.o
    0x20000364   0x00000100   Zero   RW         3487    .bss                scheduler.o
    0x20000464   0x00000278   Zero   RW         3691    .bss                timer.o
    0x200006dc   0x00003c44   Zero   RW         3849    .bss                board.o
    0x20004320   0x00000081   Zero   RW         4087    .bss                shell.o
    0x200043a1   0x00000003   PAD
    0x200043a4   0x00000060   Zero   RW         4230    .bss                c_w.l(libspace.o)
    0x20004404   0x00000004   PAD
    0x20004408   0x00000200   Zero   RW            2    HEAP                startup_stm32f407xx.o
    0x20004608   0x00000400   Zero   RW            1    STACK               startup_stm32f407xx.o


==============================================================================

Image component sizes


      Code (inc. data)   RO Data    RW Data    ZI Data      Debug   Object Name

       252         28         18          0      15428       5450   board.o
       106         12          0          4          0       2052   clock.o
      1524        536        531          0          0      13964   cmd.o
       354        138        100          0          0       7192   components.o
       308         28          0          0          0        888   context_rvds.o
      1436        754          0         16          0       7030   cpuport.o
       164         12          0          0          0        971   gpio.o
       238         72         22          0        376       5570   idle.o
       720        194        165          0          0      11126   ipc.o
        80         18          0          1          0       2442   irq.o
      1774        232        290          8        128      11748   kservice.o
       296         42          0          4          0     699910   main.o
      1640        682        346         24         32       7604   mem.o
       910        176        168          0          0       9776   msh.o
       772        266        128         48          0      10458   object.o
       728        214         78         20        256       9878   scheduler.o
      1076        164        100         24        129      13760   shell.o
        64         26        392          0       1536        840   startup_stm32f407xx.o
        80         14          0         12          0       8066   stm32f4xx_hal.o
       198         14          0          0          0      33935   stm32f4xx_hal_cortex.o
       522         46          0          0          0       2829   stm32f4xx_hal_gpio.o
        48          6          0          0          0        850   stm32f4xx_hal_msp.o
      1420         88          0          0          0       6365   stm32f4xx_hal_rcc.o
       786         72          0          0          0       7336   stm32f4xx_hal_tim.o
         4          0          0          0          0       1597   stm32f4xx_hal_tim_ex.o
       116         16          0          0         72       1415   stm32f4xx_hal_timebase_tim.o
       664         10          0          0          0       4160   stm32f4xx_hal_uart.o
        22          6          0          0          0       2788   stm32f4xx_it.o
       136         20         24          4          0       1867   system_stm32f4xx.o
      1452        390        258          0          0      18295   thread.o
      1944        514         92         24        632      16500   timer.o
       164         22          0          0         68       1710   usart.o

    ----------------------------------------------------------------------
     20028       4812       2752        192      18660     928372   Object Totals
         0          0         32          0          0          0   (incl. Generated)
        30          0          8          3          3          0   (incl. Padding)

    ----------------------------------------------------------------------

      Code (inc. data)   RO Data    RW Data    ZI Data      Debug   Library Member Name

         8          0          0          0          0         68   __main.o
         0          0          0          0          0          0   __rtentry.o
        12          0          0          0          0          0   __rtentry2.o
         6          0          0          0          0          0   __rtentry4.o
        52          8          0          0          0          0   __scatter.o
        26          0          0          0          0          0   __scatter_copy.o
        28          0          0          0          0          0   __scatter_zi.o
        18          0          0          0          0         80   exit.o
         6          0          0          0          0        152   heapauxi.o
         0          0          0          0          0          0   indicate_semi.o
         2          0          0          0          0          0   libinit.o
         6          0          0          0          0          0   libinit2.o
         2          0          0          0          0          0   libshutdown.o
         2          0          0          0          0          0   libshutdown2.o
         8          4          0          0         96         68   libspace.o
       238          0          0          0          0        100   lludivv7m.o
        68          0          0          0          0         68   rt_memclr.o
        78          0          0          0          0         80   rt_memclr_w.o
       100          0          0          0          0         80   rt_memcpy_w.o
         2          0          0          0          0          0   rtexit.o
        10          0          0          0          0          0   rtexit2.o
        24          0          0          0          0         68   strcat.o
        62          0          0          0          0         76   strlen.o
       150          0          0          0          0         80   strncmp.o
        86          0          0          0          0         76   strncpy.o
        12          4          0          0          0         68   sys_exit.o
        74          0          0          0          0         80   sys_stackheap_outer.o
         2          0          0          0          0         68   use_no_semi.o
        10          0          0          0          0        116   fpinit.o

    ----------------------------------------------------------------------
      1096         16          0          0        100       1328   Library Totals
         4          0          0          0          4          0   (incl. Padding)

    ----------------------------------------------------------------------

      Code (inc. data)   RO Data    RW Data    ZI Data      Debug   Library Name

      1082         16          0          0         96       1212   c_w.l
        10          0          0          0          0        116   fz_wm.l

    ----------------------------------------------------------------------
      1096         16          0          0        100       1328   Library Totals

    ----------------------------------------------------------------------

==============================================================================


      Code (inc. data)   RO Data    RW Data    ZI Data      Debug   

     21124       4828       2752        192      18760     913128   Grand Totals
     21124       4828       2752        192      18760     913128   ELF Image Totals
     21124       4828       2752        192          0          0   ROM Totals

==============================================================================

    Total RO  Size (Code + RO Data)                23876 (  23.32kB)
    Total RW  Size (RW Data + ZI Data)             18952 (  18.51kB)
    Total ROM Size (Code + RO Data + RW Data)      24068 (  23.50kB)

==============================================================================

