Component: ARM Compiler 5.06 update 3 (build 300) Tool: armlink [4d35c9]

==============================================================================

Section Cross References

    startup_stm32f407xx.o(STACK) refers (Special) to heapauxi.o(.text) for __use_two_region_memory
    startup_stm32f407xx.o(HEAP) refers (Special) to heapauxi.o(.text) for __use_two_region_memory
    startup_stm32f407xx.o(RESET) refers (Special) to heapauxi.o(.text) for __use_two_region_memory
    startup_stm32f407xx.o(RESET) refers to startup_stm32f407xx.o(STACK) for __initial_sp
    startup_stm32f407xx.o(RESET) refers to startup_stm32f407xx.o(.text) for Reset_Handler
    startup_stm32f407xx.o(RESET) refers to stm32f4xx_it.o(i.NMI_Handler) for NMI_Handler
    startup_stm32f407xx.o(RESET) refers to stm32f4xx_it.o(i.HardFault_Handler) for HardFault_Handler
    startup_stm32f407xx.o(RESET) refers to stm32f4xx_it.o(i.MemManage_Handler) for MemManage_Handler
    startup_stm32f407xx.o(RESET) refers to stm32f4xx_it.o(i.BusFault_Handler) for BusFault_Handler
    startup_stm32f407xx.o(RESET) refers to stm32f4xx_it.o(i.UsageFault_Handler) for UsageFault_Handler
    startup_stm32f407xx.o(RESET) refers to stm32f4xx_it.o(i.SVC_Handler) for SVC_Handler
    startup_stm32f407xx.o(RESET) refers to stm32f4xx_it.o(i.DebugMon_Handler) for DebugMon_Handler
    startup_stm32f407xx.o(RESET) refers to stm32f4xx_it.o(i.PendSV_Handler) for PendSV_Handler
    startup_stm32f407xx.o(RESET) refers to stm32f4xx_it.o(i.SysTick_Handler) for SysTick_Handler
    startup_stm32f407xx.o(.text) refers (Special) to heapauxi.o(.text) for __use_two_region_memory
    startup_stm32f407xx.o(.text) refers to system_stm32f4xx.o(i.SystemInit) for SystemInit
    startup_stm32f407xx.o(.text) refers to __main.o(!!!main) for __main
    startup_stm32f407xx.o(.text) refers to startup_stm32f407xx.o(HEAP) for Heap_Mem
    startup_stm32f407xx.o(.text) refers to startup_stm32f407xx.o(STACK) for Stack_Mem
    tcpclinet.o(i.TCP_Client_Init) refers to tcp.o(i.tcp_new) for tcp_new
    tcpclinet.o(i.TCP_Client_Init) refers to noretval__2printf.o(.text) for __2printf
    tcpclinet.o(i.TCP_Client_Init) refers to tcp.o(i.tcp_connect) for tcp_connect
    tcpclinet.o(i.TCP_Client_Init) refers to tcp.o(i.tcp_err) for tcp_err
    tcpclinet.o(i.TCP_Client_Init) refers to tcpclinet.o(i.client_connected) for client_connected
    tcpclinet.o(i.TCP_Client_Init) refers to tcpclinet.o(i.client_err) for client_err
    tcpclinet.o(i.client_connected) refers to noretval__2printf.o(.text) for __2printf
    tcpclinet.o(i.client_connected) refers to tcp.o(i.tcp_poll) for tcp_poll
    tcpclinet.o(i.client_connected) refers to tcp.o(i.tcp_recv) for tcp_recv
    tcpclinet.o(i.client_connected) refers to tcpclinet.o(i.client_send) for client_send
    tcpclinet.o(i.client_connected) refers to tcpclinet.o(i.client_recv) for client_recv
    tcpclinet.o(i.client_err) refers to noretval__2printf.o(.text) for __2printf
    tcpclinet.o(i.client_err) refers to tcpclinet.o(i.TCP_Client_Init) for TCP_Client_Init
    tcpclinet.o(i.client_recv) refers to tcp.o(i.tcp_recved) for tcp_recved
    tcpclinet.o(i.client_recv) refers to tcp_out.o(i.tcp_write) for tcp_write
    tcpclinet.o(i.client_recv) refers to rt_memclr.o(.text) for __aeabi_memclr
    tcpclinet.o(i.client_recv) refers to pbuf.o(i.pbuf_free) for pbuf_free
    tcpclinet.o(i.client_recv) refers to noretval__2printf.o(.text) for __2printf
    tcpclinet.o(i.client_recv) refers to tcp.o(i.tcp_close) for tcp_close
    tcpclinet.o(i.client_recv) refers to tcpclinet.o(i.TCP_Client_Init) for TCP_Client_Init
    tcpclinet.o(i.client_send) refers to tcp_out.o(i.tcp_write) for tcp_write
    main.o(i.SystemClock_Config) refers to rt_memclr_w.o(.text) for __aeabi_memclr4
    main.o(i.SystemClock_Config) refers to stm32f4xx_hal_rcc.o(i.HAL_RCC_OscConfig) for HAL_RCC_OscConfig
    main.o(i.SystemClock_Config) refers to stm32f4xx_hal_rcc.o(i.HAL_RCC_ClockConfig) for HAL_RCC_ClockConfig
    main.o(i.main) refers to stm32f4xx_hal.o(i.HAL_Init) for HAL_Init
    main.o(i.main) refers to main.o(i.SystemClock_Config) for SystemClock_Config
    main.o(i.main) refers to gpio.o(i.MX_GPIO_Init) for MX_GPIO_Init
    main.o(i.main) refers to usart.o(i.MX_USART1_UART_Init) for MX_USART1_UART_Init
    main.o(i.main) refers to lwip.o(i.MX_LWIP_Init) for MX_LWIP_Init
    main.o(i.main) refers to stm32f4xx_hal.o(i.HAL_Delay) for HAL_Delay
    main.o(i.main) refers to noretval__2printf.o(.text) for __2printf
    main.o(i.main) refers to tcpclinet.o(i.TCP_Client_Init) for TCP_Client_Init
    main.o(i.main) refers to tcpserver.o(i.TCP_Echo_Init) for TCP_Echo_Init
    main.o(i.main) refers to stm32f4xx_hal_gpio.o(i.HAL_GPIO_TogglePin) for HAL_GPIO_TogglePin
    main.o(i.main) refers to lwip.o(i.MX_LWIP_Process) for MX_LWIP_Process
    gpio.o(i.MX_GPIO_Init) refers to rt_memclr_w.o(.text) for __aeabi_memclr4
[...]
    .data                                    0x20000058   Section       12  netif.o(.data)
    netif_num                                0x20000058   Data           1  netif.o(.data)
    .data                                    0x20000064   Section        1  pbuf.o(.data)
    .data                                    0x20000068   Section       32  tcp.o(.data)
    tcp_timer                                0x20000069   Data           1  tcp.o(.data)
    tcp_timer_ctr                            0x2000006a   Data           1  tcp.o(.data)
    tcp_port                                 0x2000006c   Data           2  tcp.o(.data)
    iss                                      0x20000070   Data           4  tcp.o(.data)
    .data                                    0x20000088   Section       36  tcp_in.o(.data)
    flags                                    0x20000088   Data           1  tcp_in.o(.data)
    recv_flags                               0x20000089   Data           1  tcp_in.o(.data)
    tcphdr_optlen                            0x2000008a   Data           2  tcp_in.o(.data)
    tcphdr_opt1len                           0x2000008c   Data           2  tcp_in.o(.data)
    tcp_optidx                               0x2000008e   Data           2  tcp_in.o(.data)
    recv_acked                               0x20000090   Data           2  tcp_in.o(.data)
    tcplen                                   0x20000092   Data           2  tcp_in.o(.data)
    tcphdr                                   0x20000094   Data           4  tcp_in.o(.data)
    tcphdr_opt2                              0x20000098   Data           4  tcp_in.o(.data)
    seqno                                    0x2000009c   Data           4  tcp_in.o(.data)
    ackno                                    0x200000a0   Data           4  tcp_in.o(.data)
    recv_data                                0x200000a4   Data           4  tcp_in.o(.data)
    .data                                    0x200000ac   Section       12  timeouts.o(.data)
    next_timeout                             0x200000ac   Data           4  timeouts.o(.data)
    current_timeout_due_time                 0x200000b0   Data           4  timeouts.o(.data)
    tcpip_tcp_timer_active                   0x200000b4   Data           4  timeouts.o(.data)
    .data                                    0x200000b8   Section        1  etharp.o(.data)
    etharp_cached_entry                      0x200000b8   Data           1  etharp.o(.data)
    .data                                    0x200000ba   Section        2  ip4.o(.data)
    ip_id                                    0x200000ba   Data           2  ip4.o(.data)
    .data                                    0x200000bc   Section        8  ip4_frag.o(.data)
    ip_reass_pbufcount                       0x200000bc   Data           2  ip4_frag.o(.data)
    reassdatagrams                           0x200000c0   Data           4  ip4_frag.o(.data)
    .bss                                     0x200000c4   Section       68  usart.o(.bss)
    .bss                                     0x20000108   Section    12520  ethernetif.o(.bss)
    .bss                                     0x200031f0   Section       52  lwip.o(.bss)
    .bss                                     0x20003224   Section       24  ip.o(.bss)
    .bss                                     0x2000323c   Section     1619  mem.o(.bss)
    .bss                                     0x2000388f   Section      783  memp.o(.bss)
    .bss                                     0x20003b9e   Section      227  memp.o(.bss)
    .bss                                     0x20003c81   Section      259  memp.o(.bss)
    .bss                                     0x20003d84   Section      163  memp.o(.bss)
    .bss                                     0x20003e27   Section      363  memp.o(.bss)
    .bss                                     0x20003f92   Section       51  memp.o(.bss)
    .bss                                     0x20003fc5   Section      259  memp.o(.bss)
    .bss                                     0x200040c8   Section     9731  memp.o(.bss)
    .bss                                     0x200066cc   Section       16  tcp_in.o(.bss)
    inseg                                    0x200066cc   Data          16  tcp_in.o(.bss)
    .bss                                     0x200066dc   Section      240  etharp.o(.bss)
    arp_table                                0x200066dc   Data         240  etharp.o(.bss)
    .bss                                     0x200067cc   Section      228  rand.o(.bss)
    .bss                                     0x200068b0   Section       96  libspace.o(.bss)
    HEAP                                     0x20006910   Section      512  startup_stm32f407xx.o(HEAP)
    Heap_Mem                                 0x20006910   Data         512  startup_stm32f407xx.o(HEAP)
    STACK                                    0x20006b10   Section     1024  startup_stm32f407xx.o(STACK)
    Stack_Mem                                0x20006b10   Data        1024  startup_stm32f407xx.o(STACK)
    __initial_sp                             0x20006f10   Data           0  startup_stm32f407xx.o(STACK)

    Global Symbols

    Symbol Name                              Value     Ov Type        Size  Object(Section)

    BuildAttributes$$THM_ISAv4$E$P$D$K$B$S$7EM$VFPi3$EXTD16$VFPS$VFMA$PE$A:L22UL41UL21$X:L11$S22US41US21$IEEE1$IW$USESV6$~STKCKD$USESV7$~SHL$OSPACE$ROPI$EBA8$UX$STANDARDLIB$REQ8$PRES8$EABIv2 0x00000000   Number         0  anon$$obj.o ABSOLUTE
    __ARM_use_no_argv                        0x00000000   Number         0  main.o ABSOLUTE
    __ARM_exceptions_init                     - Undefined Weak Reference
    __alloca_initialize                       - Undefined Weak Reference
    __arm_preinit_                            - Undefined Weak Reference
    __cpp_initialize__aeabi_                  - Undefined Weak Reference
    __cxa_finalize                            - Undefined Weak Reference
    __sigvec_lookup                           - Undefined Weak Reference
    _atexit_init                              - Undefined Weak Reference
    _call_atexit_fns                          - Undefined Weak Reference
    _clock_init                               - Undefined Weak Reference
    _fp_trap_init                             - Undefined Weak Reference
    _fp_trap_shutdown                         - Undefined Weak Reference
    _get_lc_collate                           - Undefined Weak Reference
    _get_lc_monetary                          - Undefined Weak Reference
    _get_lc_numeric                           - Undefined Weak Reference
    _get_lc_time                              - Undefined Weak Reference
    _getenv_init                              - Undefined Weak Reference
    _handle_redirection                       - Undefined Weak Reference
    _init_alloc                               - Undefined Weak Reference
    _init_user_alloc                          - Undefined Weak Reference
    _initio                                   - Undefined Weak Reference
    _mutex_acquire                            - Undefined Weak Reference
    _mutex_release                            - Undefined Weak Reference
    _printf_mbtowc                            - Undefined Weak Reference
    _printf_post_padding                      - Undefined Weak Reference
    _printf_pre_padding                       - Undefined Weak Reference
    _printf_truncate_signed                   - Undefined Weak Reference
    _printf_truncate_unsigned                 - Undefined Weak Reference
    _signal_finish                            - Undefined Weak Reference
    _signal_init                              - Undefined Weak Reference
    _terminate_alloc                          - Undefined Weak Reference
    _terminate_user_alloc                     - Undefined Weak Reference
    _terminateio                              - Undefined Weak Reference
    __Vectors_Size                           0x00000188   Number         0  startup_stm32f407xx.o ABSOLUTE
    __Vectors                                0x08000000   Data           4  startup_stm32f407xx.o(RESET)
    __Vectors_End                            0x08000188   Data           0  startup_stm32f407xx.o(RESET)
    __main                                   0x08000189   Thumb Code     8  __main.o(!!!main)
    __scatterload                            0x08000191   Thumb Code     0  __scatter.o(!!!scatter)
    __scatterload_rt2                        0x08000191   Thumb Code    44  __scatter.o(!!!scatter)
    __scatterload_rt2_thumb_only             0x08000191   Thumb Code     0  __scatter.o(!!!scatter)
    __scatterload_null                       0x0800019f   Thumb Code     0  __scatter.o(!!!scatter)
    __scatterload_copy                       0x080001c5   Thumb Code    26  __scatter_copy.o(!!handler_copy)
    __scatterload_zeroinit                   0x080001e1   Thumb Code    28  __scatter_zi.o(!!handler_zi)
    _printf_d                                0x080001fd   Thumb Code     0  _printf_d.o(.ARM.Collect$$_printf_percent$$00000009)
    _printf_percent                          0x080001fd   Thumb Code     0  _printf_percent.o(.ARM.Collect$$_printf_percent$$00000000)
    _printf_s                                0x08000203   Thumb Code     0  _printf_s.o(.ARM.Collect$$_printf_percent$$00000014)
    _printf_percent_end                      0x08000209   Thumb Code     0  _printf_percent_end.o(.ARM.Collect$$_printf_percent$$00000017)
    __rt_lib_init                            0x0800020d   Thumb Code     0  libinit.o(.ARM.Collect$$libinit$$00000000)
    __rt_lib_init_fp_1                       0x0800020f   Thumb Code     0  libinit2.o(.ARM.Collect$$libinit$$00000001)
    __rt_lib_init_heap_1                     0x08000213   Thumb Code     0  libinit2.o(.ARM.Collect$$libinit$$0000000A)
    __rt_lib_init_preinit_1                  0x08000213   Thumb Code     0  libinit2.o(.ARM.Collect$$libinit$$00000004)
    __rt_lib_init_rand_2                     0x08000213   Thumb Code     0  libinit2.o(.ARM.Collect$$libinit$$0000000D)
    __rt_lib_init_user_alloc_1               0x08000213   Thumb Code     0  libinit2.o(.ARM.Collect$$libinit$$0000000C)
    __rt_lib_init_alloca_1                   0x08000217   Thumb Code     0  libinit2.o(.ARM.Collect$$libinit$$0000002E)
    __rt_lib_init_argv_1                     0x08000217   Thumb Code     0  libinit2.o(.ARM.Collect$$libinit$$0000002C)
    __rt_lib_init_atexit_1                   0x08000217   Thumb Code     0  libinit2.o(.ARM.Collect$$libinit$$0000001B)
    __rt_lib_init_clock_1                    0x08000217   Thumb Code     0  libinit2.o(.ARM.Collect$$libinit$$00000021)
    __rt_lib_init_cpp_1                      0x08000217   Thumb Code     0  libinit2.o(.ARM.Collect$$libinit$$00000032)
    __rt_lib_init_exceptions_1               0x08000217   Thumb Code     0  libinit2.o(.ARM.Collect$$libinit$$00000030)
    __rt_lib_init_fp_trap_1                  0x08000217   Thumb Code     0  libinit2.o(.ARM.Collect$$libinit$$0000001F)
    __rt_lib_init_getenv_1                   0x08000217   Thumb Code     0  libinit2.o(.ARM.Collect$$libinit$$00000023)
    __rt_lib_init_lc_collate_1               0x08000217   Thumb Code     0  libinit2.o(.ARM.Collect$$libinit$$00000011)
    __rt_lib_init_lc_ctype_1                 0x08000217   Thumb Code     0  libinit2.o(.ARM.Collect$$libinit$$00000013)
    __rt_lib_init_lc_monetary_1              0x08000217   Thumb Code     0  libinit2.o(.ARM.Collect$$libinit$$00000015)
    __rt_lib_init_lc_numeric_1               0x08000217   Thumb Code     0  libinit2.o(.ARM.Collect$$libinit$$00000017)
    __rt_lib_init_lc_time_1                  0x08000217   Thumb Code     0  libinit2.o(.ARM.Collect$$libinit$$00000019)
    __rt_lib_init_rand_1                     0x08000217   Thumb Code     0  libinit2.o(.ARM.Collect$$libinit$$0000000E)
    __rt_lib_init_return                     0x08000217   Thumb Code     0  libinit2.o(.ARM.Collect$$libinit$$00000033)
    __rt_lib_init_signal_1                   0x08000217   Thumb Code     0  libinit2.o(.ARM.Collect$$libinit$$0000001D)
    __rt_lib_init_stdio_1                    0x08000217   Thumb Code     0  libinit2.o(.ARM.Collect$$libinit$$00000025)
    __rt_lib_shutdown                        0x08000219   Thumb Code     0  libshutdown.o(.ARM.Collect$$libshutdown$$00000000)
    __rt_lib_shutdown_cpp_1                  0x0800021b   Thumb Code     0  libshutdown2.o(.ARM.Collect$$libshutdown$$00000002)
    __rt_lib_shutdown_fp_trap_1              0x0800021b   Thumb Code     0  libshutdown2.o(.ARM.Collect$$libshutdown$$00000007)
    __rt_lib_shutdown_heap_1                 0x0800021b   Thumb Code     0  libshutdown2.o(.ARM.Collect$$libshutdown$$0000000F)
    __rt_lib_shutdown_return                 0x0800021b   Thumb Code     0  libshutdown2.o(.ARM.Collect$$libshutdown$$00000010)
    __rt_lib_shutdown_signal_1               0x0800021b   Thumb Code     0  libshutdown2.o(.ARM.Collect$$libshutdown$$0000000A)
    __rt_lib_shutdown_stdio_1                0x0800021b   Thumb Code     0  libshutdown2.o(.ARM.Collect$$libshutdown$$00000004)
    __rt_lib_shutdown_user_alloc_1           0x0800021b   Thumb Code     0  libshutdown2.o(.ARM.Collect$$libshutdown$$0000000C)
    __rt_entry                               0x0800021d   Thumb Code     0  __rtentry.o(.ARM.Collect$$rtentry$$00000000)
    __rt_entry_presh_1                       0x0800021d   Thumb Code     0  __rtentry2.o(.ARM.Collect$$rtentry$$00000002)
    __rt_entry_sh                            0x0800021d   Thumb Code     0  __rtentry4.o(.ARM.Collect$$rtentry$$00000004)
    __rt_entry_li                            0x08000223   Thumb Code     0  __rtentry2.o(.ARM.Collect$$rtentry$$0000000A)
    __rt_entry_postsh_1                      0x08000223   Thumb Code     0  __rtentry2.o(.ARM.Collect$$rtentry$$00000009)
    __rt_entry_main                          0x08000227   Thumb Code     0  __rtentry2.o(.ARM.Collect$$rtentry$$0000000D)
    __rt_entry_postli_1                      0x08000227   Thumb Code     0  __rtentry2.o(.ARM.Collect$$rtentry$$0000000C)
    __rt_exit                                0x0800022f   Thumb Code     0  rtexit.o(.ARM.Collect$$rtexit$$00000000)
    __rt_exit_ls                             0x08000231   Thumb Code     0  rtexit2.o(.ARM.Collect$$rtexit$$00000003)
    __rt_exit_prels_1                        0x08000231   Thumb Code     0  rtexit2.o(.ARM.Collect$$rtexit$$00000002)
    __rt_exit_exit                           0x08000235   Thumb Code     0  rtexit2.o(.ARM.Collect$$rtexit$$00000004)
    rand                                     0x0800023d   Thumb Code    48  rand.o(.emb_text)
    Reset_Handler                            0x08000271   Thumb Code     8  startup_stm32f407xx.o(.text)
    ADC_IRQHandler                           0x0800028b   Thumb Code     0  startup_stm32f407xx.o(.text)
    CAN1_RX0_IRQHandler                      0x0800028b   Thumb Code     0  startup_stm32f407xx.o(.text)
    CAN1_RX1_IRQHandler                      0x0800028b   Thumb Code     0  startup_stm32f407xx.o(.text)
    CAN1_SCE_IRQHandler                      0x0800028b   Thumb Code     0  startup_stm32f407xx.o(.text)
    CAN1_TX_IRQHandler                       0x0800028b   Thumb Code     0  startup_stm32f407xx.o(.text)
    CAN2_RX0_IRQHandler                      0x0800028b   Thumb Code     0  startup_stm32f407xx.o(.text)
    CAN2_RX1_IRQHandler                      0x0800028b   Thumb Code     0  startup_stm32f407xx.o(.text)
    CAN2_SCE_IRQHandler                      0x0800028b   Thumb Code     0  startup_stm32f407xx.o(.text)
    CAN2_TX_IRQHandler                       0x0800028b   Thumb Code     0  startup_stm32f407xx.o(.text)
    DCMI_IRQHandler                          0x0800028b   Thumb Code     0  startup_stm32f407xx.o(.text)
    DMA1_Stream0_IRQHandler                  0x0800028b   Thumb Code     0  startup_stm32f407xx.o(.text)
    DMA1_Stream1_IRQHandler                  0x0800028b   Thumb Code     0  startup_stm32f407xx.o(.text)
    DMA1_Stream2_IRQHandler                  0x0800028b   Thumb Code     0  startup_stm32f407xx.o(.text)
    DMA1_Stream3_IRQHandler                  0x0800028b   Thumb Code     0  startup_stm32f407xx.o(.text)
    DMA1_Stream4_IRQHandler                  0x0800028b   Thumb Code     0  startup_stm32f407xx.o(.text)
    DMA1_Stream5_IRQHandler                  0x0800028b   Thumb Code     0  startup_stm32f407xx.o(.text)
    DMA1_Stream6_IRQHandler                  0x0800028b   Thumb Code     0  startup_stm32f407xx.o(.text)
    DMA1_Stream7_IRQHandler                  0x0800028b   Thumb Code     0  startup_stm32f407xx.o(.text)
    DMA2_Stream0_IRQHandler                  0x0800028b   Thumb Code     0  startup_stm32f407xx.o(.text)
    DMA2_Stream1_IRQHandler                  0x0800028b   Thumb Code     0  startup_stm32f407xx.o(.text)
    DMA2_Stream2_IRQHandler                  0x0800028b   Thumb Code     0  startup_stm32f407xx.o(.text)
    DMA2_Stream3_IRQHandler                  0x0800028b   Thumb Code     0  startup_stm32f407xx.o(.text)
    DMA2_Stream4_IRQHandler                  0x0800028b   Thumb Code     0  startup_stm32f407xx.o(.text)
    DMA2_Stream5_IRQHandler                  0x0800028b   Thumb Code     0  startup_stm32f407xx.o(.text)
    DMA2_Stream6_IRQHandler                  0x0800028b   Thumb Code     0  startup_stm32f407xx.o(.text)
    DMA2_Stream7_IRQHandler                  0x0800028b   Thumb Code     0  startup_stm32f407xx.o(.text)
    ETH_IRQHandler                           0x0800028b   Thumb Code     0  startup_stm32f407xx.o(.text)
    ETH_WKUP_IRQHandler                      0x0800028b   Thumb Code     0  startup_stm32f407xx.o(.text)
    EXTI0_IRQHandler                         0x0800028b   Thumb Code     0  startup_stm32f407xx.o(.text)
    EXTI15_10_IRQHandler                     0x0800028b   Thumb Code     0  startup_stm32f407xx.o(.text)
    EXTI1_IRQHandler                         0x0800028b   Thumb Code     0  startup_stm32f407xx.o(.text)
    EXTI2_IRQHandler                         0x0800028b   Thumb Code     0  startup_stm32f407xx.o(.text)
    EXTI3_IRQHandler                         0x0800028b   Thumb Code     0  startup_stm32f407xx.o(.text)
    EXTI4_IRQHandler                         0x0800028b   Thumb Code     0  startup_stm32f407xx.o(.text)
    EXTI9_5_IRQHandler                       0x0800028b   Thumb Code     0  startup_stm32f407xx.o(.text)
    FLASH_IRQHandler                         0x0800028b   Thumb Code     0  startup_stm32f407xx.o(.text)
    FMC_IRQHandler                           0x0800028b   Thumb Code     0  startup_stm32f407xx.o(.text)
    FPU_IRQHandler                           0x0800028b   Thumb Code     0  startup_stm32f407xx.o(.text)
    HASH_RNG_IRQHandler                      0x0800028b   Thumb Code     0  startup_stm32f407xx.o(.text)
    I2C1_ER_IRQHandler                       0x0800028b   Thumb Code     0  startup_stm32f407xx.o(.text)
    I2C1_EV_IRQHandler                       0x0800028b   Thumb Code     0  startup_stm32f407xx.o(.text)
    I2C2_ER_IRQHandler                       0x0800028b   Thumb Code     0  startup_stm32f407xx.o(.text)
    I2C2_EV_IRQHandler                       0x0800028b   Thumb Code     0  startup_stm32f407xx.o(.text)
    I2C3_ER_IRQHandler                       0x0800028b   Thumb Code     0  startup_stm32f407xx.o(.text)
    I2C3_EV_IRQHandler                       0x0800028b   Thumb Code     0  startup_stm32f407xx.o(.text)
    OTG_FS_IRQHandler                        0x0800028b   Thumb Code     0  startup_stm32f407xx.o(.text)
    OTG_FS_WKUP_IRQHandler                   0x0800028b   Thumb Code     0  startup_stm32f407xx.o(.text)
    OTG_HS_EP1_IN_IRQHandler                 0x0800028b   Thumb Code     0  startup_stm32f407xx.o(.text)
    OTG_HS_EP1_OUT_IRQHandler                0x0800028b   Thumb Code     0  startup_stm32f407xx.o(.text)
    OTG_HS_IRQHandler                        0x0800028b   Thumb Code     0  startup_stm32f407xx.o(.text)
    OTG_HS_WKUP_IRQHandler                   0x0800028b   Thumb Code     0  startup_stm32f407xx.o(.text)
    PVD_IRQHandler                           0x0800028b   Thumb Code     0  startup_stm32f407xx.o(.text)
    RCC_IRQHandler                           0x0800028b   Thumb Code     0  startup_stm32f407xx.o(.text)
    RTC_Alarm_IRQHandler                     0x0800028b   Thumb Code     0  startup_stm32f407xx.o(.text)
    RTC_WKUP_IRQHandler                      0x0800028b   Thumb Code     0  startup_stm32f407xx.o(.text)
    SDIO_IRQHandler                          0x0800028b   Thumb Code     0  startup_stm32f407xx.o(.text)
    SPI1_IRQHandler                          0x0800028b   Thumb Code     0  startup_stm32f407xx.o(.text)
    SPI2_IRQHandler                          0x0800028b   Thumb Code     0  startup_stm32f407xx.o(.text)
    SPI3_IRQHandler                          0x0800028b   Thumb Code     0  startup_stm32f407xx.o(.text)
    TAMP_STAMP_IRQHandler                    0x0800028b   Thumb Code     0  startup_stm32f407xx.o(.text)
    TIM1_BRK_TIM9_IRQHandler                 0x0800028b   Thumb Code     0  startup_stm32f407xx.o(.text)
    TIM1_CC_IRQHandler                       0x0800028b   Thumb Code     0  startup_stm32f407xx.o(.text)
    TIM1_TRG_COM_TIM11_IRQHandler            0x0800028b   Thumb Code     0  startup_stm32f407xx.o(.text)
    TIM1_UP_TIM10_IRQHandler                 0x0800028b   Thumb Code     0  startup_stm32f407xx.o(.text)
    TIM2_IRQHandler                          0x0800028b   Thumb Code     0  startup_stm32f407xx.o(.text)
    TIM3_IRQHandler                          0x0800028b   Thumb Code     0  startup_stm32f407xx.o(.text)
    TIM4_IRQHandler                          0x0800028b   Thumb Code     0  startup_stm32f407xx.o(.text)
    TIM5_IRQHandler                          0x0800028b   Thumb Code     0  startup_stm32f407xx.o(.text)
    TIM6_DAC_IRQHandler                      0x0800028b   Thumb Code     0  startup_stm32f407xx.o(.text)
    TIM7_IRQHandler                          0x0800028b   Thumb Code     0  startup_stm32f407xx.o(.text)
    TIM8_BRK_TIM12_IRQHandler                0x0800028b   Thumb Code     0  startup_stm32f407xx.o(.text)
    TIM8_CC_IRQHandler                       0x0800028b   Thumb Code     0  startup_stm32f407xx.o(.text)
    TIM8_TRG_COM_TIM14_IRQHandler            0x0800028b   Thumb Code     0  startup_stm32f407xx.o(.text)
    TIM8_UP_TIM13_IRQHandler                 0x0800028b   Thumb Code     0  startup_stm32f407xx.o(.text)
    UART4_IRQHandler                         0x0800028b   Thumb Code     0  startup_stm32f407xx.o(.text)
    UART5_IRQHandler                         0x0800028b   Thumb Code     0  startup_stm32f407xx.o(.text)
    USART1_IRQHandler                        0x0800028b   Thumb Code     0  startup_stm32f407xx.o(.text)
    USART2_IRQHandler                        0x0800028b   Thumb Code     0  startup_stm32f407xx.o(.text)
    USART3_IRQHandler                        0x0800028b   Thumb Code     0  startup_stm32f407xx.o(.text)
    USART6_IRQHandler                        0x0800028b   Thumb Code     0  startup_stm32f407xx.o(.text)
    WWDG_IRQHandler                          0x0800028b   Thumb Code     0  startup_stm32f407xx.o(.text)
    __user_initial_stackheap                 0x0800028d   Thumb Code     0  startup_stm32f407xx.o(.text)
    __use_no_semihosting                     0x080002b1   Thumb Code     2  use_no_semi_2.o(.text)
    __aeabi_uldivmod                         0x080002b3   Thumb Code     0  lludivv7m.o(.text)
    _ll_udiv                                 0x080002b3   Thumb Code   238  lludivv7m.o(.text)
    __2printf                                0x080003a1   Thumb Code    20  noretval__2printf.o(.text)
    __printf                                 0x080003b9   Thumb Code   104  __printf.o(.text)
    _printf_str                              0x08000421   Thumb Code    82  _printf_str.o(.text)
    _printf_int_dec                          0x08000475   Thumb Code   104  _printf_dec.o(.text)
    srand                                    0x080004ed   Thumb Code    42  rand.o(.text)
    _rand_init                               0x08000517   Thumb Code     4  rand.o(.text)
    memcmp                                   0x08000529   Thumb Code    88  memcmp.o(.text)
    __aeabi_memcpy                           0x08000581   Thumb Code     0  rt_memcpy_v6.o(.text)
    __rt_memcpy                              0x08000581   Thumb Code   138  rt_memcpy_v6.o(.text)
    _memcpy_lastbytes                        0x080005e7   Thumb Code     0  rt_memcpy_v6.o(.text)
    __aeabi_memcpy4                          0x0800060b   Thumb Code     0  rt_memcpy_w.o(.text)
    __aeabi_memcpy8                          0x0800060b   Thumb Code     0  rt_memcpy_w.o(.text)
    __rt_memcpy_w                            0x0800060b   Thumb Code   100  rt_memcpy_w.o(.text)
    _memcpy_lastbytes_aligned                0x08000653   Thumb Code     0  rt_memcpy_w.o(.text)
    __aeabi_memclr                           0x0800066f   Thumb Code     0  rt_memclr.o(.text)
    __rt_memclr                              0x0800066f   Thumb Code    68  rt_memclr.o(.text)
    _memset                                  0x08000673   Thumb Code     0  rt_memclr.o(.text)
    __aeabi_memclr4                          0x080006b3   Thumb Code     0  rt_memclr_w.o(.text)
    __aeabi_memclr8                          0x080006b3   Thumb Code     0  rt_memclr_w.o(.text)
    __rt_memclr_w                            0x080006b3   Thumb Code    78  rt_memclr_w.o(.text)
    _memset_w                                0x080006b7   Thumb Code     0  rt_memclr_w.o(.text)
    __use_two_region_memory                  0x08000701   Thumb Code     2  heapauxi.o(.text)
    __rt_heap_escrow$2region                 0x08000703   Thumb Code     2  heapauxi.o(.text)
    __rt_heap_expand$2region                 0x08000705   Thumb Code     2  heapauxi.o(.text)
    __I$use$semihosting                      0x08000707   Thumb Code     0  use_no_semi.o(.text)
    __use_no_semihosting_swi                 0x08000707   Thumb Code     2  use_no_semi.o(.text)
    _printf_int_common                       0x08000709   Thumb Code   178  _printf_intcommon.o(.text)
    _printf_cs_common                        0x080007bb   Thumb Code    20  _printf_char.o(.text)
    _printf_char                             0x080007cf   Thumb Code    16  _printf_char.o(.text)
    _printf_string                           0x080007df   Thumb Code     8  _printf_char.o(.text)
    _printf_char_file                        0x080007e9   Thumb Code    32  _printf_char_file.o(.text)
    __user_libspace                          0x0800080d   Thumb Code     8  libspace.o(.text)
    __user_perproc_libspace                  0x0800080d   Thumb Code     0  libspace.o(.text)
    __user_perthread_libspace                0x0800080d   Thumb Code     0  libspace.o(.text)
    _printf_char_common                      0x0800081f   Thumb Code    32  _printf_char_common.o(.text)
    ferror                                   0x08000845   Thumb Code     8  ferror.o(.text)
    __user_setup_stackheap                   0x0800084d   Thumb Code    74  sys_stackheap_outer.o(.text)
    exit                                     0x08000897   Thumb Code    18  exit.o(.text)
    BusFault_Handler                         0x080008a9   Thumb Code     2  stm32f4xx_it.o(i.BusFault_Handler)
    DebugMon_Handler                         0x080008ab   Thumb Code     2  stm32f4xx_it.o(i.DebugMon_Handler)
    Error_Handler                            0x08000a21   Thumb Code     4  main.o(i.Error_Handler)
    HAL_Delay                                0x08000a25   Thumb Code    32  stm32f4xx_hal.o(i.HAL_Delay)
    HAL_ETH_ConfigMAC                        0x08000a49   Thumb Code   300  stm32f4xx_hal_eth.o(i.HAL_ETH_ConfigMAC)
    HAL_ETH_DMARxDescListInit                0x08000b79   Thumb Code   116  stm32f4xx_hal_eth.o(i.HAL_ETH_DMARxDescListInit)
    HAL_ETH_DMATxDescListInit                0x08000bed   Thumb Code   120  stm32f4xx_hal_eth.o(i.HAL_ETH_DMATxDescListInit)
    HAL_ETH_GetReceivedFrame                 0x08000c65   Thumb Code   122  stm32f4xx_hal_eth.o(i.HAL_ETH_GetReceivedFrame)
    HAL_ETH_Init                             0x08000ce1   Thumb Code   450  stm32f4xx_hal_eth.o(i.HAL_ETH_Init)
    HAL_ETH_MspInit                          0x08000ecd   Thumb Code   194  ethernetif.o(i.HAL_ETH_MspInit)
    HAL_ETH_ReadPHYRegister                  0x08000fa5   Thumb Code   132  stm32f4xx_hal_eth.o(i.HAL_ETH_ReadPHYRegister)
    HAL_ETH_Start                            0x08001029   Thumb Code   132  stm32f4xx_hal_eth.o(i.HAL_ETH_Start)
    HAL_ETH_Stop                             0x080010ad   Thumb Code   132  stm32f4xx_hal_eth.o(i.HAL_ETH_Stop)
    HAL_ETH_TransmitFrame                    0x08001131   Thumb Code   264  stm32f4xx_hal_eth.o(i.HAL_ETH_TransmitFrame)
    HAL_ETH_WritePHYRegister                 0x08001239   Thumb Code   120  stm32f4xx_hal_eth.o(i.HAL_ETH_WritePHYRegister)
    HAL_GPIO_Init                            0x080012b1   Thumb Code   450  stm32f4xx_hal_gpio.o(i.HAL_GPIO_Init)
    HAL_GPIO_TogglePin                       0x080014a1   Thumb Code    16  stm32f4xx_hal_gpio.o(i.HAL_GPIO_TogglePin)
    HAL_GPIO_WritePin                        0x080014b1   Thumb Code    10  stm32f4xx_hal_gpio.o(i.HAL_GPIO_WritePin)
    HAL_GetTick                              0x080014bd   Thumb Code     6  stm32f4xx_hal.o(i.HAL_GetTick)
    HAL_IncTick                              0x080014c9   Thumb Code    12  stm32f4xx_hal.o(i.HAL_IncTick)
    HAL_Init                                 0x080014d9   Thumb Code    48  stm32f4xx_hal.o(i.HAL_Init)
    HAL_InitTick                             0x0800150d   Thumb Code    54  stm32f4xx_hal.o(i.HAL_InitTick)
    HAL_MspInit                              0x0800154d   Thumb Code    42  stm32f4xx_hal_msp.o(i.HAL_MspInit)
    HAL_NVIC_SetPriority                     0x0800157d   Thumb Code    60  stm32f4xx_hal_cortex.o(i.HAL_NVIC_SetPriority)
    HAL_NVIC_SetPriorityGrouping             0x080015bd   Thumb Code    26  stm32f4xx_hal_cortex.o(i.HAL_NVIC_SetPriorityGrouping)
    HAL_RCC_ClockConfig                      0x080015e1   Thumb Code   288  stm32f4xx_hal_rcc.o(i.HAL_RCC_ClockConfig)
    HAL_RCC_GetHCLKFreq                      0x08001715   Thumb Code     6  stm32f4xx_hal_rcc.o(i.HAL_RCC_GetHCLKFreq)
    HAL_RCC_GetPCLK1Freq                     0x08001721   Thumb Code    20  stm32f4xx_hal_rcc.o(i.HAL_RCC_GetPCLK1Freq)
    HAL_RCC_GetPCLK2Freq                     0x08001741   Thumb Code    20  stm32f4xx_hal_rcc.o(i.HAL_RCC_GetPCLK2Freq)
    HAL_RCC_GetSysClockFreq                  0x08001761   Thumb Code    88  stm32f4xx_hal_rcc.o(i.HAL_RCC_GetSysClockFreq)
    HAL_RCC_OscConfig                        0x080017c1   Thumb Code   856  stm32f4xx_hal_rcc.o(i.HAL_RCC_OscConfig)
    HAL_SYSTICK_Config                       0x08001b2d   Thumb Code    40  stm32f4xx_hal_cortex.o(i.HAL_SYSTICK_Config)
    HAL_UART_Init                            0x08001b55   Thumb Code    98  stm32f4xx_hal_uart.o(i.HAL_UART_Init)
    HAL_UART_MspInit                         0x08001bb9   Thumb Code    94  usart.o(i.HAL_UART_MspInit)
    HardFault_Handler                        0x08001c25   Thumb Code     2  stm32f4xx_it.o(i.HardFault_Handler)
    MX_GPIO_Init                             0x08001c29   Thumb Code   168  gpio.o(i.MX_GPIO_Init)
    MX_LWIP_Init                             0x08001cdd   Thumb Code   230  lwip.o(i.MX_LWIP_Init)
    MX_LWIP_Process                          0x08001dd9   Thumb Code    16  lwip.o(i.MX_LWIP_Process)
    MX_USART1_UART_Init                      0x08001ded   Thumb Code    48  usart.o(i.MX_USART1_UART_Init)
    MemManage_Handler                        0x08001e25   Thumb Code     2  stm32f4xx_it.o(i.MemManage_Handler)
    NMI_Handler                              0x08001e27   Thumb Code     2  stm32f4xx_it.o(i.NMI_Handler)
    PendSV_Handler                           0x08001e29   Thumb Code     2  stm32f4xx_it.o(i.PendSV_Handler)
    SVC_Handler                              0x08001e2b   Thumb Code     2  stm32f4xx_it.o(i.SVC_Handler)
    SysTick_Handler                          0x08001e2d   Thumb Code     4  stm32f4xx_it.o(i.SysTick_Handler)
    SystemClock_Config                       0x08001e31   Thumb Code   142  main.o(i.SystemClock_Config)
    SystemInit                               0x08001ec9   Thumb Code    12  system_stm32f4xx.o(i.SystemInit)
    TCP_Client_Init                          0x08001ed9   Thumb Code    62  tcpclinet.o(i.TCP_Client_Init)
    TCP_Echo_Init                            0x08001f81   Thumb Code    60  tcpserver.o(i.TCP_Echo_Init)
    UsageFault_Handler                       0x08002125   Thumb Code     2  stm32f4xx_it.o(i.UsageFault_Handler)
    _sys_exit                                0x08002147   Thumb Code     2  usart.o(i._sys_exit)
    etharp_cleanup_netif                     0x080023d9   Thumb Code    40  etharp.o(i.etharp_cleanup_netif)
    etharp_input                             0x08002689   Thumb Code   148  etharp.o(i.etharp_input)
    etharp_output                            0x0800278d   Thumb Code   280  etharp.o(i.etharp_output)
    etharp_query                             0x08002a4d   Thumb Code   300  etharp.o(i.etharp_query)
    etharp_request                           0x08002da9   Thumb Code     6  etharp.o(i.etharp_request)
    etharp_tmr                               0x08002dd5   Thumb Code    90  etharp.o(i.etharp_tmr)
    ethernet_input                           0x08002f51   Thumb Code   160  ethernet.o(i.ethernet_input)
    ethernet_output                          0x08002ff5   Thumb Code    98  ethernet.o(i.ethernet_output)
    ethernetif_init                          0x080030ed   Thumb Code    50  ethernetif.o(i.ethernetif_init)
    ethernetif_input                         0x0800317d   Thumb Code    34  ethernetif.o(i.ethernetif_input)
    ethernetif_notify_conn_changed           0x0800319f   Thumb Code     2  ethernetif.o(i.ethernetif_notify_conn_changed)
    ethernetif_update_config                 0x080031a1   Thumb Code   170  ethernetif.o(i.ethernetif_update_config)
    fputc                                    0x08003251   Thumb Code    14  usart.o(i.fputc)
    icmp_dest_unreach                        0x08003265   Thumb Code     8  icmp.o(i.icmp_dest_unreach)
    icmp_input                               0x0800326d   Thumb Code   280  icmp.o(i.icmp_input)
    icmp_time_exceeded                       0x08003565   Thumb Code     8  icmp.o(i.icmp_time_exceeded)
    ip4_addr_isbroadcast_u32                 0x0800356d   Thumb Code    46  ip4_addr.o(i.ip4_addr_isbroadcast_u32)
    ip4_frag                                 0x0800359d   Thumb Code   426  ip4_frag.o(i.ip4_frag)
    ip4_input                                0x080037fd   Thumb Code   350  ip4.o(i.ip4_input)
    ip4_output_if                            0x08003991   Thumb Code    30  ip4.o(i.ip4_output_if)
    ip4_output_if_src                        0x080039b1   Thumb Code   214  ip4.o(i.ip4_output_if_src)
    ip4_reass                                0x08003b29   Thumb Code   482  ip4_frag.o(i.ip4_reass)
    ip4_route                                0x08003db1   Thumb Code    86  ip4.o(i.ip4_route)
    ip_reass_tmr                             0x080043bd   Thumb Code    40  ip4_frag.o(i.ip_reass_tmr)
    lwip_htonl                               0x0800472d   Thumb Code     4  def.o(i.lwip_htonl)
    lwip_htons                               0x08004731   Thumb Code     4  def.o(i.lwip_htons)
    lwip_init                                0x08004735   Thumb Code    26  init.o(i.lwip_init)
    main                                     0x08004751   Thumb Code    76  main.o(i.main)
    mem_free                                 0x080047b5   Thumb Code   168  mem.o(i.mem_free)
    mem_init                                 0x08004955   Thumb Code    46  mem.o(i.mem_init)
    mem_malloc                               0x0800498d   Thumb Code   300  mem.o(i.mem_malloc)
    mem_trim                                 0x08004bd9   Thumb Code   284  mem.o(i.mem_trim)
    memp_free                                0x08004d9d   Thumb Code    34  memp.o(i.memp_free)
    memp_init                                0x08004e39   Thumb Code    26  memp.o(i.memp_init)
    memp_init_pool                           0x08004e59   Thumb Code    42  memp.o(i.memp_init_pool)
    memp_malloc                              0x08004e85   Thumb Code    38  memp.o(i.memp_malloc)
    netif_add                                0x08004f29   Thumb Code   236  netif.o(i.netif_add)
    netif_get_by_index                       0x080051f9   Thumb Code    34  netif.o(i.netif_get_by_index)
    netif_init                               0x08005221   Thumb Code     2  netif.o(i.netif_init)
    netif_set_addr                           0x080052ed   Thumb Code    90  netif.o(i.netif_set_addr)
    netif_set_default                        0x0800534d   Thumb Code     6  netif.o(i.netif_set_default)
    netif_set_down                           0x08005359   Thumb Code    42  netif.o(i.netif_set_down)
    netif_set_link_callback                  0x08005401   Thumb Code     8  netif.o(i.netif_set_link_callback)
    netif_set_up                             0x08005409   Thumb Code    40  netif.o(i.netif_set_up)
    pbuf_add_header                          0x080054a9   Thumb Code     6  pbuf.o(i.pbuf_add_header)
    pbuf_alloc                               0x08005571   Thumb Code   298  pbuf.o(i.pbuf_alloc)
    pbuf_alloc_reference                     0x080057a5   Thumb Code    68  pbuf.o(i.pbuf_alloc_reference)
    pbuf_alloced_custom                      0x08005855   Thumb Code    54  pbuf.o(i.pbuf_alloced_custom)
    pbuf_cat                                 0x0800588d   Thumb Code    96  pbuf.o(i.pbuf_cat)
    pbuf_clen                                0x080059bd   Thumb Code    18  pbuf.o(i.pbuf_clen)
    pbuf_clone                               0x080059d1   Thumb Code    48  pbuf.o(i.pbuf_clone)
    pbuf_copy                                0x08005a6d   Thumb Code   232  pbuf.o(i.pbuf_copy)
    pbuf_copy_partial                        0x08005c4d   Thumb Code   124  pbuf.o(i.pbuf_copy_partial)
    pbuf_free                                0x08005d65   Thumb Code   158  pbuf.o(i.pbuf_free)
    pbuf_free_ooseq                          0x08005eb9   Thumb Code    28  pbuf.o(i.pbuf_free_ooseq)
    pbuf_header_force                        0x08005edd   Thumb Code     6  pbuf.o(i.pbuf_header_force)
    pbuf_realloc                             0x08005f0d   Thumb Code   142  pbuf.o(i.pbuf_realloc)
    pbuf_ref                                 0x08006041   Thumb Code    32  pbuf.o(i.pbuf_ref)
    pbuf_remove_header                       0x080060cd   Thumb Code    74  pbuf.o(i.pbuf_remove_header)
    sys_check_timeouts                       0x08006349   Thumb Code    74  timeouts.o(i.sys_check_timeouts)
    sys_now                                  0x0800639d   Thumb Code     4  ethernetif.o(i.sys_now)
    sys_timeout                              0x080063a1   Thumb Code    46  timeouts.o(i.sys_timeout)
    sys_timeouts_init                        0x0800655d   Thumb Code    30  timeouts.o(i.sys_timeouts_init)
    tcp_abandon                              0x08006585   Thumb Code   256  tcp.o(i.tcp_abandon)
    tcp_abort                                0x08006731   Thumb Code     6  tcp.o(i.tcp_abort)
    tcp_accept                               0x08006737   Thumb Code    14  tcp.o(i.tcp_accept)
    tcp_alloc                                0x080067dd   Thumb Code   280  tcp.o(i.tcp_alloc)
    tcp_bind                                 0x08006901   Thumb Code   168  tcp.o(i.tcp_bind)
    tcp_close                                0x08006a4d   Thumb Code    48  tcp.o(i.tcp_close)
    tcp_connect                              0x08006d8d   Thumb Code   284  tcp.o(i.tcp_connect)
    tcp_eff_send_mss_netif                   0x080070ed   Thumb Code    54  tcp.o(i.tcp_eff_send_mss_netif)
    tcp_enqueue_flags                        0x080071a5   Thumb Code   268  tcp_out.o(i.tcp_enqueue_flags)
    tcp_err                                  0x080073d9   Thumb Code    34  tcp.o(i.tcp_err)
    tcp_fasttmr                              0x0800747d   Thumb Code   102  tcp.o(i.tcp_fasttmr)
    tcp_free                                 0x080074e9   Thumb Code    34  tcp.o(i.tcp_free)
    tcp_free_ooseq                           0x080076b5   Thumb Code    20  tcp.o(i.tcp_free_ooseq)
    tcp_init                                 0x080076f1   Thumb Code    20  tcp.o(i.tcp_init)
    tcp_input                                0x08007709   Thumb Code  1584  tcp_in.o(i.tcp_input)
    tcp_keepalive                            0x08007e2d   Thumb Code    82  tcp_out.o(i.tcp_keepalive)
    tcp_listen_with_backlog                  0x080081bd   Thumb Code     6  tcp.o(i.tcp_listen_with_backlog)
    tcp_listen_with_backlog_and_err          0x080081c5   Thumb Code   182  tcp.o(i.tcp_listen_with_backlog_and_err)
    tcp_netif_ip_addr_changed                0x08008345   Thumb Code    70  tcp.o(i.tcp_netif_ip_addr_changed)
    tcp_new                                  0x08008451   Thumb Code     6  tcp.o(i.tcp_new)
    tcp_next_iss                             0x080084b9   Thumb Code    32  tcp.o(i.tcp_next_iss)
    tcp_output                               0x0800865d   Thumb Code   552  tcp_out.o(i.tcp_output)
    tcp_pcb_purge                            0x080091a1   Thumb Code    88  tcp.o(i.tcp_pcb_purge)
    tcp_pcb_remove                           0x0800926d   Thumb Code   174  tcp.o(i.tcp_pcb_remove)
    tcp_poll                                 0x080093fd   Thumb Code    58  tcp.o(i.tcp_poll)
    tcp_process_refused_data                 0x0800998d   Thumb Code   132  tcp.o(i.tcp_process_refused_data)
    tcp_recv                                 0x0800a395   Thumb Code    34  tcp.o(i.tcp_recv)
    tcp_recv_null                            0x0800a439   Thumb Code    60  tcp.o(i.tcp_recv_null)
    tcp_recved                               0x0800a4e9   Thumb Code   104  tcp.o(i.tcp_recved)
    tcp_rexmit                               0x0800a641   Thumb Code   118  tcp_out.o(i.tcp_rexmit)
    tcp_rexmit_fast                          0x0800a72d   Thumb Code   108  tcp_out.o(i.tcp_rexmit_fast)
    tcp_rexmit_rto                           0x0800a815   Thumb Code    42  tcp_out.o(i.tcp_rexmit_rto)
    tcp_rexmit_rto_commit                    0x0800a8b9   Thumb Code    44  tcp_out.o(i.tcp_rexmit_rto_commit)
    tcp_rexmit_rto_prepare                   0x0800a965   Thumb Code   118  tcp_out.o(i.tcp_rexmit_rto_prepare)
    tcp_rst                                  0x0800aa6d   Thumb Code   128  tcp_out.o(i.tcp_rst)
    tcp_seg_copy                             0x0800ab81   Thumb Code    56  tcp.o(i.tcp_seg_copy)
    tcp_seg_free                             0x0800ac2d   Thumb Code    28  tcp.o(i.tcp_seg_free)
    tcp_segs_free                            0x0800ac49   Thumb Code    18  tcp.o(i.tcp_segs_free)
    tcp_send_empty_ack                       0x0800ac5d   Thumb Code   110  tcp_out.o(i.tcp_send_empty_ack)
    tcp_send_fin                             0x0800ad49   Thumb Code    84  tcp_out.o(i.tcp_send_fin)
    tcp_slowtmr                              0x0800ae15   Thumb Code  1360  tcp.o(i.tcp_slowtmr)
    tcp_split_unsent_seg                     0x0800b3e5   Thumb Code   360  tcp_out.o(i.tcp_split_unsent_seg)
    tcp_timer_needed                         0x0800b611   Thumb Code    36  timeouts.o(i.tcp_timer_needed)
    tcp_tmr                                  0x0800b745   Thumb Code    28  tcp.o(i.tcp_tmr)
    tcp_trigger_input_pcb_close              0x0800b765   Thumb Code    12  tcp_in.o(i.tcp_trigger_input_pcb_close)
    tcp_update_rcv_ann_wnd                   0x0800b775   Thumb Code    92  tcp.o(i.tcp_update_rcv_ann_wnd)
    tcp_write                                0x0800b869   Thumb Code  1688  tcp_out.o(i.tcp_write)
    tcp_zero_window_probe                    0x0800c095   Thumb Code   190  tcp_out.o(i.tcp_zero_window_probe)
    _fp_init                                 0x0800c2b9   Thumb Code    10  fpinit.o(x$fpl$fpinit)
    __fplib_config_fpu_vfp                   0x0800c2c1   Thumb Code     0  fpinit.o(x$fpl$fpinit)
    __fplib_config_pureend_doubles           0x0800c2c1   Thumb Code     0  fpinit.o(x$fpl$fpinit)
    AHBPrescTable                            0x0800c2c2   Data          16  system_stm32f4xx.o(.constdata)
    APBPrescTable                            0x0800c2d2   Data           8  system_stm32f4xx.o(.constdata)
    ethbroadcast                             0x0800c2da   Data           6  ethernet.o(.constdata)
    ethzero                                  0x0800c2e0   Data           6  ethernet.o(.constdata)
    memp_TCP_PCB                             0x0800c2e8   Data          12  memp.o(.constdata)
    memp_TCP_PCB_LISTEN                      0x0800c2f4   Data          12  memp.o(.constdata)
    memp_TCP_SEG                             0x0800c300   Data          12  memp.o(.constdata)
    memp_REASSDATA                           0x0800c30c   Data          12  memp.o(.constdata)
    memp_FRAG_PBUF                           0x0800c318   Data          12  memp.o(.constdata)
    memp_SYS_TIMEOUT                         0x0800c324   Data          12  memp.o(.constdata)
    memp_PBUF                                0x0800c330   Data          12  memp.o(.constdata)
    memp_PBUF_POOL                           0x0800c33c   Data          12  memp.o(.constdata)
    memp_pools                               0x0800c348   Data          32  memp.o(.constdata)
    tcp_pcb_lists                            0x0800c3ac   Data          16  tcp.o(.constdata)
    lwip_cyclic_timers                       0x0800c3bc   Data          24  timeouts.o(.constdata)
    ip_addr_any                              0x0800c3d4   Data           4  ip4_addr.o(.constdata)
    Region$$Table$$Base                      0x0800c4ec   Number         0  anon$$obj.o(Region$$Table)
    Region$$Table$$Limit                     0x0800c50c   Number         0  anon$$obj.o(Region$$Table)
    __stdout                                 0x20000000   Data           4  usart.o(.data)
    ipaddr                                   0x20000004   Data           4  lwip.o(.data)
    netmask                                  0x20000008   Data           4  lwip.o(.data)
    gw                                       0x2000000c   Data           4  lwip.o(.data)
    IP_ADDRESS                               0x20000010   Data           4  lwip.o(.data)
    NETMASK_ADDRESS                          0x20000014   Data           4  lwip.o(.data)
    GATEWAY_ADDRESS                          0x20000018   Data           4  lwip.o(.data)
    uwTickFreq                               0x2000001c   Data           1  stm32f4xx_hal.o(.data)
    uwTickPrio                               0x20000020   Data           4  stm32f4xx_hal.o(.data)
    uwTick                                   0x20000024   Data           4  stm32f4xx_hal.o(.data)
    SystemCoreClock                          0x20000028   Data           4  system_stm32f4xx.o(.data)
    netif_list                               0x2000005c   Data           4  netif.o(.data)
    netif_default                            0x20000060   Data           4  netif.o(.data)
    pbuf_free_ooseq_pending                  0x20000064   Data           1  pbuf.o(.data)
    tcp_active_pcbs_changed                  0x20000068   Data           1  tcp.o(.data)
    tcp_ticks                                0x20000074   Data           4  tcp.o(.data)
    tcp_bound_pcbs                           0x20000078   Data           4  tcp.o(.data)
    tcp_listen_pcbs                          0x2000007c   Data           4  tcp.o(.data)
    tcp_active_pcbs                          0x20000080   Data           4  tcp.o(.data)
    tcp_tw_pcbs                              0x20000084   Data           4  tcp.o(.data)
    tcp_input_pcb                            0x200000a8   Data           4  tcp_in.o(.data)
    huart1                                   0x200000c4   Data          68  usart.o(.bss)
    DMARxDscrTab                             0x20000108   Data         128  ethernetif.o(.bss)
    DMATxDscrTab                             0x20000188   Data         128  ethernetif.o(.bss)
    Rx_Buff                                  0x20000208   Data        6096  ethernetif.o(.bss)
    Tx_Buff                                  0x200019d8   Data        6096  ethernetif.o(.bss)
    heth                                     0x200031a8   Data          72  ethernetif.o(.bss)
    gnetif                                   0x200031f0   Data          52  lwip.o(.bss)
    ip_data                                  0x20003224   Data          24  ip.o(.bss)
    ram_heap                                 0x2000323c   Data        1619  mem.o(.bss)
    memp_memory_TCP_PCB_base                 0x2000388f   Data         783  memp.o(.bss)
    memp_memory_TCP_PCB_LISTEN_base          0x20003b9e   Data         227  memp.o(.bss)
    memp_memory_TCP_SEG_base                 0x20003c81   Data         259  memp.o(.bss)
    memp_memory_REASSDATA_base               0x20003d84   Data         163  memp.o(.bss)
    memp_memory_FRAG_PBUF_base               0x20003e27   Data         363  memp.o(.bss)
    memp_memory_SYS_TIMEOUT_base             0x20003f92   Data          51  memp.o(.bss)
    memp_memory_PBUF_base                    0x20003fc5   Data         259  memp.o(.bss)
    memp_memory_PBUF_POOL_base               0x200040c8   Data        9731  memp.o(.bss)
    _random_number_data                      0x200067cc   Data         228  rand.o(.bss)
    __libspace_start                         0x200068b0   Data          96  libspace.o(.bss)
    __temporary_stack_top$libspace           0x20006910   Data           0  libspace.o(.bss)



==============================================================================

Memory Map of the image

  Image Entry point : 0x08000189

  Load Region LR_IROM1 (Base: 0x08000000, Size: 0x0000c5d0, Max: 0x00100000, ABSOLUTE)

    Execution Region ER_IROM1 (Base: 0x08000000, Size: 0x0000c50c, Max: 0x00100000, ABSOLUTE)

    Base Addr    Size         Type   Attr      Idx    E Section Name        Object

    0x08000000   0x00000188   Data   RO            3    RESET               startup_stm32f407xx.o
    0x08000188   0x00000008   Code   RO         5908  * !!!main             c_w.l(__main.o)
    0x08000190   0x00000034   Code   RO         6111    !!!scatter          c_w.l(__scatter.o)
    0x080001c4   0x0000001a   Code   RO         6113    !!handler_copy      c_w.l(__scatter_copy.o)
    0x080001de   0x00000002   PAD
    0x080001e0   0x0000001c   Code   RO         6115    !!handler_zi        c_w.l(__scatter_zi.o)
    0x080001fc   0x00000000   Code   RO         5882    .ARM.Collect$$_printf_percent$$00000000  c_w.l(_printf_percent.o)
    0x080001fc   0x00000006   Code   RO         5881    .ARM.Collect$$_printf_percent$$00000009  c_w.l(_printf_d.o)
    0x08000202   0x00000006   Code   RO         5880    .ARM.Collect$$_printf_percent$$00000014  c_w.l(_printf_s.o)
    0x08000208   0x00000004   Code   RO         5933    .ARM.Collect$$_printf_percent$$00000017  c_w.l(_printf_percent_end.o)
    0x0800020c   0x00000002   Code   RO         6041    .ARM.Collect$$libinit$$00000000  c_w.l(libinit.o)
    0x0800020e   0x00000004   Code   RO         5941    .ARM.Collect$$libinit$$00000001  c_w.l(libinit2.o)
    0x08000212   0x00000000   Code   RO         5944    .ARM.Collect$$libinit$$00000004  c_w.l(libinit2.o)
    0x08000212   0x00000000   Code   RO         5947    .ARM.Collect$$libinit$$0000000A  c_w.l(libinit2.o)
    0x08000212   0x00000000   Code   RO         5949    .ARM.Collect$$libinit$$0000000C  c_w.l(libinit2.o)
    0x08000212   0x00000004   Code   RO         5950    .ARM.Collect$$libinit$$0000000D  c_w.l(libinit2.o)
    0x08000216   0x00000000   Code   RO         5951    .ARM.Collect$$libinit$$0000000E  c_w.l(libinit2.o)
    0x08000216   0x00000000   Code   RO         5954    .ARM.Collect$$libinit$$00000011  c_w.l(libinit2.o)
    0x08000216   0x00000000   Code   RO         5956    .ARM.Collect$$libinit$$00000013  c_w.l(libinit2.o)
    0x08000216   0x00000000   Code   RO         5958    .ARM.Collect$$libinit$$00000015  c_w.l(libinit2.o)
    0x08000216   0x00000000   Code   RO         5960    .ARM.Collect$$libinit$$00000017  c_w.l(libinit2.o)
    0x08000216   0x00000000   Code   RO         5962    .ARM.Collect$$libinit$$00000019  c_w.l(libinit2.o)
    0x08000216   0x00000000   Code   RO         5964    .ARM.Collect$$libinit$$0000001B  c_w.l(libinit2.o)
    0x08000216   0x00000000   Code   RO         5966    .ARM.Collect$$libinit$$0000001D  c_w.l(libinit2.o)
    0x08000216   0x00000000   Code   RO         5968    .ARM.Collect$$libinit$$0000001F  c_w.l(libinit2.o)
    0x08000216   0x00000000   Code   RO         5970    .ARM.Collect$$libinit$$00000021  c_w.l(libinit2.o)
    0x08000216   0x00000000   Code   RO         5972    .ARM.Collect$$libinit$$00000023  c_w.l(libinit2.o)
    0x08000216   0x00000000   Code   RO         5974    .ARM.Collect$$libinit$$00000025  c_w.l(libinit2.o)
    0x08000216   0x00000000   Code   RO         5978    .ARM.Collect$$libinit$$0000002C  c_w.l(libinit2.o)
    0x08000216   0x00000000   Code   RO         5980    .ARM.Collect$$libinit$$0000002E  c_w.l(libinit2.o)
    0x08000216   0x00000000   Code   RO         5982    .ARM.Collect$$libinit$$00000030  c_w.l(libinit2.o)
    0x08000216   0x00000000   Code   RO         5984    .ARM.Collect$$libinit$$00000032  c_w.l(libinit2.o)
    0x08000216   0x00000002   Code   RO         5985    .ARM.Collect$$libinit$$00000033  c_w.l(libinit2.o)
    0x08000218   0x00000002   Code   RO         6078    .ARM.Collect$$libshutdown$$00000000  c_w.l(libshutdown.o)
    0x0800021a   0x00000000   Code   RO         6094    .ARM.Collect$$libshutdown$$00000002  c_w.l(libshutdown2.o)
    0x0800021a   0x00000000   Code   RO         6096    .ARM.Collect$$libshutdown$$00000004  c_w.l(libshutdown2.o)
    0x0800021a   0x00000000   Code   RO         6099    .ARM.Collect$$libshutdown$$00000007  c_w.l(libshutdown2.o)
    0x0800021a   0x00000000   Code   RO         6102    .ARM.Collect$$libshutdown$$0000000A  c_w.l(libshutdown2.o)
    0x0800021a   0x00000000   Code   RO         6104    .ARM.Collect$$libshutdown$$0000000C  c_w.l(libshutdown2.o)
    0x0800021a   0x00000000   Code   RO         6107    .ARM.Collect$$libshutdown$$0000000F  c_w.l(libshutdown2.o)
    0x0800021a   0x00000002   Code   RO         6108    .ARM.Collect$$libshutdown$$00000010  c_w.l(libshutdown2.o)
    0x0800021c   0x00000000   Code   RO         5912    .ARM.Collect$$rtentry$$00000000  c_w.l(__rtentry.o)
    0x0800021c   0x00000000   Code   RO         5990    .ARM.Collect$$rtentry$$00000002  c_w.l(__rtentry2.o)
    0x0800021c   0x00000006   Code   RO         6002    .ARM.Collect$$rtentry$$00000004  c_w.l(__rtentry4.o)
    0x08000222   0x00000000   Code   RO         5992    .ARM.Collect$$rtentry$$00000009  c_w.l(__rtentry2.o)
    0x08000222   0x00000004   Code   RO         5993    .ARM.Collect$$rtentry$$0000000A  c_w.l(__rtentry2.o)
    0x08000226   0x00000000   Code   RO         5995    .ARM.Collect$$rtentry$$0000000C  c_w.l(__rtentry2.o)
    0x08000226   0x00000008   Code   RO         5996    .ARM.Collect$$rtentry$$0000000D  c_w.l(__rtentry2.o)
    0x0800022e   0x00000002   Code   RO         6044    .ARM.Collect$$rtexit$$00000000  c_w.l(rtexit.o)
    0x08000230   0x00000000   Code   RO         6060    .ARM.Collect$$rtexit$$00000002  c_w.l(rtexit2.o)
    0x08000230   0x00000004   Code   RO         6061    .ARM.Collect$$rtexit$$00000003  c_w.l(rtexit2.o)
    0x08000234   0x00000006   Code   RO         6062    .ARM.Collect$$rtexit$$00000004  c_w.l(rtexit2.o)
    0x0800023a   0x00000002   PAD
    0x0800023c   0x00000034   Code   RO         5885    .emb_text           c_w.l(rand.o)
    0x08000270   0x00000040   Code   RO            4    .text               startup_stm32f407xx.o
    0x080002b0   0x00000002   Code   RO         5844    .text               c_w.l(use_no_semi_2.o)
    0x080002b2   0x000000ee   Code   RO         5848    .text               c_w.l(lludivv7m.o)
    0x080003a0   0x00000018   Code   RO         5852    .text               c_w.l(noretval__2printf.o)
    0x080003b8   0x00000068   Code   RO         5854    .text               c_w.l(__printf.o)
    0x08000420   0x00000052   Code   RO         5856    .text               c_w.l(_printf_str.o)
    0x08000472   0x00000002   PAD
    0x08000474   0x00000078   Code   RO         5858    .text               c_w.l(_printf_dec.o)
    0x080004ec   0x0000003c   Code   RO         5886    .text               c_w.l(rand.o)
    0x08000528   0x00000058   Code   RO         5890    .text               c_w.l(memcmp.o)
    0x08000580   0x0000008a   Code   RO         5896    .text               c_w.l(rt_memcpy_v6.o)
    0x0800060a   0x00000064   Code   RO         5900    .text               c_w.l(rt_memcpy_w.o)
    0x0800066e   0x00000044   Code   RO         5902    .text               c_w.l(rt_memclr.o)
    0x080006b2   0x0000004e   Code   RO         5904    .text               c_w.l(rt_memclr_w.o)
    0x08000700   0x00000006   Code   RO         5906    .text               c_w.l(heapauxi.o)
    0x08000706   0x00000002   Code   RO         5910    .text               c_w.l(use_no_semi.o)
    0x08000708   0x000000b2   Code   RO         5927    .text               c_w.l(_printf_intcommon.o)
    0x080007ba   0x0000002c   Code   RO         5929    .text               c_w.l(_printf_char.o)
    0x080007e6   0x00000002   PAD
    0x080007e8   0x00000024   Code   RO         5931    .text               c_w.l(_printf_char_file.o)
    0x0800080c   0x00000008   Code   RO         5986    .text               c_w.l(libspace.o)
    0x08000814   0x00000030   Code   RO         6006    .text               c_w.l(_printf_char_common.o)
    0x08000844   0x00000008   Code   RO         6010    .text               c_w.l(ferror.o)
    0x0800084c   0x0000004a   Code   RO         6020    .text               c_w.l(sys_stackheap_outer.o)
    0x08000896   0x00000012   Code   RO         6026    .text               c_w.l(exit.o)
    0x080008a8   0x00000002   Code   RO          460    i.BusFault_Handler  stm32f4xx_it.o
    0x080008aa   0x00000002   Code   RO          461    i.DebugMon_Handler  stm32f4xx_it.o
    0x080008ac   0x00000020   Code   RO          752    i.ETH_Delay         stm32f4xx_hal_eth.o
    0x080008cc   0x0000002e   Code   RO          753    i.ETH_FlushTransmitFIFO  stm32f4xx_hal_eth.o
    0x080008fa   0x00000002   PAD
    0x080008fc   0x00000124   Code   RO          754    i.ETH_MACDMAConfig  stm32f4xx_hal_eth.o
    0x08000a20   0x00000004   Code   RO          287    i.Error_Handler     main.o
    0x08000a24   0x00000024   Code   RO         1786    i.HAL_Delay         stm32f4xx_hal.o
    0x08000a48   0x00000130   Code   RO          756    i.HAL_ETH_ConfigMAC  stm32f4xx_hal_eth.o
    0x08000b78   0x00000074   Code   RO          757    i.HAL_ETH_DMARxDescListInit  stm32f4xx_hal_eth.o
    0x08000bec   0x00000078   Code   RO          758    i.HAL_ETH_DMATxDescListInit  stm32f4xx_hal_eth.o
    0x08000c64   0x0000007a   Code   RO          761    i.HAL_ETH_GetReceivedFrame  stm32f4xx_hal_eth.o
    0x08000cde   0x00000002   PAD
    0x08000ce0   0x000001ec   Code   RO          765    i.HAL_ETH_Init      stm32f4xx_hal_eth.o
    0x08000ecc   0x000000d8   Code   RO          594    i.HAL_ETH_MspInit   ethernetif.o
    0x08000fa4   0x00000084   Code   RO          768    i.HAL_ETH_ReadPHYRegister  stm32f4xx_hal_eth.o
    0x08001028   0x00000084   Code   RO          770    i.HAL_ETH_Start     stm32f4xx_hal_eth.o
    0x080010ac   0x00000084   Code   RO          771    i.HAL_ETH_Stop      stm32f4xx_hal_eth.o
    0x08001130   0x00000108   Code   RO          772    i.HAL_ETH_TransmitFrame  stm32f4xx_hal_eth.o
    0x08001238   0x00000078   Code   RO          774    i.HAL_ETH_WritePHYRegister  stm32f4xx_hal_eth.o
    0x080012b0   0x000001f0   Code   RO         1260    i.HAL_GPIO_Init     stm32f4xx_hal_gpio.o
    0x080014a0   0x00000010   Code   RO         1263    i.HAL_GPIO_TogglePin  stm32f4xx_hal_gpio.o
    0x080014b0   0x0000000a   Code   RO         1264    i.HAL_GPIO_WritePin  stm32f4xx_hal_gpio.o
    0x080014ba   0x00000002   PAD
    0x080014bc   0x0000000c   Code   RO         1792    i.HAL_GetTick       stm32f4xx_hal.o
    0x080014c8   0x00000010   Code   RO         1798    i.HAL_IncTick       stm32f4xx_hal.o
    0x080014d8   0x00000034   Code   RO         1799    i.HAL_Init          stm32f4xx_hal.o
    0x0800150c   0x00000040   Code   RO         1800    i.HAL_InitTick      stm32f4xx_hal.o
    0x0800154c   0x00000030   Code   RO          535    i.HAL_MspInit       stm32f4xx_hal_msp.o
    0x0800157c   0x00000040   Code   RO         1655    i.HAL_NVIC_SetPriority  stm32f4xx_hal_cortex.o
    0x080015bc   0x00000024   Code   RO         1656    i.HAL_NVIC_SetPriorityGrouping  stm32f4xx_hal_cortex.o
    0x080015e0   0x00000134   Code   RO          906    i.HAL_RCC_ClockConfig  stm32f4xx_hal_rcc.o
    0x08001714   0x0000000c   Code   RO          911    i.HAL_RCC_GetHCLKFreq  stm32f4xx_hal_rcc.o
    0x08001720   0x00000020   Code   RO          913    i.HAL_RCC_GetPCLK1Freq  stm32f4xx_hal_rcc.o
    0x08001740   0x00000020   Code   RO          914    i.HAL_RCC_GetPCLK2Freq  stm32f4xx_hal_rcc.o
    0x08001760   0x00000060   Code   RO          915    i.HAL_RCC_GetSysClockFreq  stm32f4xx_hal_rcc.o
    0x080017c0   0x0000036c   Code   RO          918    i.HAL_RCC_OscConfig  stm32f4xx_hal_rcc.o
    0x08001b2c   0x00000028   Code   RO         1660    i.HAL_SYSTICK_Config  stm32f4xx_hal_cortex.o
    0x08001b54   0x00000062   Code   RO         2102    i.HAL_UART_Init     stm32f4xx_hal_uart.o
    0x08001bb6   0x00000002   PAD
    0x08001bb8   0x0000006c   Code   RO          402    i.HAL_UART_MspInit  usart.o
    0x08001c24   0x00000002   Code   RO          462    i.HardFault_Handler  stm32f4xx_it.o
    0x08001c26   0x00000002   PAD
    0x08001c28   0x000000b4   Code   RO          377    i.MX_GPIO_Init      gpio.o
    0x08001cdc   0x000000fc   Code   RO          691    i.MX_LWIP_Init      lwip.o
    0x08001dd8   0x00000014   Code   RO          692    i.MX_LWIP_Process   lwip.o
    0x08001dec   0x00000038   Code   RO          403    i.MX_USART1_UART_Init  usart.o
    0x08001e24   0x00000002   Code   RO          463    i.MemManage_Handler  stm32f4xx_it.o
    0x08001e26   0x00000002   Code   RO          464    i.NMI_Handler       stm32f4xx_it.o
    0x08001e28   0x00000002   Code   RO          465    i.PendSV_Handler    stm32f4xx_it.o
    0x08001e2a   0x00000002   Code   RO          466    i.SVC_Handler       stm32f4xx_it.o
    0x08001e2c   0x00000004   Code   RO          467    i.SysTick_Handler   stm32f4xx_it.o
    0x08001e30   0x00000098   Code   RO          288    i.SystemClock_Config  main.o
    0x08001ec8   0x00000010   Code   RO         2431    i.SystemInit        system_stm32f4xx.o
    0x08001ed8   0x000000a8   Code   RO           13    i.TCP_Client_Init   tcpclinet.o
    0x08001f80   0x00000098   Code   RO          559    i.TCP_Echo_Init     tcpserver.o
    0x08002018   0x0000010c   Code   RO         2128    i.UART_SetConfig    stm32f4xx_hal_uart.o
    0x08002124   0x00000002   Code   RO          468    i.UsageFault_Handler  stm32f4xx_it.o
    0x08002126   0x00000020   Code   RO         1662    i.__NVIC_SetPriority  stm32f4xx_hal_cortex.o
    0x08002146   0x00000002   Code   RO          404    i._sys_exit         usart.o
    0x08002148   0x00000038   Code   RO           14    i.client_connected  tcpclinet.o
    0x08002180   0x0000008c   Code   RO           15    i.client_err        tcpclinet.o
    0x0800220c   0x0000005c   Code   RO           16    i.client_recv       tcpclinet.o
    0x08002268   0x00000030   Code   RO           17    i.client_send       tcpclinet.o
    0x08002298   0x0000009c   Code   RO         3743    i.do_memp_free_pool  memp.o
    0x08002334   0x000000a4   Code   RO         3744    i.do_memp_malloc_pool  memp.o
    0x080023d8   0x0000002c   Code   RO         5067    i.etharp_cleanup_netif  etharp.o
    0x08002404   0x00000260   Code   RO         5069    i.etharp_find_entry  etharp.o
    0x08002664   0x00000024   Code   RO         5070    i.etharp_free_entry  etharp.o
    0x08002688   0x00000104   Code   RO         5072    i.etharp_input      etharp.o
    0x0800278c   0x000001b0   Code   RO         5073    i.etharp_output     etharp.o
    0x0800293c   0x00000110   Code   RO         5074    i.etharp_output_to_arp_index  etharp.o
    0x08002a4c   0x000001e8   Code   RO         5075    i.etharp_query      etharp.o
    0x08002c34   0x00000174   Code   RO         5076    i.etharp_raw        etharp.o
    0x08002da8   0x0000000c   Code   RO         5077    i.etharp_request    etharp.o
    0x08002db4   0x00000020   Code   RO         5078    i.etharp_request_dst  etharp.o
    0x08002dd4   0x00000060   Code   RO         5079    i.etharp_tmr        etharp.o
    0x08002e34   0x0000011c   Code   RO         5080    i.etharp_update_arp_entry  etharp.o
    0x08002f50   0x000000a4   Code   RO         3005    i.ethernet_input    ethernet.o
    0x08002ff4   0x000000f8   Code   RO         3006    i.ethernet_output   ethernet.o
    0x080030ec   0x00000090   Code   RO          595    i.ethernetif_init   ethernetif.o
    0x0800317c   0x00000022   Code   RO          596    i.ethernetif_input  ethernetif.o
    0x0800319e   0x00000002   Code   RO          597    i.ethernetif_notify_conn_changed  ethernetif.o
    0x080031a0   0x000000b0   Code   RO          599    i.ethernetif_update_config  ethernetif.o
    0x08003250   0x00000014   Code   RO          405    i.fputc             usart.o
    0x08003264   0x00000008   Code   RO         5170    i.icmp_dest_unreach  icmp.o
    0x0800326c   0x000001e8   Code   RO         5171    i.icmp_input        icmp.o
    0x08003454   0x00000110   Code   RO         5172    i.icmp_send_response  icmp.o
    0x08003564   0x00000008   Code   RO         5173    i.icmp_time_exceeded  icmp.o
    0x0800356c   0x0000002e   Code   RO         5291    i.ip4_addr_isbroadcast_u32  ip4_addr.o
    0x0800359a   0x00000002   PAD
    0x0800359c   0x00000260   Code   RO         5360    i.ip4_frag          ip4_frag.o
    0x080037fc   0x00000168   Code   RO         5236    i.ip4_input         ip4.o
    0x08003964   0x0000002c   Code   RO         5237    i.ip4_input_accept  ip4.o
    0x08003990   0x0000001e   Code   RO         5239    i.ip4_output_if     ip4.o
    0x080039ae   0x00000002   PAD
    0x080039b0   0x00000178   Code   RO         5240    i.ip4_output_if_src  ip4.o
    0x08003b28   0x00000288   Code   RO         5361    i.ip4_reass         ip4_frag.o
    0x08003db0   0x00000060   Code   RO         5241    i.ip4_route         ip4.o
    0x08003e10   0x00000090   Code   RO         5362    i.ip_frag_free_pbuf_custom_ref  ip4_frag.o
    0x08003ea0   0x00000248   Code   RO         5363    i.ip_reass_chain_frag_into_datagram_and_validate  ip4_frag.o
    0x080040e8   0x000000bc   Code   RO         5364    i.ip_reass_dequeue_datagram  ip4_frag.o
    0x080041a4   0x00000198   Code   RO         5365    i.ip_reass_free_complete_datagram  ip4_frag.o
    0x0800433c   0x00000080   Code   RO         5366    i.ip_reass_remove_oldest_datagram  ip4_frag.o
    0x080043bc   0x0000002c   Code   RO         5367    i.ip_reass_tmr      ip4_frag.o
    0x080043e8   0x00000098   Code   RO         5368    i.ipfrag_free_pbuf_custom  ip4_frag.o
    0x08004480   0x00000108   Code   RO          600    i.low_level_init    ethernetif.o
    0x08004588   0x000000c0   Code   RO          601    i.low_level_input   ethernetif.o
    0x08004648   0x000000a8   Code   RO          602    i.low_level_output  ethernetif.o
    0x080046f0   0x0000003c   Code   RO         4924    i.lwip_cyclic_timer  timeouts.o
    0x0800472c   0x00000004   Code   RO         3425    i.lwip_htonl        def.o
    0x08004730   0x00000004   Code   RO         3426    i.lwip_htons        def.o
    0x08004734   0x0000001a   Code   RO         3577    i.lwip_init         init.o
    0x0800474e   0x00000002   PAD
    0x08004750   0x00000064   Code   RO          289    i.main              main.o
    0x080047b4   0x000001a0   Code   RO         3670    i.mem_free          mem.o
    0x08004954   0x00000038   Code   RO         3671    i.mem_init          mem.o
    0x0800498c   0x0000023c   Code   RO         3672    i.mem_malloc        mem.o
    0x08004bc8   0x00000010   Code   RO         3673    i.mem_to_ptr        mem.o
    0x08004bd8   0x000001c4   Code   RO         3674    i.mem_trim          mem.o
    0x08004d9c   0x0000009c   Code   RO         3745    i.memp_free         memp.o
    0x08004e38   0x00000020   Code   RO         3747    i.memp_init         memp.o
    0x08004e58   0x0000002a   Code   RO         3748    i.memp_init_pool    memp.o
    0x08004e82   0x00000002   PAD
    0x08004e84   0x000000a4   Code   RO         3749    i.memp_malloc       memp.o
    0x08004f28   0x000001d8   Code   RO         3891    i.netif_add         netif.o
    0x08005100   0x00000004   Code   RO         3893    i.netif_do_ip_addr_changed  netif.o
    0x08005104   0x00000016   Code   RO         3894    i.netif_do_set_gw   netif.o
    0x0800511a   0x00000002   PAD
    0x0800511c   0x000000c4   Code   RO         3895    i.netif_do_set_ipaddr  netif.o
    0x080051e0   0x00000016   Code   RO         3896    i.netif_do_set_netmask  netif.o
    0x080051f6   0x00000002   PAD
    0x080051f8   0x00000028   Code   RO         3898    i.netif_get_by_index  netif.o
    0x08005220   0x00000002   Code   RO         3900    i.netif_init        netif.o
    0x08005222   0x00000002   PAD
    0x08005224   0x000000c0   Code   RO         3902    i.netif_issue_reports  netif.o
    0x080052e4   0x00000006   Code   RO         3904    i.netif_null_output_ip4  netif.o
    0x080052ea   0x00000002   PAD
    0x080052ec   0x00000060   Code   RO         3906    i.netif_set_addr    netif.o
    0x0800534c   0x0000000c   Code   RO         3907    i.netif_set_default  netif.o
    0x08005358   0x000000a8   Code   RO         3908    i.netif_set_down    netif.o
    0x08005400   0x00000008   Code   RO         3911    i.netif_set_link_callback  netif.o
    0x08005408   0x000000a0   Code   RO         3915    i.netif_set_up      netif.o
    0x080054a8   0x00000006   Code   RO         4072    i.pbuf_add_header   pbuf.o
    0x080054ae   0x00000002   PAD
    0x080054b0   0x000000c0   Code   RO         4074    i.pbuf_add_header_impl  pbuf.o
    0x08005570   0x00000234   Code   RO         4075    i.pbuf_alloc        pbuf.o
    0x080057a4   0x000000b0   Code   RO         4076    i.pbuf_alloc_reference  pbuf.o
    0x08005854   0x00000036   Code   RO         4077    i.pbuf_alloced_custom  pbuf.o
    0x0800588a   0x00000002   PAD
    0x0800588c   0x00000130   Code   RO         4078    i.pbuf_cat          pbuf.o
    0x080059bc   0x00000012   Code   RO         4080    i.pbuf_clen         pbuf.o
    0x080059ce   0x00000002   PAD
    0x080059d0   0x0000009c   Code   RO         4081    i.pbuf_clone        pbuf.o
    0x08005a6c   0x000001e0   Code   RO         4083    i.pbuf_copy         pbuf.o
    0x08005c4c   0x00000118   Code   RO         4084    i.pbuf_copy_partial  pbuf.o
    0x08005d64   0x00000154   Code   RO         4086    i.pbuf_free         pbuf.o
    0x08005eb8   0x00000024   Code   RO         4088    i.pbuf_free_ooseq   pbuf.o
    0x08005edc   0x00000006   Code   RO         4092    i.pbuf_header_force  pbuf.o
    0x08005ee2   0x0000000e   Code   RO         4093    i.pbuf_header_impl  pbuf.o
    0x08005ef0   0x0000001c   Code   RO         4094    i.pbuf_init_alloced_pbuf  pbuf.o
    0x08005f0c   0x00000134   Code   RO         4098    i.pbuf_realloc      pbuf.o
    0x08006040   0x0000008c   Code   RO         4099    i.pbuf_ref          pbuf.o
    0x080060cc   0x000000d0   Code   RO         4100    i.pbuf_remove_header  pbuf.o
    0x0800619c   0x000001a0   Code   RO         3675    i.plug_holes        mem.o
    0x0800633c   0x0000000c   Code   RO         3676    i.ptr_to_mem        mem.o
    0x08006348   0x00000054   Code   RO         4925    i.sys_check_timeouts  timeouts.o
    0x0800639c   0x00000004   Code   RO          604    i.sys_now           ethernetif.o
    0x080063a0   0x000000c4   Code   RO         4927    i.sys_timeout       timeouts.o
    0x08006464   0x000000f8   Code   RO         4928    i.sys_timeout_abs   timeouts.o
    0x0800655c   0x00000028   Code   RO         4929    i.sys_timeouts_init  timeouts.o
    0x08006584   0x000001ac   Code   RO         4369    i.tcp_abandon       tcp.o
    0x08006730   0x00000006   Code   RO         4370    i.tcp_abort         tcp.o
    0x08006736   0x0000000e   Code   RO         4371    i.tcp_accept        tcp.o
    0x08006744   0x00000098   Code   RO         4372    i.tcp_accept_null   tcp.o
    0x080067dc   0x00000124   Code   RO         4373    i.tcp_alloc         tcp.o
    0x08006900   0x0000014c   Code   RO         4375    i.tcp_bind          tcp.o
    0x08006a4c   0x000000a0   Code   RO         4377    i.tcp_close         tcp.o
    0x08006aec   0x000001dc   Code   RO         4378    i.tcp_close_shutdown  tcp.o
    0x08006cc8   0x000000c4   Code   RO         4379    i.tcp_close_shutdown_fin  tcp.o
    0x08006d8c   0x000001e0   Code   RO         4380    i.tcp_connect       tcp.o
    0x08006f6c   0x00000180   Code   RO         4764    i.tcp_create_segment  tcp_out.o
    0x080070ec   0x000000b8   Code   RO         4382    i.tcp_eff_send_mss_netif  tcp.o
    0x080071a4   0x00000234   Code   RO         4765    i.tcp_enqueue_flags  tcp_out.o
    0x080073d8   0x000000a4   Code   RO         4383    i.tcp_err           tcp.o
    0x0800747c   0x0000006c   Code   RO         4384    i.tcp_fasttmr       tcp.o
    0x080074e8   0x00000090   Code   RO         4385    i.tcp_free          tcp.o
    0x08007578   0x0000013c   Code   RO         4675    i.tcp_free_acked_segments  tcp_in.o
    0x080076b4   0x00000014   Code   RO         4386    i.tcp_free_ooseq    tcp.o
    0x080076c8   0x00000028   Code   RO         4676    i.tcp_get_next_optbyte  tcp_in.o
    0x080076f0   0x00000018   Code   RO         4387    i.tcp_init          tcp.o
    0x08007708   0x00000650   Code   RO         4677    i.tcp_input         tcp_in.o
    0x08007d58   0x000000d4   Code   RO         4678    i.tcp_input_delayed_close  tcp_in.o
    0x08007e2c   0x000000cc   Code   RO         4766    i.tcp_keepalive     tcp_out.o
    0x08007ef8   0x000000bc   Code   RO         4388    i.tcp_kill_state    tcp.o
    0x08007fb4   0x00000070   Code   RO         4389    i.tcp_listen_closed  tcp.o
    0x08008024   0x00000198   Code   RO         4679    i.tcp_listen_input  tcp_in.o
    0x080081bc   0x00000006   Code   RO         4390    i.tcp_listen_with_backlog  tcp.o
    0x080081c2   0x00000002   PAD
    0x080081c4   0x00000180   Code   RO         4391    i.tcp_listen_with_backlog_and_err  tcp.o
    0x08008344   0x0000004c   Code   RO         4392    i.tcp_netif_ip_addr_changed  tcp.o
    0x08008390   0x000000c0   Code   RO         4393    i.tcp_netif_ip_addr_changed_pcblist  tcp.o
    0x08008450   0x00000006   Code   RO         4394    i.tcp_new           tcp.o
    0x08008456   0x00000002   PAD
    0x08008458   0x00000060   Code   RO         4396    i.tcp_new_port      tcp.o
    0x080084b8   0x00000098   Code   RO         4397    i.tcp_next_iss      tcp.o
    0x08008550   0x0000010c   Code   RO         4680    i.tcp_oos_insert_segment  tcp_in.o
    0x0800865c   0x000002e0   Code   RO         4767    i.tcp_output        tcp_out.o
    0x0800893c   0x000000cc   Code   RO         4768    i.tcp_output_alloc_header  tcp_out.o
    0x08008a08   0x00000110   Code   RO         4769    i.tcp_output_alloc_header_common  tcp_out.o
    0x08008b18   0x000000e0   Code   RO         4770    i.tcp_output_control_segment  tcp_out.o
    0x08008bf8   0x000000d8   Code   RO         4771    i.tcp_output_fill_options  tcp_out.o
    0x08008cd0   0x000001dc   Code   RO         4772    i.tcp_output_segment  tcp_out.o
    0x08008eac   0x000000a8   Code   RO         4773    i.tcp_output_segment_busy  tcp_out.o
    0x08008f54   0x000000fc   Code   RO         4681    i.tcp_parseopt      tcp_in.o
    0x08009050   0x00000150   Code   RO         4774    i.tcp_pbuf_prealloc  tcp_out.o
    0x080091a0   0x000000cc   Code   RO         4398    i.tcp_pcb_purge     tcp.o
    0x0800926c   0x00000190   Code   RO         4399    i.tcp_pcb_remove    tcp.o
    0x080093fc   0x000000cc   Code   RO         4400    i.tcp_poll          tcp.o
    0x080094c8   0x000004c2   Code   RO         4682    i.tcp_process       tcp_in.o
    0x0800998a   0x00000002   PAD
    0x0800998c   0x00000104   Code   RO         4401    i.tcp_process_refused_data  tcp.o
    0x08009a90   0x00000904   Code   RO         4683    i.tcp_receive       tcp_in.o
    0x0800a394   0x000000a4   Code   RO         4402    i.tcp_recv          tcp.o
    0x0800a438   0x000000b0   Code   RO         4403    i.tcp_recv_null     tcp.o
    0x0800a4e8   0x00000100   Code   RO         4404    i.tcp_recved        tcp.o
    0x0800a5e8   0x00000058   Code   RO         4405    i.tcp_remove_listener  tcp.o
    0x0800a640   0x000000ec   Code   RO         4775    i.tcp_rexmit        tcp_out.o
    0x0800a72c   0x000000e8   Code   RO         4776    i.tcp_rexmit_fast   tcp_out.o
    0x0800a814   0x000000a4   Code   RO         4777    i.tcp_rexmit_rto    tcp_out.o
    0x0800a8b8   0x000000ac   Code   RO         4778    i.tcp_rexmit_rto_commit  tcp_out.o
    0x0800a964   0x000000f8   Code   RO         4779    i.tcp_rexmit_rto_prepare  tcp_out.o
    0x0800aa5c   0x00000010   Code   RO         4780    i.tcp_route         tcp_out.o
    0x0800aa6c   0x00000114   Code   RO         4781    i.tcp_rst           tcp_out.o
    0x0800ab80   0x000000ac   Code   RO         4406    i.tcp_seg_copy      tcp.o
    0x0800ac2c   0x0000001c   Code   RO         4407    i.tcp_seg_free      tcp.o
    0x0800ac48   0x00000012   Code   RO         4408    i.tcp_segs_free     tcp.o
    0x0800ac5a   0x00000002   PAD
    0x0800ac5c   0x000000ec   Code   RO         4782    i.tcp_send_empty_ack  tcp_out.o
    0x0800ad48   0x000000cc   Code   RO         4783    i.tcp_send_fin      tcp_out.o
    0x0800ae14   0x000005d0   Code   RO         4412    i.tcp_slowtmr       tcp.o
    0x0800b3e4   0x0000022c   Code   RO         4784    i.tcp_split_unsent_seg  tcp_out.o
    0x0800b610   0x00000034   Code   RO         4932    i.tcp_timer_needed  timeouts.o
    0x0800b644   0x00000100   Code   RO         4684    i.tcp_timewait_input  tcp_in.o
    0x0800b744   0x00000020   Code   RO         4414    i.tcp_tmr           tcp.o
    0x0800b764   0x00000010   Code   RO         4685    i.tcp_trigger_input_pcb_close  tcp_in.o
    0x0800b774   0x000000f4   Code   RO         4416    i.tcp_update_rcv_ann_wnd  tcp.o
    0x0800b868   0x000006b8   Code   RO         4785    i.tcp_write         tcp_out.o
    0x0800bf20   0x00000174   Code   RO         4786    i.tcp_write_checks  tcp_out.o
    0x0800c094   0x00000140   Code   RO         4787    i.tcp_zero_window_probe  tcp_out.o
    0x0800c1d4   0x00000014   Code   RO          560    i.tcpecho_accept    tcpserver.o
    0x0800c1e8   0x00000098   Code   RO          561    i.tcpecho_recv      tcpserver.o
    0x0800c280   0x00000038   Code   RO         4933    i.tcpip_tcp_timer   timeouts.o
    0x0800c2b8   0x0000000a   Code   RO         6018    x$fpl$fpinit        fz_wm.l(fpinit.o)
    0x0800c2c2   0x00000010   Data   RO         2432    .constdata          system_stm32f4xx.o
    0x0800c2d2   0x00000008   Data   RO         2433    .constdata          system_stm32f4xx.o
    0x0800c2da   0x00000006   Data   RO         3007    .constdata          ethernet.o
    0x0800c2e0   0x00000006   Data   RO         3008    .constdata          ethernet.o
    0x0800c2e6   0x00000002   PAD
    0x0800c2e8   0x0000000c   Data   RO         3759    .constdata          memp.o
    0x0800c2f4   0x0000000c   Data   RO         3760    .constdata          memp.o
    0x0800c300   0x0000000c   Data   RO         3761    .constdata          memp.o
    0x0800c30c   0x0000000c   Data   RO         3762    .constdata          memp.o
    0x0800c318   0x0000000c   Data   RO         3763    .constdata          memp.o
    0x0800c324   0x0000000c   Data   RO         3764    .constdata          memp.o
    0x0800c330   0x0000000c   Data   RO         3765    .constdata          memp.o
    0x0800c33c   0x0000000c   Data   RO         3766    .constdata          memp.o
    0x0800c348   0x00000020   Data   RO         3767    .constdata          memp.o
    0x0800c368   0x00000054   Data   RO         4417    .constdata          tcp.o
    0x0800c3bc   0x00000018   Data   RO         4934    .constdata          timeouts.o
    0x0800c3d4   0x00000004   Data   RO         5298    .constdata          ip4_addr.o
    0x0800c3d8   0x00000075   Data   RO         4418    .conststring        tcp.o
    0x0800c44d   0x00000003   PAD
    0x0800c450   0x00000055   Data   RO         4788    .conststring        tcp_out.o
    0x0800c4a5   0x00000003   PAD
    0x0800c4a8   0x00000041   Data   RO         5082    .conststring        etharp.o
    0x0800c4e9   0x00000003   PAD
    0x0800c4ec   0x00000020   Data   RO         6109    Region$$Table       anon$$obj.o


    Execution Region RW_IRAM2 (Base: 0x10000000, Size: 0x00000000, Max: 0x00010000, ABSOLUTE)

    **** No section assigned to this execution region ****


    Execution Region RW_IRAM1 (Base: 0x20000000, Size: 0x00006f10, Max: 0x00020000, ABSOLUTE)

    Base Addr    Size         Type   Attr      Idx    E Section Name        Object

    0x20000000   0x00000004   Data   RW          407    .data               usart.o
    0x20000004   0x00000018   Data   RW          698    .data               lwip.o
    0x2000001c   0x0000000c   Data   RW         1806    .data               stm32f4xx_hal.o
    0x20000028   0x00000004   Data   RW         2434    .data               system_stm32f4xx.o
    0x2000002c   0x0000000c   Data   RW         3678    .data               mem.o
    0x20000038   0x00000004   Data   RW         3768    .data               memp.o
    0x2000003c   0x00000004   Data   RW         3769    .data               memp.o
    0x20000040   0x00000004   Data   RW         3770    .data               memp.o
    0x20000044   0x00000004   Data   RW         3771    .data               memp.o
    0x20000048   0x00000004   Data   RW         3772    .data               memp.o
    0x2000004c   0x00000004   Data   RW         3773    .data               memp.o
    0x20000050   0x00000004   Data   RW         3774    .data               memp.o
    0x20000054   0x00000004   Data   RW         3775    .data               memp.o
    0x20000058   0x0000000c   Data   RW         3916    .data               netif.o
    0x20000064   0x00000001   Data   RW         4107    .data               pbuf.o
    0x20000065   0x00000003   PAD
    0x20000068   0x00000020   Data   RW         4419    .data               tcp.o
    0x20000088   0x00000024   Data   RW         4687    .data               tcp_in.o
    0x200000ac   0x0000000c   Data   RW         4936    .data               timeouts.o
    0x200000b8   0x00000001   Data   RW         5083    .data               etharp.o
    0x200000b9   0x00000001   PAD
    0x200000ba   0x00000002   Data   RW         5242    .data               ip4.o
    0x200000bc   0x00000008   Data   RW         5369    .data               ip4_frag.o
    0x200000c4   0x00000044   Zero   RW          406    .bss                usart.o
    0x20000108   0x000030e8   Zero   RW          605    .bss                ethernetif.o
    0x200031f0   0x00000034   Zero   RW          697    .bss                lwip.o
    0x20003224   0x00000018   Zero   RW         3638    .bss                ip.o
    0x2000323c   0x00000653   Zero   RW         3677    .bss                mem.o
    0x2000388f   0x0000030f   Zero   RW         3751    .bss                memp.o
    0x20003b9e   0x000000e3   Zero   RW         3752    .bss                memp.o
    0x20003c81   0x00000103   Zero   RW         3753    .bss                memp.o
    0x20003d84   0x000000a3   Zero   RW         3754    .bss                memp.o
    0x20003e27   0x0000016b   Zero   RW         3755    .bss                memp.o
    0x20003f92   0x00000033   Zero   RW         3756    .bss                memp.o
    0x20003fc5   0x00000103   Zero   RW         3757    .bss                memp.o
    0x200040c8   0x00002603   Zero   RW         3758    .bss                memp.o
    0x200066cb   0x00000001   PAD
    0x200066cc   0x00000010   Zero   RW         4686    .bss                tcp_in.o
    0x200066dc   0x000000f0   Zero   RW         5081    .bss                etharp.o
    0x200067cc   0x000000e4   Zero   RW         5887    .bss                c_w.l(rand.o)
    0x200068b0   0x00000060   Zero   RW         5987    .bss                c_w.l(libspace.o)
    0x20006910   0x00000200   Zero   RW            2    HEAP                startup_stm32f407xx.o
    0x20006b10   0x00000400   Zero   RW            1    STACK               startup_stm32f407xx.o


==============================================================================

Image component sizes


      Code (inc. data)   RO Data    RW Data    ZI Data      Debug   Object Name

         0          0          0          0          0       2156   auth.o
         0          0          0          0          0        348   bridgeif_fdb.o
         8          0          0          0          0       1050   def.o
      2936       1186         65          1        240      12435   etharp.o
       412        154         12          0          0       2618   ethernet.o
      1200        152          0          0      12520       7468   ethernetif.o
       180         12          0          0          0        959   gpio.o
       776        350          0          0          0       4270   icmp.o
        26          0          0          0          0       2024   init.o
         0          0          0          0         24       7669   ip.o
       906        186          0          2          0       5432   ip4.o
        46          0          4          0          0       8482   ip4_addr.o
      2904       1164          0          8          0      11394   ip4_frag.o
       272         26          0         24         52       1831   lwip.o
       256         34          0          0          0       9065   main.o
      1940        926          0         12       1619       7201   mem.o
       714        498        128         32      11836      14375   memp.o
      1400        740          0         12          0      14218   netif.o
      3310       1792          0          1          0      26882   pbuf.o
        64         26        392          0       1536        816   startup_stm32f407xx.o
       180         28          0         12          0       9197   stm32f4xx_hal.o
       172         14          0          0          0      33126   stm32f4xx_hal_cortex.o
      2304         76          0          0          0      12666   stm32f4xx_hal_eth.o
       522         46          0          0          0       2733   stm32f4xx_hal_gpio.o
        48          6          0          0          0        802   stm32f4xx_hal_msp.o
      1356         78          0          0          0       5540   stm32f4xx_hal_rcc.o
       366         10          0          0          0       1920   stm32f4xx_hal_uart.o
        20          0          0          0          0       3938   stm32f4xx_it.o
        16          4         24          4          0       1051   system_stm32f4xx.o
      8126       3974        201         32          0      40552   tcp.o
      6910       2036          0         36         16      22259   tcp_in.o
      8536       4058         85          0          0      34218   tcp_out.o
       504        280          0          0          0     717300   tcpclinet.o
       324        140          0          0          0       1856   tcpserver.o
       736        372         24         12          0       6578   timeouts.o
       186         28          0          4         68       3842   usart.o

    ----------------------------------------------------------------------
     47696      18396        978        196      27912    1038271   Object Totals
         0          0         32          0          0          0   (incl. Generated)
        40          0         11          4          1          0   (incl. Padding)

    ----------------------------------------------------------------------

      Code (inc. data)   RO Data    RW Data    ZI Data      Debug   Library Member Name

         8          0          0          0          0         68   __main.o
       104          0          0          0          0         84   __printf.o
         0          0          0          0          0          0   __rtentry.o
        12          0          0          0          0          0   __rtentry2.o
         6          0          0          0          0          0   __rtentry4.o
        52          8          0          0          0          0   __scatter.o
        26          0          0          0          0          0   __scatter_copy.o
        28          0          0          0          0          0   __scatter_zi.o
        44          0          0          0          0        108   _printf_char.o
        48          6          0          0          0         96   _printf_char_common.o
        36          4          0          0          0         80   _printf_char_file.o
         6          0          0          0          0          0   _printf_d.o
       120         16          0          0          0         92   _printf_dec.o
       178          0          0          0          0         88   _printf_intcommon.o
         0          0          0          0          0          0   _printf_percent.o
         4          0          0          0          0          0   _printf_percent_end.o
         6          0          0          0          0          0   _printf_s.o
        82          0          0          0          0         80   _printf_str.o
        18          0          0          0          0         80   exit.o
         8          0          0          0          0         68   ferror.o
         6          0          0          0          0        152   heapauxi.o
         2          0          0          0          0          0   libinit.o
        10          0          0          0          0          0   libinit2.o
         2          0          0          0          0          0   libshutdown.o
         2          0          0          0          0          0   libshutdown2.o
         8          4          0          0         96         68   libspace.o
       238          0          0          0          0        100   lludivv7m.o
        88          0          0          0          0         76   memcmp.o
        24          4          0          0          0         84   noretval__2printf.o
       112         18          0          0        228        160   rand.o
        68          0          0          0          0         68   rt_memclr.o
        78          0          0          0          0         80   rt_memclr_w.o
       138          0          0          0          0         68   rt_memcpy_v6.o
       100          0          0          0          0         80   rt_memcpy_w.o
         2          0          0          0          0          0   rtexit.o
        10          0          0          0          0          0   rtexit2.o
        74          0          0          0          0         80   sys_stackheap_outer.o
         2          0          0          0          0         68   use_no_semi.o
         2          0          0          0          0         68   use_no_semi_2.o
        10          0          0          0          0        116   fpinit.o

    ----------------------------------------------------------------------
      1770         60          0          0        324       2112   Library Totals
         8          0          0          0          0          0   (incl. Padding)

    ----------------------------------------------------------------------

      Code (inc. data)   RO Data    RW Data    ZI Data      Debug   Library Name

      1752         60          0          0        324       1996   c_w.l
        10          0          0          0          0        116   fz_wm.l

    ----------------------------------------------------------------------
      1770         60          0          0        324       2112   Library Totals

    ----------------------------------------------------------------------

==============================================================================


      Code (inc. data)   RO Data    RW Data    ZI Data      Debug   

     49466      18456        978        196      28236    1016843   Grand Totals
     49466      18456        978        196      28236    1016843   ELF Image Totals
     49466      18456        978        196          0          0   ROM Totals

==============================================================================

    Total RO  Size (Code + RO Data)                50444 (  49.26kB)
    Total RW  Size (RW Data + ZI Data)             28432 (  27.77kB)
    Total ROM Size (Code + RO Data + RW Data)      50640 (  49.45kB)

==============================================================================

