<html>
<body>
<pre>
<h1>µVision Build Log</h1>
<h2>Tool Versions:</h2>
IDE-Version: ¦ÌVision V5.21.1.0
Copyright (C) 2016 ARM Ltd and ARM Germany GmbH. All rights reserved.
License Information:     Flex license: MDK-ARM Plus: 60 user(s) (mdk_std) Support: Jan 2018
 
Tool Versions:
Toolchain:       MDK-ARM Plus: 60 user(s)  Version: 5.21a
Toolchain Path:  d:\Keil_v5\ARM\ARMCC\Bin
C Compiler:      Armcc.exe V5.06 update 3 (build 300)
Assembler:       Armasm.exe V5.06 update 3 (build 300)
Linker/Locator:  ArmLink.exe V5.06 update 3 (build 300)
Library Manager: ArmAr.exe V5.06 update 3 (build 300)
Hex Converter:   FromElf.exe V5.06 update 3 (build 300)
CPU DLL:         SARMCM3.DLL V5.21a
Dialog DLL:      DCM.DLL V1.13.8.0
Target DLL:      Segger\JL2CM3.dll V2.99.23.0
Dialog DLL:      TCM.DLL V1.14.14.0
 
<h2>Project:</h2>
E:\ETH\ETH\MDK-ARM\ETH.uvprojx
Project File Date:  05/07/2022

<h2>Output:</h2>
*** Using Compiler 'V5.06 update 3 (build 300)', folder: 'd:\Keil_v5\ARM\ARMCC\Bin'
Build target 'ETH'
assembling startup_stm32f407xx.s...
compiling gpio.c...
compiling main.c...
compiling tcpclinet.c...
..\Core\Src\tcpclinet.c(90): warning:  #870-D: invalid multibyte character sequence
    printf("å®?æˆ?ç«?å¼€å§?è¿?æŽ?!\n");
..\Core\Src\tcpclinet.c: 1 warning, 0 errors
compiling usart.c...
compiling stm32f4xx_it.c...
compiling stm32f4xx_hal_msp.c...
compiling stm32f4xx_hal_eth.c...
compiling lwip.c...
compiling ethernetif.c...
compiling stm32f4xx_hal_flash.c...
compiling stm32f4xx_hal_rcc_ex.c...
compiling stm32f4xx_hal_rcc.c...
compiling stm32f4xx_hal_flash_ex.c...
compiling stm32f4xx_hal_gpio.c...
compiling stm32f4xx_hal_flash_ramfunc.c...
compiling stm32f4xx_hal_dma.c...
compiling stm32f4xx_hal_pwr.c...
compiling stm32f4xx_hal_dma_ex.c...
compiling stm32f4xx_hal_pwr_ex.c...
compiling stm32f4xx_hal.c...
compiling stm32f4xx_hal_cortex.c...
compiling stm32f4xx_hal_exti.c...
compiling stm32f4xx_hal_tim.c...
compiling stm32f4xx_hal_tim_ex.c...
compiling system_stm32f4xx.c...
compiling stm32f4xx_hal_uart.c...
compiling auth.c...
compiling ccp.c...
compiling chap-md5.c...
compiling chap_ms.c...
compiling demand.c...
compiling chap-new.c...
compiling eap.c...
compiling ipcp.c...
compiling fsm.c...
compiling eui64.c...
compiling magic.c...
compiling ipv6cp.c...
compiling lcp.c...
compiling ppp.c...
compiling multilink.c...
compiling mppe.c...
compiling pppoe.c...
compiling pppapi.c...
compiling pppcrypt.c...
compiling pppol2tp.c...
compiling pppos.c...
compiling upap.c...
compiling utils.c...
compiling vj.c...
compiling bridgeif.c...
compiling lowpan6.c...
compiling bridgeif_fdb.c...
compiling ethernet.c...
compiling lowpan6_ble.c...
compiling lowpan6_common.c...
compiling slipif.c...
compiling api_lib.c...
compiling ecp.c...
compiling zepif.c...
compiling err.c...
compiling api_msg.c...
compiling if_api.c...
compiling netdb.c...
compiling netbuf.c...
compiling netifapi.c...
compiling sockets.c...
compiling tcpip.c...
compiling altcp.c...
compiling altcp_tcp.c...
compiling altcp_alloc.c...
compiling def.c...
compiling dns.c...
compiling inet_chksum.c...
compiling init.c...
compiling mem.c...
compiling ip.c...
compiling memp.c...
compiling raw.c...
compiling netif.c...
compiling pbuf.c...
compiling stats.c...
compiling sys.c...
compiling tcp.c...
compiling timeouts.c...
compiling tcp_out.c...
compiling tcp_in.c...
compiling dhcp.c...
compiling udp.c...
compiling autoip.c...
compiling igmp.c...
compiling icmp.c...
compiling etharp.c...
compiling ip4_frag.c...
compiling ip4.c...
compiling ip4_addr.c...
compiling dhcp6.c...
compiling ethip6.c...
compiling icmp6.c...
compiling ip6.c...
compiling ip6_addr.c...
compiling inet6.c...
compiling nd6.c...
compiling ip6_frag.c...
compiling mld6.c...
compiling mqtt.c...
linking...
Program Size: Code=48250 RO-data=978 RW-data=196 ZI-data=28236  
FromELF: creating hex file...
"ETH\ETH.axf" - 0 Error(s), 1 Warning(s).

<h2>Software Packages used:</h2>

Package Vendor: ARM
                http://www.keil.com/pack/ARM.CMSIS.4.5.0.pack
                ARM::CMSIS:CORE:4.3.0
                CMSIS (Cortex Microcontroller Software Interface Standard)
   * Component: CORE Version: 4.3.0

<h2>Collection of Component include folders:</h2>
  E:\ETH\ETH\MDK-ARM\RTE
  d:\Keil_v5\ARM\PACK\ARM\CMSIS\4.5.0\CMSIS\Include
  d:\Keil_v5\ARM\PACK\Keil\STM32F4xx_DFP\2.13.0\Drivers\CMSIS\Device\ST\STM32F4xx\Include

<h2>Collection of Component Files used:</h2>

   * Component: ARM::CMSIS:CORE:4.3.0
Build Time Elapsed:  00:02:27
</pre>
</body>
</html>
